
==========
== CUDA ==
==========

CUDA Version 12.8.1

Container image Copyright (c) 2016-2023, NVIDIA CORPORATION & AFFILIATES. All rights reserved.

This container image and its contents are governed by the NVIDIA Deep Learning Container License.
By pulling and using the container, you accept the terms and conditions of this license:
https://developer.nvidia.com/ngc/nvidia-deep-learning-container-license

A copy of this license is made available in this container at /NGC-DL-CONTAINER-LICENSE for your convenience.

WARNING: The NVIDIA Driver was not detected.  GPU functionality will not be available.
   Use the NVIDIA Container Toolkit to start this container with GPU support; see
   https://docs.nvidia.com/datacenter/cloud-native/ .

/opt/RLinf/.venv/lib/python3.11/site-packages/hydra/_internal/defaults_list.py:251: UserWarning: In 'maniskill_rlt_stage2_ac_mlp': Defaults list is missing `_self_`. See https://hydra.cc/docs/1.2/upgrades/1.0_to_1.1/default_composition_order for more information
  warnings.warn(msg, UserWarning)
/opt/RLinf/.venv/lib/python3.11/site-packages/gymnasium/core.py:311: UserWarning: [33mWARN: env.xyz_configs to get variables from other wrappers is deprecated and will be removed in v1.0, to get this variable you can do `env.unwrapped.xyz_configs` for environment variables or `env.get_wrapper_attr('xyz_configs')` that will search the reminding wrappers.[0m
  logger.warn(
/opt/RLinf/.venv/lib/python3.11/site-packages/gymnasium/core.py:311: UserWarning: [33mWARN: env.xyz_configs to get variables from other wrappers is deprecated and will be removed in v1.0, to get this variable you can do `env.unwrapped.xyz_configs` for environment variables or `env.get_wrapper_attr('xyz_configs')` that will search the reminding wrappers.[0m
  logger.warn(
/opt/RLinf/.venv/lib/python3.11/site-packages/gymnasium/core.py:311: UserWarning: [33mWARN: env.xyz_configs to get variables from other wrappers is deprecated and will be removed in v1.0, to get this variable you can do `env.unwrapped.xyz_configs` for environment variables or `env.get_wrapper_attr('xyz_configs')` that will search the reminding wrappers.[0m
  logger.warn(
/opt/RLinf/.venv/lib/python3.11/site-packages/gymnasium/core.py:311: UserWarning: [33mWARN: env.xyz_configs to get variables from other wrappers is deprecated and will be removed in v1.0, to get this variable you can do `env.unwrapped.xyz_configs` for environment variables or `env.get_wrapper_attr('xyz_configs')` that will search the reminding wrappers.[0m
  logger.warn(
/opt/RLinf/.venv/lib/python3.11/site-packages/gymnasium/core.py:311: UserWarning: [33mWARN: env.xyz_configs to get variables from other wrappers is deprecated and will be removed in v1.0, to get this variable you can do `env.unwrapped.xyz_configs` for environment variables or `env.get_wrapper_attr('xyz_configs')` that will search the reminding wrappers.[0m
  logger.warn(
/opt/RLinf/.venv/lib/python3.11/site-packages/gymnasium/core.py:311: UserWarning: [33mWARN: env.xyz_configs to get variables from other wrappers is deprecated and will be removed in v1.0, to get this variable you can do `env.unwrapped.xyz_configs` for environment variables or `env.get_wrapper_attr('xyz_configs')` that will search the reminding wrappers.[0m
  logger.warn(
/opt/RLinf/.venv/lib/python3.11/site-packages/gymnasium/core.py:311: UserWarning: [33mWARN: env.xyz_configs to get variables from other wrappers is deprecated and will be removed in v1.0, to get this variable you can do `env.unwrapped.xyz_configs` for environment variables or `env.get_wrapper_attr('xyz_configs')` that will search the reminding wrappers.[0m
  logger.warn(
/opt/RLinf/.venv/lib/python3.11/site-packages/gymnasium/core.py:311: UserWarning: [33mWARN: env.xyz_configs to get variables from other wrappers is deprecated and will be removed in v1.0, to get this variable you can do `env.unwrapped.xyz_configs` for environment variables or `env.get_wrapper_attr('xyz_configs')` that will search the reminding wrappers.[0m
  logger.warn(
/opt/RLinf/.venv/lib/python3.11/site-packages/gymnasium/core.py:311: UserWarning: [33mWARN: env.xyz_configs to get variables from other wrappers is deprecated and will be removed in v1.0, to get this variable you can do `env.unwrapped.xyz_configs` for environment variables or `env.get_wrapper_attr('xyz_configs')` that will search the reminding wrappers.[0m
  logger.warn(
/opt/RLinf/.venv/lib/python3.11/site-packages/gymnasium/core.py:311: UserWarning: [33mWARN: env.xyz_configs to get variables from other wrappers is deprecated and will be removed in v1.0, to get this variable you can do `env.unwrapped.xyz_configs` for environment variables or `env.get_wrapper_attr('xyz_configs')` that will search the reminding wrappers.[0m
  logger.warn(
/opt/RLinf/.venv/lib/python3.11/site-packages/gymnasium/core.py:311: UserWarning: [33mWARN: env.xyz_configs to get variables from other wrappers is deprecated and will be removed in v1.0, to get this variable you can do `env.unwrapped.xyz_configs` for environment variables or `env.get_wrapper_attr('xyz_configs')` that will search the reminding wrappers.[0m
  logger.warn(
/opt/RLinf/.venv/lib/python3.11/site-packages/gymnasium/core.py:311: UserWarning: [33mWARN: env.xyz_configs to get variables from other wrappers is deprecated and will be removed in v1.0, to get this variable you can do `env.unwrapped.xyz_configs` for environment variables or `env.get_wrapper_attr('xyz_configs')` that will search the reminding wrappers.[0m
  logger.warn(
/opt/RLinf/.venv/lib/python3.11/site-packages/gymnasium/core.py:311: UserWarning: [33mWARN: env.xyz_configs to get variables from other wrappers is deprecated and will be removed in v1.0, to get this variable you can do `env.unwrapped.xyz_configs` for environment variables or `env.get_wrapper_attr('xyz_configs')` that will search the reminding wrappers.[0m
  logger.warn(
/opt/RLinf/.venv/lib/python3.11/site-packages/gymnasium/core.py:311: UserWarning: [33mWARN: env.xyz_configs to get variables from other wrappers is deprecated and will be removed in v1.0, to get this variable you can do `env.unwrapped.xyz_configs` for environment variables or `env.get_wrapper_attr('xyz_configs')` that will search the reminding wrappers.[0m
  logger.warn(
/opt/RLinf/.venv/lib/python3.11/site-packages/gymnasium/core.py:311: UserWarning: [33mWARN: env.xyz_configs to get variables from other wrappers is deprecated and will be removed in v1.0, to get this variable you can do `env.unwrapped.xyz_configs` for environment variables or `env.get_wrapper_attr('xyz_configs')` that will search the reminding wrappers.[0m
  logger.warn(
/opt/RLinf/.venv/lib/python3.11/site-packages/gymnasium/core.py:311: UserWarning: [33mWARN: env.xyz_configs to get variables from other wrappers is deprecated and will be removed in v1.0, to get this variable you can do `env.unwrapped.xyz_configs` for environment variables or `env.get_wrapper_attr('xyz_configs')` that will search the reminding wrappers.[0m
  logger.warn(
Traceback (most recent call last):
  File "/opt/enpire-no-outcome-probe.py", line 74, in <module>
    main()
  File "/opt/enpire-no-outcome-probe.py", line 61, in main
    "task": cfg.env.train.init_params.env_id,
            ^^^^^^^^^^^^^^^^^^^^^^^^^^^^^^^^
  File "/opt/RLinf/.venv/lib/python3.11/site-packages/omegaconf/dictconfig.py", line 359, in __getattr__
    self._format_and_raise(key=key, value=None, cause=e)
  File "/opt/RLinf/.venv/lib/python3.11/site-packages/omegaconf/base.py", line 231, in _format_and_raise
    format_and_raise(
  File "/opt/RLinf/.venv/lib/python3.11/site-packages/omegaconf/_utils.py", line 819, in format_and_raise
    _raise(ex, cause)
  File "/opt/RLinf/.venv/lib/python3.11/site-packages/omegaconf/_utils.py", line 797, in _raise
    raise ex.with_traceback(sys.exc_info()[2])  # set env var OC_CAUSE=1 for full trace
    ^^^^^^^^^^^^^^^^^^^^^^^^^^^^^^^^^^^^^^^^^^
  File "/opt/RLinf/.venv/lib/python3.11/site-packages/omegaconf/dictconfig.py", line 351, in __getattr__
    return self._get_impl(
           ^^^^^^^^^^^^^^^
  File "/opt/RLinf/.venv/lib/python3.11/site-packages/omegaconf/dictconfig.py", line 442, in _get_impl
    node = self._get_child(
           ^^^^^^^^^^^^^^^^
  File "/opt/RLinf/.venv/lib/python3.11/site-packages/omegaconf/basecontainer.py", line 73, in _get_child
    child = self._get_node(
            ^^^^^^^^^^^^^^^
  File "/opt/RLinf/.venv/lib/python3.11/site-packages/omegaconf/dictconfig.py", line 475, in _get_node
    self._validate_get(key)
  File "/opt/RLinf/.venv/lib/python3.11/site-packages/omegaconf/dictconfig.py", line 164, in _validate_get
    self._format_and_raise(
  File "/opt/RLinf/.venv/lib/python3.11/site-packages/omegaconf/base.py", line 231, in _format_and_raise
    format_and_raise(
  File "/opt/RLinf/.venv/lib/python3.11/site-packages/omegaconf/_utils.py", line 899, in format_and_raise
    _raise(ex, cause)
  File "/opt/RLinf/.venv/lib/python3.11/site-packages/omegaconf/_utils.py", line 797, in _raise
    raise ex.with_traceback(sys.exc_info()[2])  # set env var OC_CAUSE=1 for full trace
    ^^^^^^^^^^^^^^^^^^^^^^^^^^^^^^^^^^^^^^^^^^
omegaconf.errors.ConfigAttributeError: Key 'env_id' is not in struct
    full_key: env.train.init_params.env_id
    object_type=dict
