
╭──────────────────────────────────────────────────────────────────────────────────────────────────────────────────────╮
├──────────────────────────────────────────────────── Metric Table ────────────────────────────────────────────────────┤
│ Global Step:    1/1 │ Progress: ████████████████████████████████████████ │ 100.0%                                    │
│ Elapsed: 31:05 │ ETA: 00:00 │ Step Time: 1865.588s                                                                   │
├──────────────────────────────────────────────────────── Time ────────────────────────────────────────────────────────┤
│                                                                                                                      │
│actor/actor/compute_adv=4.75e-05       │actor/actor/recv_traj=377.2            │actor/actor/sync_model_to_rollout=0.7…│
│cal_adv_and_returns=0.0035             │env/compute_bootstrap_rewards=0.012    │env/env/bootstrap_step=0.258          │
│env/env/send_rollout_trajectories=0.597│env/env_interact_step=180.1            │env/interact=376.6                    │
│env/run_interact_once=376.6            │eval=1487.2                            │generate_rollouts=377.2               │
│rollout/generate_one_epoch=376.0       │rollout/rollout/generate=376.0         │step=1865.6                           │
│sync_weights=0.914                     │                                       │                                      │
│                                                                                                                      │
├──────────────────────────────────────────────────── Environment ─────────────────────────────────────────────────────┤
│                                                                                                                      │
│actor_switch_step=1.40625              │actor_switch_step_nonzero=1.40625      │entered_actor_phase_once=0.015625     │
│episode_len=500.0                      │num_trajectories=64                    │return=0.0                            │
│reward=0.0                             │success_once=0.0                       │                                      │
│                                                                                                                      │
├───────────────────────────────────────────────────── Evaluation ─────────────────────────────────────────────────────┤
│                                                                                                                      │
│actor_switch_step=1.953125             │actor_switch_step_nonzero=1.953125     │entered_actor_phase_once=0.03515625   │
│episode_len=498.2539                   │num_trajectories=256                   │return=0.00390625                     │
│reward=7.370283e-05                    │success_once=0.00390625                │                                      │
│                                                                                                                      │
├─────────────────────────────────────────────────── Replay Buffer ────────────────────────────────────────────────────┤
│                                                                                                                      │
│cache_size=41.000                      │num_trajectories=41.000                │total_samples=41.000                  │
│                                                                                                                      │
├─────────────────────────────────────────────────── Training/Other ───────────────────────────────────────────────────┤
│                                                                                                                      │
│replay/actor_switch_rate=0.0000        │replay/done_rate=0.0000                │replay/intervention_rate=0.0000       │
│replay/intervention_requested_rate=0.0…│replay/record_transition_rate=0.013    │replay/reward_mean=0.0000             │
│replay/reward_positive_rate=0.0000     │replay/transition_count=41.000         │rlt/actor_updates_run=0.0000          │
│rlt/critic_updates_run=0.0000          │rlt/desired_total_updates=0.0000       │rlt/global_min_replay_size=41.000     │
│rlt/global_total_transitions_added=41.…│rlt/global_transitions_since_train=41.…│rlt/max_updates_per_train_step=400.0  │
│rlt/min_replay_buffer_size=10000.0     │rlt/pending_update_budget=0.0000       │rlt/ready_for_online=0.0000           │
│rlt/should_train=0.0000                │rlt/skip_reason=1.000                  │rlt/train_every_episodes=0.0000       │
│rlt/train_every_transitions=5.000      │rlt/update_epoch=5.000                 │rlt/update_step=0.0000                │
│rlt/updates_scheduled=0.0000           │rlt/updates_to_run=0.0000              │rlt/warmup_required_updates=3.00e+04  │
│                                                                                                                      │
╰──────────────────────────────────────────────────────────────────────────────────────────────────────────────────────╯

