WARNING: All log messages before absl::InitializeLog() is called are written to STDERR
I0000 00:00:1784189800.671530   28081 port.cc:153] oneDNN custom operations are on. You may see slightly different numerical results due to floating-point round-off errors from different computation orders. To turn them off, set the environment variable `TF_ENABLE_ONEDNN_OPTS=0`.
I0000 00:00:1784189802.153915   28081 cpu_feature_guard.cc:227] This TensorFlow binary is optimized to use available CPU instructions in performance-critical operations.
To enable the following instructions: AVX2 AVX512F AVX512_VNNI AVX512_BF16 FMA, in other operations, rebuild TensorFlow with the appropriate compiler flags.
WARNING: All log messages before absl::InitializeLog() is called are written to STDERR
I0000 00:00:1784189813.239105   28081 port.cc:153] oneDNN custom operations are on. You may see slightly different numerical results due to floating-point round-off errors from different computation orders. To turn them off, set the environment variable `TF_ENABLE_ONEDNN_OPTS=0`.
INFO:matplotlib.font_manager:generated new fontManager
/workspace/qualia/RLinf/.venv/lib/python3.11/site-packages/hydra/_internal/defaults_list.py:262: UserWarning: In 'maniskill_rlt_stage2_ac_mlp': Defaults list is missing `_self_`. See https://hydra.cc/docs/1.2/upgrades/1.0_to_1.1/default_composition_order for more information
  warnings.warn(msg, UserWarning)
/workspace/qualia/RLinf/.venv/lib/python3.11/site-packages/hydra/_internal/hydra.py:161: UserWarning: Future Hydra versions will no longer change working directory at job runtime by default.
See https://hydra.cc/docs/1.2/upgrades/1.1_to_1.2/changes_to_job_working_dir/ for more information.
  ret = run_job(
2026-07-16 08:17:32,794	WARNING utils.py:469 -- Detecting docker specified CPUs. In previous versions of Ray, CPU detection in containers was incorrect. Please ensure that Ray has enough CPUs allocated. As a temporary workaround to revert to the prior behavior, set `RAY_USE_MULTIPROCESSING_CPU_COUNT=1` as an env var before starting Ray. Set the env var: `RAY_DISABLE_DOCKER_CPU_WARNING=1` to mute this warning.
2026-07-16 08:17:32,794	WARNING utils.py:481 -- Ray currently does not support initializing Ray with fractional cpus. Your num_cpus will be truncated from 13.6 to 13.
2026-07-16 08:17:38,176	INFO worker.py:2015 -- Started a local Ray instance. View the dashboard at [1m[32mhttp://127.0.0.1:8265 [39m[22m
[INFO 08:17:52 RLinf] RLinf is running on a cluster with 1 node and 1 accelerator. The nodes' details are:
node_labels: []
node_rank: 0
ray_id: f4d8320e2256f7c214020f6fa907315e90283fe16650b8ef9d7ce8e6
node_ip: 172.18.0.2
num_cpus: 13
python_interpreter_path: /workspace/qualia/RLinf/.venv/bin/python
hardware_resources:
- type: Accelerator
  infos:
  - type: Accelerator
    model: NV_GPU:L40S
profiler_backends: []

Node groups' details are:
label: cluster
nodes: '0'
hardware_type: Accelerator
ignore_hardware: false
env_configs: null

label: node
nodes: '0'
hardware_type: null
ignore_hardware: true
env_configs: null

[INFO 08:17:52 FlexiblePlacementStrategy]
[INFO 08:17:52 FlexiblePlacementStrategy] Using flexible placement with hardware ranks: [[0]], node groups: ['cluster'].
[INFO 08:17:52 FlexiblePlacementStrategy]
[INFO 08:17:52 FlexiblePlacementStrategy] Using flexible placement with hardware ranks: [[0]], node groups: ['cluster'].
[INFO 08:17:52 FlexiblePlacementStrategy]
[INFO 08:17:52 FlexiblePlacementStrategy] Using flexible placement with hardware ranks: [[0]], node groups: ['cluster'].
[INFO 08:17:52 FlexiblePlacementStrategy]
[INFO 08:17:52 FlexiblePlacementStrategy] Using flexible placement with hardware ranks: [[0]], node groups: ['cluster'].
[INFO 08:17:52 FlexiblePlacementStrategy]
[INFO 08:17:52 FlexiblePlacementStrategy] Using flexible placement with hardware ranks: [[0]], node groups: ['cluster'].
[INFO 08:17:52 FlexiblePlacementStrategy]
[INFO 08:17:52 FlexiblePlacementStrategy] Using flexible placement with hardware ranks: [[0]], node groups: ['cluster'].
{
  "env": {
    "train": {
      "env_type": "maniskill_rlt",
      "total_num_envs": 1,
      "wrap_obs_mode": "rlt_openpi_joint",
      "use_full_state": false,
      "auto_reset": false,
      "ignore_terminations": false,
      "use_rel_reward": false,
      "reward_mode": "only_success",
      "seed": 2026,
      "group_size": 1,
      "use_fixed_reset_state_ids": false,
      "max_steps_per_rollout_epoch": 20,
      "max_episode_steps": 20,
      "rlt_policy_switch": {
        "enable": true,
        "task_mode": "critical_phase",
        "trigger_mode": "always_on",
        "latch_until_done": true,
        "auto_gate": {
          "require_grasp": true,
          "require_not_success": true,
          "near_hole_x_min": -0.16,
          "near_hole_yz_margin": 1.5,
          "fallback_hole_radius": 0.03
        },
        "expert_takeover": {
          "enable": false,
          "trigger_mode": "stalled_progress",
          "gate": {
            "require_grasp": true,
            "require_not_success": true,
            "near_hole_x_min": -0.1,
            "near_hole_yz_margin": 2.0,
            "stuck_chunks_before_takeover": 3,
            "min_x_progress": 0.003,
            "min_yz_progress": 0.0015,
            "min_score_progress": 0.002,
            "progress_yz_weight": 1.0,
            "fallback_hole_radius": 0.03
          }
        }
      },
      "video_cfg": {
        "save_video": false,
        "info_on_video": true,
        "fps": 10,
        "record_every": 1,
        "video_base_dir": "/root/qualia-wrapper-runs/checkpoint-20260716c/run_000_baseline/video/train"
      },
      "enable_offload": false,
      "init_params": {
        "id": "PegInsertionSideWideClearance-v1",
        "num_envs": null,
        "obs_mode": "rgb",
        "control_mode": "pd_joint_delta_pos",
        "sim_backend": "gpu",
        "reward_mode": "sparse",
        "sim_config": {
          "sim_freq": 100,
          "control_freq": 10
        },
        "max_episode_steps": 20,
        "sensor_configs": {
          "shader_pack": "default",
          "width": 384,
          "height": 384
        },
        "render_mode": "all"
      },
      "rollout_epoch": 1,
      "action_dim": 8,
      "num_action_chunks": 10,
      "ref_num_action_chunks": 10
    },
    "eval": {
      "env_type": "maniskill_rlt",
      "total_num_envs": 1,
      "wrap_obs_mode": "rlt_openpi_joint",
      "use_full_state": false,
      "auto_reset": false,
      "ignore_terminations": false,
      "use_rel_reward": false,
      "reward_mode": "only_success",
      "seed": 2026,
      "group_size": 1,
      "use_fixed_reset_state_ids": true,
      "max_steps_per_rollout_epoch": 20,
      "max_episode_steps": 20,
      "rlt_policy_switch": {
        "enable": true,
        "task_mode": "critical_phase",
        "trigger_mode": "always_on",
        "latch_until_done": true,
        "auto_gate": {
          "require_grasp": true,
          "require_not_success": true,
          "near_hole_x_min": -0.16,
          "near_hole_yz_margin": 1.5,
          "fallback_hole_radius": 0.03
        },
        "expert_takeover": {
          "enable": false,
          "trigger_mode": "stalled_progress",
          "gate": {
            "require_grasp": true,
            "require_not_success": true,
            "near_hole_x_min": -0.1,
            "near_hole_yz_margin": 2.0,
            "stuck_chunks_before_takeover": 3,
            "min_x_progress": 0.003,
            "min_yz_progress": 0.0015,
            "min_score_progress": 0.002,
            "progress_yz_weight": 1.0,
            "fallback_hole_radius": 0.03
          }
        }
      },
      "video_cfg": {
        "save_video": false,
        "info_on_video": true,
        "fps": 10,
        "record_every": 1,
        "video_base_dir": "/root/qualia-wrapper-runs/checkpoint-20260716c/run_000_baseline/video/eval"
      },
      "enable_offload": false,
      "init_params": {
        "id": "PegInsertionSideWideClearance-v1",
        "num_envs": null,
        "obs_mode": "rgb",
        "control_mode": "pd_joint_delta_pos",
        "sim_backend": "gpu",
        "reward_mode": "sparse",
        "sim_config": {
          "sim_freq": 100,
          "control_freq": 10
        },
        "max_episode_steps": 20,
        "sensor_configs": {
          "shader_pack": "default",
          "width": 384,
          "height": 384
        },
        "render_mode": "all"
      },
      "rollout_epoch": 1,
      "policy_mode": "eval",
      "action_dim": 8,
      "num_action_chunks": 10,
      "ref_num_action_chunks": 10
    },
    "group_name": "EnvGroup"
  },
  "actor": {
    "fsdp_config": {
      "strategy": "fsdp",
      "sharding_strategy": "no_shard",
      "gradient_checkpointing": false,
      "cpu_offload": false,
      "offload_pin_memory": false,
      "reshard_after_forward": true,
      "enable_gradient_accumulation": true,
      "forward_prefetch": false,
      "limit_all_gathers": false,
      "backward_prefetch": null,
      "use_orig_params": false,
      "use_liger_kernel": false,
      "mixed_precision": {
        "param_dtype": "fp32",
        "reduce_dtype": "fp32",
        "buffer_dtype": "fp32"
      },
      "amp_autocast": {
        "enabled": false,
        "precision": "bf16"
      },
      "grad_scaler": {
        "enabled": false,
        "init_scale": null,
        "growth_interval": null
      }
    },
    "group_name": "ActorGroup",
    "training_backend": "fsdp",
    "micro_batch_size": 1,
    "global_batch_size": 1,
    "seed": 1234,
    "enable_offload": false,
    "model": {
      "model_type": "rlt_mlp_policy",
      "precision": "fp32",
      "policy_setup": "panda-qpos",
      "action_dim": 8,
      "num_action_chunks": 10,
      "ref_num_action_chunks": 10,
      "z_dim": 2048,
      "proprio_dim": 9,
      "add_value_head": false,
      "add_q_head": true,
      "q_head_type": "default",
      "fixed_std": 0.002,
      "is_lora": false,
      "lora_rank": 32
    },
    "optim": {
      "clip_grad": 10.0,
      "lr": 0.0001,
      "lr_scheduler": "torch_constant"
    },
    "critic_optim": {
      "clip_grad": 10.0,
      "lr": 0.0001,
      "lr_scheduler": "torch_constant"
    }
  },
  "weight_syncer": {
    "type": "patch",
    "patch": {
      "snapshot_device": "cpu",
      "delta_encoding": true,
      "compression": "none",
      "init_sync": {
        "enabled": true,
        "prefixes": null,
        "bucket_size": 134217728
      }
    }
  },
  "cluster": {
    "num_nodes": 1,
    "component_placement": {
      "actor": "0-0",
      "env": "all",
      "rollout": "all"
    }
  },
  "runner": {
    "task_type": "embodied",
    "logger": {
      "log_path": "/root/qualia-wrapper-runs/checkpoint-20260716c/run_000_baseline",
      "project_name": "rlinf",
      "experiment_name": "maniskill_rlt_stage2_ac_mlp",
      "logger_backends": null
    },
    "max_epochs": 5000,
    "max_steps": 1,
    "only_eval": false,
    "weight_sync_interval": 1,
    "val_check_interval": 1,
    "save_interval": -1,
    "resume_dir": null,
    "ckpt_path": null,
    "per_worker_log": false,
    "per_worker_log_path": null,
    "overlap_env_bootstrap": false
  },
  "algorithm": {
    "update_epoch": 1,
    "rlt_schedule": {
      "enable": true,
      "max_updates_per_train_step": 1,
      "warmup_min_size": 1,
      "warmup_post_collect_updates": 1,
      "train_every_episodes": 0,
      "train_every_transitions": 1
    },
    "group_size": 1,
    "adv_type": "embodied_sac",
    "loss_type": "rlt_ac",
    "loss_agg_func": "token-mean",
    "agg_q": "min",
    "actor_agg_q": "q1",
    "enable_drq": false,
    "q_head_type": "default",
    "bootstrap_type": "standard",
    "gamma": 0.96,
    "tau": 0.005,
    "q_weight": 1.0,
    "bc_weight": 1.0,
    "reference_dropout_prob": 0.5,
    "actor_weight_schedule": {
      "enable": false,
      "warmup_updates": 20000,
      "ramp_updates": 50000,
      "warmup_bc_weight": 7.0,
      "warmup_q_weight": 0.05,
      "online_bc_weight": 2.5,
      "online_q_weight": 0.45
    },
    "entropy_tuning": {
      "alpha_type": "fixed_alpha",
      "initial_alpha": 0.0,
      "optim": {
        "lr": 0.0003,
        "lr_scheduler": "torch_constant",
        "clip_grad": 10.0
      }
    },
    "replay_buffer": {
      "enable_cache": true,
      "cache_size": 10000,
      "sample_window_size": 50000,
      "max_num_samples": 50000,
      "min_buffer_size": 1,
      "auto_save": false
    },
    "target_update_freq": 1,
    "target_update_type": "all",
    "train_actor_steps": 1000,
    "critic_actor_ratio": 4,
    "critic_subsample_size": 0,
    "backup_entropy": false
  },
  "rollout": {
    "group_name": "RolloutGroup",
    "backend": "huggingface",
    "enable_offload": false,
    "pipeline_stage_num": 1,
    "collect_transitions": true,
    "collect_prev_infos": true,
    "model": {
      "model_type": "rlt_mlp_policy",
      "model_path": "",
      "precision": "fp32",
      "policy_setup": "panda-qpos",
      "action_dim": 8,
      "num_action_chunks": 10,
      "ref_num_action_chunks": 10,
      "z_dim": 2048,
      "proprio_dim": 9,
      "add_q_head": true,
      "q_head_type": "default",
      "fixed_std": 0.002,
      "is_lora": false,
      "lora_rank": 32
    },
    "rlt_feature_model": {
      "model_type": "openpi",
      "model_path": "/root/qualia-assets/pi05_base",
      "precision": null,
      "num_action_chunks": 10,
      "action_dim": 8,
      "add_value_head": false,
      "is_lora": false,
      "lora_rank": 32,
      "openpi_data": {
        "repo_id": "maniskill_peginsertionside_joint",
        "default_prompt": "insert the peg in the hole",
        "norm_stats_path": "/workspace/qualia/assets/maniskill_smoke/norm_stats.json"
      },
      "openpi": {
        "config_name": "pi05_rlt_maniskill_joint",
        "num_images_in_input": 2,
        "action_chunk": 10,
        "action_horizon": 10,
        "action_env_dim": 8,
        "num_steps": 5,
        "train_expert_only": false,
        "add_value_head": false,
        "detach_critic_input": true,
        "use_rlt": true,
        "rlt_alpha": 1.0,
        "rlt_input_dim": 2048,
        "rlt_embed_dim": 2048,
        "rlt_num_rl_tokens": 1,
        "rlt_prefix_seq_len": 1024,
        "rlt_num_layers": 2,
        "rlt_num_heads": 8,
        "rlt_mlp_ratio": 4.0,
        "rlt_encoder_type": "append_self_attention",
        "rlt_image_only": false,
        "rlt_use_mask": true
      }
    },
    "expert_model": null,
    "enable_torch_compile": false,
    "enable_cuda_graph": false
  },
  "reward": {
    "use_reward_model": false
  },
  "critic": {
    "use_critic_model": false
  }
}[INFO 08:17:52 FlexiblePlacementStrategy]
[INFO 08:17:52 FlexiblePlacementStrategy] Using flexible placement with hardware ranks: [[0]], node groups: ['cluster'].
[INFO 08:17:52 FlexiblePlacementStrategy]
[INFO 08:17:52 FlexiblePlacementStrategy] Using flexible placement with hardware ranks: [[0]], node groups: ['cluster'].
[INFO 08:17:52 FlexiblePlacementStrategy]
[INFO 08:17:52 FlexiblePlacementStrategy] Using flexible placement with hardware ranks: [[0]], node groups: ['cluster'].
[INFO 08:17:52 FlexiblePlacementStrategy] Generated 1 placements: [Placement(rank=0, cluster_node_rank=0, placement_node_rank=0, local_accelerator_rank=0, accelerator_type='NV_GPU', local_rank=0, local_world_size=1, visible_accelerators=['0'], isolate_accelerator=True, local_hardware_ranks=[0], node_group_label='cluster')].
[INFO 08:17:52 FlexiblePlacementStrategy] Generated 1 placements: [Placement(rank=0, cluster_node_rank=0, placement_node_rank=0, local_accelerator_rank=0, accelerator_type='NV_GPU', local_rank=0, local_world_size=1, visible_accelerators=['0'], isolate_accelerator=True, local_hardware_ranks=[0], node_group_label='cluster')].
[INFO 08:17:52 FlexiblePlacementStrategy] Generated 1 placements: [Placement(rank=0, cluster_node_rank=0, placement_node_rank=0, local_accelerator_rank=0, accelerator_type='NV_GPU', local_rank=0, local_world_size=1, visible_accelerators=['0'], isolate_accelerator=True, local_hardware_ranks=[0], node_group_label='cluster')].
[INFO 08:17:52 NodePlacementStrategy]
[INFO 08:17:52 NodePlacementStrategy] Using node placement with node ranks: [0], node groups: ['node'].
[INFO 08:17:52 NodePlacementStrategy] Generated 1 placements: [Placement(rank=0, cluster_node_rank=0, placement_node_rank=0, local_accelerator_rank='0', accelerator_type='NV_GPU', local_rank=0, local_world_size=1, visible_accelerators=['0'], isolate_accelerator=True, local_hardware_ranks=[], node_group_label='cluster')].
[INFO 08:17:52 NodePlacementStrategy]
[INFO 08:17:52 NodePlacementStrategy] Using node placement with node ranks: [0], node groups: ['node'].
[INFO 08:17:52 NodePlacementStrategy] Generated 1 placements: [Placement(rank=0, cluster_node_rank=0, placement_node_rank=0, local_accelerator_rank='0', accelerator_type='NV_GPU', local_rank=0, local_world_size=1, visible_accelerators=['0'], isolate_accelerator=True, local_hardware_ranks=[], node_group_label='cluster')].
[INFO 08:17:52 NodePlacementStrategy]
[INFO 08:17:52 NodePlacementStrategy] Using node placement with node ranks: [0], node groups: ['node'].
[INFO 08:17:52 NodePlacementStrategy] Generated 1 placements: [Placement(rank=0, cluster_node_rank=0, placement_node_rank=0, local_accelerator_rank='0', accelerator_type='NV_GPU', local_rank=0, local_world_size=1, visible_accelerators=['0'], isolate_accelerator=True, local_hardware_ranks=[], node_group_label='cluster')].
[36m(MultiStepRolloutWorker pid=29946)[0m [INFO 08:18:23 FlexiblePlacementStrategy]
[36m(MultiStepRolloutWorker pid=29946)[0m [INFO 08:18:23 FlexiblePlacementStrategy] Using flexible placement with hardware ranks: [[0]], node groups: ['cluster'].
[36m(MultiStepRolloutWorker pid=29946)[0m [INFO 08:18:23 FlexiblePlacementStrategy]
[36m(MultiStepRolloutWorker pid=29946)[0m [INFO 08:18:23 FlexiblePlacementStrategy] Using flexible placement with hardware ranks: [[0]], node groups: ['cluster'].
[36m(MultiStepRolloutWorker pid=29946)[0m [INFO 08:18:23 FlexiblePlacementStrategy]
[36m(MultiStepRolloutWorker pid=29946)[0m [INFO 08:18:23 FlexiblePlacementStrategy] Using flexible placement with hardware ranks: [[0]], node groups: ['cluster'].
[36m(pid=29948)[0m WARNING: All log messages before absl::InitializeLog() is called are written to STDERR
[36m(pid=29948)[0m I0000 00:00:1784189904.299552   29948 port.cc:153] oneDNN custom operations are on. You may see slightly different numerical results due to floating-point round-off errors from different computation orders. To turn them off, set the environment variable `TF_ENABLE_ONEDNN_OPTS=0`.
[36m(RLTACFSDPPolicy pid=29944)[0m [INFO 08:18:36 FlexiblePlacementStrategy]
[36m(RLTACFSDPPolicy pid=29944)[0m [INFO 08:18:36 FlexiblePlacementStrategy] Using flexible placement with hardware ranks: [[0]], node groups: ['cluster'].
[36m(RLTACFSDPPolicy pid=29944)[0m [INFO 08:18:36 FlexiblePlacementStrategy]
[36m(RLTACFSDPPolicy pid=29944)[0m [INFO 08:18:36 FlexiblePlacementStrategy] Using flexible placement with hardware ranks: [[0]], node groups: ['cluster'].
[36m(RLTACFSDPPolicy pid=29944)[0m [INFO 08:18:36 FlexiblePlacementStrategy]
[36m(RLTACFSDPPolicy pid=29944)[0m [INFO 08:18:36 FlexiblePlacementStrategy] Using flexible placement with hardware ranks: [[0]], node groups: ['cluster'].
[36m(pid=29948)[0m WARNING: All log messages before absl::InitializeLog() is called are written to STDERR
[36m(pid=29948)[0m I0000 00:00:1784189917.845189   29948 port.cc:153] oneDNN custom operations are on. You may see slightly different numerical results due to floating-point round-off errors from different computation orders. To turn them off, set the environment variable `TF_ENABLE_ONEDNN_OPTS=0`.
[36m(RolloutGroup(rank=0) pid=29946)[0m WARNING: All log messages before absl::InitializeLog() is called are written to STDERR
[36m(RolloutGroup(rank=0) pid=29946)[0m I0000 00:00:1784189924.042607   30673 port.cc:153] oneDNN custom operations are on. You may see slightly different numerical results due to floating-point round-off errors from different computation orders. To turn them off, set the environment variable `TF_ENABLE_ONEDNN_OPTS=0`.
[36m(EnvWorker pid=29948)[0m [INFO 08:18:46 FlexiblePlacementStrategy]
[36m(EnvWorker pid=29948)[0m [INFO 08:18:46 FlexiblePlacementStrategy] Using flexible placement with hardware ranks: [[0]], node groups: ['cluster'].
[36m(EnvWorker pid=29948)[0m [INFO 08:18:46 FlexiblePlacementStrategy]
[36m(EnvWorker pid=29948)[0m [INFO 08:18:46 FlexiblePlacementStrategy] Using flexible placement with hardware ranks: [[0]], node groups: ['cluster'].
[36m(EnvWorker pid=29948)[0m [INFO 08:18:46 FlexiblePlacementStrategy]
[36m(EnvWorker pid=29948)[0m [INFO 08:18:46 FlexiblePlacementStrategy] Using flexible placement with hardware ranks: [[0]], node groups: ['cluster'].
[36m(EnvGroup(rank=0) pid=29948)[0m /workspace/qualia/RLinf/.venv/lib/python3.11/site-packages/sapien/_vulkan_tricks.py:73: UserWarning: Failed to find Vulkan ICD file. This is probably due to an incorrect or partial installation of the NVIDIA driver. SAPIEN will attempt to provide an ICD file anyway but it may not work.
[36m(EnvGroup(rank=0) pid=29948)[0m   warn(
[36m(RolloutGroup(rank=0) pid=29946)[0m WARNING: All log messages before absl::InitializeLog() is called are written to STDERR
[36m(RolloutGroup(rank=0) pid=29946)[0m I0000 00:00:1784189931.893621   30673 port.cc:153] oneDNN custom operations are on. You may see slightly different numerical results due to floating-point round-off errors from different computation orders. To turn them off, set the environment variable `TF_ENABLE_ONEDNN_OPTS=0`.
[36m(RolloutGroup(rank=0) pid=29946)[0m INFO:datasets:PyTorch version 2.6.0 available.
[36m(RolloutGroup(rank=0) pid=29946)[0m INFO:datasets:Polars version 1.42.1 available.
[36m(RolloutGroup(rank=0) pid=29946)[0m INFO:datasets:TensorFlow version 2.21.0 available.
[36m(RolloutGroup(rank=0) pid=29946)[0m INFO:datasets:JAX version 0.5.3 available.
[36m(EnvGroup(rank=0) pid=29948)[0m /workspace/qualia/RLinf/.venv/lib/python3.11/site-packages/gymnasium/core.py:311: UserWarning: [33mWARN: env.xyz_configs to get variables from other wrappers is deprecated and will be removed in v1.0, to get this variable you can do `env.unwrapped.xyz_configs` for environment variables or `env.get_wrapper_attr('xyz_configs')` that will search the reminding wrappers.[0m
[36m(EnvGroup(rank=0) pid=29948)[0m   logger.warn(
[36m(RolloutGroup(rank=0) pid=29946)[0m INFO:root:Loaded norm stats from /workspace/qualia/assets/maniskill_smoke
[36m(RolloutGroup(rank=0) pid=29946)[0m
Generating Rollout Epochs:   0%|          | 0/1 [00:00<?, ?it/s]
[36m(RolloutGroup(rank=0) pid=29946)[0m
Generating Rollout Epochs: 100%|██████████| 1/1 [00:04<00:00,  4.40s/it]
Generating Rollout Epochs: 100%|██████████| 1/1 [00:04<00:00,  4.40s/it]
[36m(RolloutGroup(rank=0) pid=29946)[0m
Evaluating Rollout Epochs:   0%|          | 0/1 [00:00<?, ?it/s]
[36m(RolloutGroup(rank=0) pid=29946)[0m
Evaluating Rollout Epochs: 100%|██████████| 1/1 [00:02<00:00,  2.20s/it]
Evaluating Rollout Epochs: 100%|██████████| 1/1 [00:02<00:00,  2.20s/it]

[36m(RLTACFSDPPolicy pid=29944)[0m [INFO 08:18:36 ActorGroup-Rank-0][fsdp_model_manager.py:124] [FSDP] AMP is disabled.
[36m(ActorGroup(rank=0) pid=29944)[0m [INFO 08:20:33 ActorGroup-Rank-0][fsdp_sac_policy_worker.py:92] [FSDP] Gradient checkpointing is disabled
[36m(ActorGroup(rank=0) pid=29944)[0m [WARNING 08:20:33 ActorGroup-Rank-0][replay_buffer.py:263] auto_save is disabled, enabling cache with size 50000

╭──────────────────────────────────────────────────────────────────────────────────────────────────────────────────────╮
├──────────────────────────────────────────────────── Metric Table ────────────────────────────────────────────────────┤
│ Global Step:    1/1 │ Progress: ████████████████████████████████████████ │ 100.0%                                    │
│ Elapsed: 00:09 │ ETA: 00:00 │ Step Time: 9.849s                                                                      │
├──────────────────────────────────────────────────────── Time ────────────────────────────────────────────────────────┤
│                                                                                                                      │
│actor/actor/compute_adv=2.14e-05       │actor/actor/recv_traj=5.119            │actor/actor/sync_model_to_rollout=0.2…│
│actor/forward_actor=0.016              │actor/forward_critic=0.300             │actor/sample=0.0026                   │
│actor/update_one_epoch=0.597           │cal_adv_and_returns=0.0025             │env/compute_bootstrap_rewards=2.25e-04│
│env/env/bootstrap_step=1.042           │env/env/send_rollout_trajectories=0.591│env/env_interact_step=1.147           │
│env/interact=5.011                     │env/run_interact_once=5.011            │eval=3.304                            │
│generate_rollouts=5.165                │rollout/generate_one_epoch=4.403       │rollout/rollout/generate=4.405        │
│step=9.837                             │sync_weights=0.761                     │                                      │
│                                                                                                                      │
├──────────────────────────────────────────────────── Environment ─────────────────────────────────────────────────────┤
│                                                                                                                      │
│actor_switch_step=0.0                  │actor_switch_step_nonzero=0.0          │entered_actor_phase_once=1.0          │
│episode_len=20.0                       │num_trajectories=1                     │return=0.0                            │
│reward=0.0                             │success_once=0.0                       │                                      │
│                                                                                                                      │
├───────────────────────────────────────────────────── Evaluation ─────────────────────────────────────────────────────┤
│                                                                                                                      │
│actor_switch_step=0.0                  │actor_switch_step_nonzero=0.0          │entered_actor_phase_once=1.0          │
│episode_len=20.0                       │num_trajectories=1                     │return=0.0                            │
│reward=0.0                             │success_once=0.0                       │                                      │
│                                                                                                                      │
├─────────────────────────────────────────────────── Replay Buffer ────────────────────────────────────────────────────┤
│                                                                                                                      │
│cache_size=1.000                       │num_trajectories=1.000                 │total_samples=1.000                   │
│                                                                                                                      │
├─────────────────────────────────────────────────── Training/Actor ───────────────────────────────────────────────────┤
│                                                                                                                      │
│actor/action_ref_abs_mean=0.102        │actor/actor_weight_in_warmup=0.0000    │actor/actor_weight_ramp_progress=1.000│
│actor/actor_weight_schedule_enabled=0.…│actor/bc_human_loss=0.0000             │actor/bc_loss=0.064                   │
│actor/bc_ref_loss=0.064                │actor/bc_weight=1.000                  │actor/entropy=-390.0                  │
│actor/grad_norm=12.173                 │actor/human_mask_ratio=0.0000          │actor/lr=1.00e-04                     │
│actor/policy_mask_ratio=1.000          │actor/q_pi=0.183                       │actor/q_value_0=0.183                 │
│actor/q_value_1=-0.299                 │actor/q_weight=1.000                   │actor/reference_dropout_prob=0.500    │
│actor/weighted_bc=0.064                │actor/weighted_q=0.183                 │                                      │
│                                                                                                                      │
├────────────────────────────────────────────────── Training/Critic ───────────────────────────────────────────────────┤
│                                                                                                                      │
│critic/grad_norm=0.985                 │critic/lr=1.00e-04                     │critic/q_data=-0.0076                 │
│                                                                                                                      │
├─────────────────────────────────────────────────── Training/Other ───────────────────────────────────────────────────┤
│                                                                                                                      │
│alpha/grad_norm=0.0000                 │replay/actor_switch_rate=0.0000        │replay/done_rate=1.000                │
│replay/intervention_rate=0.0000        │replay/intervention_requested_rate=0.0…│replay/record_transition_rate=0.500   │
│replay/reward_mean=0.0000              │replay/reward_positive_rate=0.0000     │replay/transition_count=1.000         │
│rlt/actor_updates_run=1.000            │rlt/critic_updates_run=1.000           │rlt/desired_total_updates=1.000       │
│rlt/global_min_replay_size=1.000       │rlt/global_total_transitions_added=1.0…│rlt/global_transitions_since_train=1.…│
│rlt/max_updates_per_train_step=1.000   │rlt/min_replay_buffer_size=1.000       │rlt/pending_update_budget=0.0000      │
│rlt/ready_for_online=0.0000            │rlt/should_train=1.000                 │rlt/skip_reason=0.0000                │
│rlt/train_every_episodes=0.0000        │rlt/train_every_transitions=1.000      │rlt/update_epoch=1.000                │
│rlt/update_step=0.0000                 │rlt/updates_scheduled=1.000            │rlt/updates_to_run=1.000              │
│rlt/warmup_required_updates=1.000      │sac/actor_loss=-0.119                  │sac/alpha=0.0000                      │
│sac/alpha_loss=0.0000                  │sac/critic_loss=0.0035                 │                                      │
│                                                                                                                      │
╰──────────────────────────────────────────────────────────────────────────────────────────────────────────────────────╯
