
╭──────────────────────────────────────────────────────────────────────────────────────────────────────────────────────╮
├──────────────────────────────────────────────────── Metric Table ────────────────────────────────────────────────────┤
│ Global Step:    1/1 │ Progress: ████████████████████████████████████████ │ 100.0%                                    │
│ Elapsed: 29:32 │ ETA: 00:00 │ Step Time: 1772.487s                                                                   │
├──────────────────────────────────────────────────────── Time ────────────────────────────────────────────────────────┤
│                                                                                                                      │
│actor/actor/compute_adv=2.07e-05       │actor/actor/recv_traj=1765.6           │actor/actor/sync_model_to_rollout=1.9…│
│cal_adv_and_returns=0.0082             │env/compute_bootstrap_rewards=0.018    │env/env/bootstrap_step=5.001          │
│env/env/send_rollout_trajectories=0.424│env/env_interact_step=1599.4           │env/interact=1761.2                   │
│env/run_interact_once=1761.2           │generate_rollouts=1765.7               │rollout/generate_one_epoch=1760.8     │
│rollout/rollout/generate=1760.8        │step=1772.5                            │sync_weights=2.428                    │
│                                                                                                                      │
├──────────────────────────────────────────────────── Environment ─────────────────────────────────────────────────────┤
│                                                                                                                      │
│actor_switch_step=25.15625             │actor_switch_step_nonzero=25.15625     │entered_actor_phase_once=0.421875     │
│episode_len=438.48438                  │num_trajectories=64                    │return=0.171875                       │
│reward=0.0017072645                    │success_once=0.171875                  │                                      │
│                                                                                                                      │
├─────────────────────────────────────────────────── Replay Buffer ────────────────────────────────────────────────────┤
│                                                                                                                      │
│cache_size=481.0                       │num_trajectories=481.0                 │total_samples=481.0                   │
│                                                                                                                      │
├─────────────────────────────────────────────────── Training/Other ───────────────────────────────────────────────────┤
│                                                                                                                      │
│replay/actor_switch_rate=0.0000        │replay/done_rate=0.017                 │replay/intervention_rate=0.0000       │
│replay/intervention_requested_rate=0.0…│replay/record_transition_rate=0.250    │replay/reward_mean=0.017              │
│replay/reward_positive_rate=0.017      │replay/transition_count=481.0          │rlt/actor_updates_run=0.0000          │
│rlt/critic_updates_run=0.0000          │rlt/desired_total_updates=0.0000       │rlt/global_min_replay_size=481.0      │
│rlt/global_total_transitions_added=481…│rlt/global_transitions_since_train=481…│rlt/max_updates_per_train_step=400.0  │
│rlt/min_replay_buffer_size=10000.0     │rlt/pending_update_budget=0.0000       │rlt/ready_for_online=0.0000           │
│rlt/should_train=0.0000                │rlt/skip_reason=1.000                  │rlt/train_every_episodes=0.0000       │
│rlt/train_every_transitions=5.000      │rlt/update_epoch=5.000                 │rlt/update_step=0.0000                │
│rlt/updates_scheduled=0.0000           │rlt/updates_to_run=0.0000              │rlt/warmup_required_updates=3.00e+04  │
│                                                                                                                      │
╰──────────────────────────────────────────────────────────────────────────────────────────────────────────────────────╯

