/home/ubuntu/qualia/RLinf/.venv/lib/python3.11/site-packages/hydra/_internal/defaults_list.py:262: UserWarning: In 'maniskill_rlt_stage1_sft_openpi_pi05': Defaults list is missing `_self_`. See https://hydra.cc/docs/1.2/upgrades/1.0_to_1.1/default_composition_order for more information
  warnings.warn(msg, UserWarning)
/home/ubuntu/qualia/RLinf/.venv/lib/python3.11/site-packages/hydra/_internal/hydra.py:164: UserWarning: Future Hydra versions will no longer change working directory at job runtime by default.
See https://hydra.cc/docs/1.2/upgrades/1.1_to_1.2/changes_to_job_working_dir/ for more information.
  ret = run_job(
2026-08-03 13:04:17,843	INFO worker.py:2015 -- Started a local Ray instance. View the dashboard at [1m[32mhttp://127.0.0.1:8265 [39m[22m
[INFO 13:04:20 RLinf] RLinf is running on a cluster with 1 node and 1 accelerator. The nodes' details are: 
node_labels: []
node_rank: 0
ray_id: e7ea0bd6914fd286a70420e0c7c2d3559c6d9f3c5ad81630b8788375
node_ip: 10.19.24.8
num_cpus: 30
python_interpreter_path: /home/ubuntu/qualia/RLinf/.venv/bin/python
hardware_resources:
- type: Accelerator
  infos:
  - type: Accelerator
    model: NV_GPU:A100-SXM4-40GB
profiler_backends: []

Node groups' details are: 
label: cluster
nodes: '0'
hardware_type: Accelerator
ignore_hardware: false
env_configs: null

label: node
nodes: '0'
hardware_type: null
ignore_hardware: true
env_configs: null

[INFO 13:04:20 FlexiblePlacementStrategy] 
[INFO 13:04:20 FlexiblePlacementStrategy] Using flexible placement with hardware ranks: [[0]], node groups: ['cluster'].
{
  "actor": {
    "model": {
      "model_type": "openpi",
      "model_path": "/home/ubuntu/qualia/assets/pi05_base",
      "precision": null,
      "num_action_chunks": 10,
      "action_dim": 8,
      "is_lora": false,
      "lora_rank": 32,
      "use_proprio": true,
      "num_steps": 5,
      "add_value_head": false,
      "openpi": {
        "config_name": "pi05_rlt_maniskill_joint",
        "num_images_in_input": 2,
        "noise_level": 0.5,
        "action_chunk": 10,
        "num_steps": 5,
        "train_expert_only": false,
        "action_env_dim": 8,
        "noise_method": "flow_sde",
        "add_value_head": false,
        "value_after_vlm": false,
        "value_vlm_mode": "mean_token",
        "detach_critic_input": true,
        "action_horizon": 10,
        "use_rlt": true,
        "rlt_alpha": 1.0,
        "rlt_input_dim": 2048,
        "rlt_embed_dim": 2048,
        "rlt_num_rl_tokens": 1,
        "rlt_prefix_seq_len": 1024,
        "rlt_num_layers": 2,
        "rlt_num_heads": 8,
        "rlt_mlp_ratio": 4.0,
        "rlt_encoder_type": "append_self_attention",
        "rlt_image_only": false,
        "rlt_use_mask": true
      },
      "openpi_data": {
        "repo_id": "maniskill_peginsertionside_joint",
        "default_prompt": "insert the peg in the hole",
        "norm_stats_path": "/home/ubuntu/qualia/assets/maniskill_peginsertionside_joint/norm_stats.json"
      }
    },
    "fsdp_config": {
      "strategy": "fsdp",
      "sharding_strategy": "no_shard",
      "gradient_checkpointing": false,
      "cpu_offload": false,
      "offload_pin_memory": false,
      "reshard_after_forward": true,
      "enable_gradient_accumulation": true,
      "forward_prefetch": false,
      "limit_all_gathers": false,
      "backward_prefetch": null,
      "use_orig_params": false,
      "use_liger_kernel": false,
      "mixed_precision": {
        "param_dtype": null,
        "reduce_dtype": null,
        "buffer_dtype": null
      },
      "amp_autocast": {
        "enabled": false,
        "precision": "bf16"
      },
      "grad_scaler": {
        "enabled": false,
        "init_scale": null,
        "growth_interval": null
      }
    },
    "group_name": "ActorGroup",
    "training_backend": "fsdp",
    "micro_batch_size": 8,
    "global_batch_size": 8,
    "seed": 2026,
    "optim": {
      "lr": 2.5e-05,
      "value_lr": 0.000155,
      "adam_beta1": 0.9,
      "adam_beta2": 0.95,
      "adam_eps": 1e-08,
      "weight_decay": 1e-10,
      "clip_grad": 1.0,
      "total_training_steps": 6,
      "lr_warmup_steps": 500,
      "lr_scheduler": "cosine",
      "num_cycles": 0.5,
      "min_lr": 2.5e-06
    }
  },
  "cluster": {
    "num_nodes": 1,
    "component_placement": {
      "actor,env,rollout": "all"
    }
  },
  "runner": {
    "task_type": "sft",
    "logger": {
      "log_path": "/home/ubuntu/qualia/ENPIRE/results/d1/stage3-a100-pilot-20260803",
      "project_name": "qualia-rlt-d1",
      "experiment_name": "maniskill_rlt_stage1_sft_openpi_pi05",
      "logger_backends": [
        "wandb"
      ]
    },
    "max_epochs": -1,
    "max_steps": 6,
    "val_check_interval": -1,
    "save_interval": 5,
    "per_worker_log": false,
    "per_worker_log_path": null
  },
  "data": {
    "train_data_paths": [
      {
        "dataset_path": "/home/ubuntu/qualia/assets/maniskill_peginsertionside_joint",
        "weight": 1.0
      }
    ]
  },
  "reward": {
    "use_reward_model": false
  },
  "critic": {
    "use_critic_model": false
  }
}
[INFO 13:04:20 FlexiblePlacementStrategy] 
[INFO 13:04:20 FlexiblePlacementStrategy] Using flexible placement with hardware ranks: [[0]], node groups: ['cluster'].
[INFO 13:04:20 FlexiblePlacementStrategy] Generated 1 placements: [Placement(rank=0, cluster_node_rank=0, placement_node_rank=0, local_accelerator_rank=0, accelerator_type='NV_GPU', local_rank=0, local_world_size=1, visible_accelerators=['0'], isolate_accelerator=True, local_hardware_ranks=[0], node_group_label='cluster')].
[36m(FSDPVlaSftWorker pid=12128)[0m [INFO 13:04:27 FlexiblePlacementStrategy] 
[36m(FSDPVlaSftWorker pid=12128)[0m [INFO 13:04:27 FlexiblePlacementStrategy] Using flexible placement with hardware ranks: [[0]], node groups: ['cluster'].
[36m(FSDPVlaSftWorker pid=12128)[0m INFO:datasets:PyTorch version 2.6.0 available.
[36m(FSDPVlaSftWorker pid=12128)[0m INFO:datasets:Polars version 1.43.2 available.
[36m(FSDPVlaSftWorker pid=12128)[0m INFO:datasets:TensorFlow version 2.21.0 available.
[36m(FSDPVlaSftWorker pid=12128)[0m INFO:datasets:JAX version 0.5.3 available.
[36m(FSDPVlaSftWorker pid=12128)[0m INFO:root:Loaded norm stats from /home/ubuntu/qualia/assets/maniskill_peginsertionside_joint
[36m(FSDPVlaSftWorker pid=12128)[0m INFO:root:data_config: DataConfig(repo_id='/home/ubuntu/qualia/assets/maniskill_peginsertionside_joint', asset_id='maniskill_peginsertionside_joint', norm_stats={'state': NormStats(mean=array([-0.09765499,  0.60581845, -0.0281424 , -1.86967432,  0.02873164,
[36m(FSDPVlaSftWorker pid=12128)[0m         2.47049308, -0.96059084,  0.02660817,  0.02658811]), std=array([0.19002584, 0.19386964, 0.06936736, 0.28648713, 0.07150902,
[36m(FSDPVlaSftWorker pid=12128)[0m        0.13462402, 0.43239698, 0.01071707, 0.01073213]), q01=array([-0.49567956,  0.25627399, -0.20435829, -2.4130129 , -0.11827035,
[36m(FSDPVlaSftWorker pid=12128)[0m         2.16118431, -2.03872017,  0.01391668,  0.01388467]), q99=array([ 0.28865065,  1.105597  ,  0.11172209, -1.09861718,  0.22441286,
[36m(FSDPVlaSftWorker pid=12128)[0m         2.77971042, -0.1590509 ,  0.03999474,  0.03999474])), 'actions': NormStats(mean=array([ 0.08531349,  0.02405764,  0.01127904,  0.03656783, -0.00905097,
[36m(FSDPVlaSftWorker pid=12128)[0m         0.01098834,  0.09533079, -0.39062503]), std=array([0.27716812, 0.27337387, 0.09148014, 0.34915015, 0.10260999,
[36m(FSDPVlaSftWorker pid=12128)[0m        0.17985974, 0.47303045, 0.92054987]), q01=array([-0.58104796, -0.75376037, -0.31984209, -1.        , -0.37547388,
[36m(FSDPVlaSftWorker pid=12128)[0m        -0.5276632 , -1.        , -1.        ]), q99=array([0.70615329, 0.71232443, 0.29005074, 0.9668    , 0.29630415,
[36m(FSDPVlaSftWorker pid=12128)[0m        0.49221149, 0.9996    , 0.9996    ]))}, repack_transforms=Group(inputs=[RepackTransform(structure={'observation/image': 'image', 'observation/wrist_image': 'wrist_image', 'observation/state': 'state', 'actions': 'actions'})], outputs=()), data_transforms=Group(inputs=[ManiSkillInputs(model_type=<ModelType.PI05: 'pi05'>, use_wrist_image=True, default_prompt='insert the peg in the hole')], outputs=[ManiSkillOutputs(output_action_dim=8)]), model_transforms=Group(inputs=[InjectDefaultPrompt(prompt=None), ResizeImages(height=224, width=224), TokenizePrompt(tokenizer=<openpi.models.tokenizer.PaligemmaTokenizer object at 0x73e044b9a510>, discrete_state_input=True), PadStatesAndActions(model_action_dim=32)], outputs=()), use_quantile_norm=True, action_sequence_keys=('actions',), prompt_from_task=False, rlds_data_dir=None, action_space=None, filter_dict_path=None)
[36m(FSDPVlaSftWorker pid=12128)[0m 
Downloading data:   0%|          | 0/400 [00:00<?, ?files/s]
Downloading data: 100%|██████████| 400/400 [00:00<00:00, 18133.81files/s]
[36m(FSDPVlaSftWorker pid=12128)[0m 
Generating train split: 0 examples [00:00, ? examples/s]
[36m(FSDPVlaSftWorker pid=12128)[0m 
Generating train split: 202 examples [00:00, 1427.47 examples/s]
[36m(FSDPVlaSftWorker pid=12128)[0m 
Generating train split: 447 examples [00:00, 1607.15 examples/s]
[36m(FSDPVlaSftWorker pid=12128)[0m 
Generating train split: 726 examples [00:00, 1714.18 examples/s]
[36m(FSDPVlaSftWorker pid=12128)[0m 
Generating train split: 977 examples [00:00, 1870.10 examples/s]
[36m(FSDPVlaSftWorker pid=12128)[0m 
Generating train split: 1312 examples [00:00, 1962.45 examples/s]
[36m(FSDPVlaSftWorker pid=12128)[0m 
Generating train split: 1600 examples [00:00, 2025.92 examples/s]
[36m(FSDPVlaSftWorker pid=12128)[0m 
Generating train split: 1933 examples [00:01, 2015.27 examples/s]
[36m(FSDPVlaSftWorker pid=12128)[0m 
Generating train split: 2229 examples [00:01, 2031.19 examples/s]
[36m(FSDPVlaSftWorker pid=12128)[0m 
Generating train split: 2473 examples [00:01, 2059.75 examples/s]
[36m(FSDPVlaSftWorker pid=12128)[0m 
Generating train split: 2760 examples [00:01, 2118.48 examples/s]
[36m(FSDPVlaSftWorker pid=12128)[0m 
Generating train split: 3039 examples [00:01, 2136.05 examples/s]
[36m(FSDPVlaSftWorker pid=12128)[0m 
Generating train split: 3288 examples [00:01, 2178.71 examples/s]
[36m(FSDPVlaSftWorker pid=12128)[0m 
Generating train split: 3614 examples [00:01, 2174.91 examples/s]
[36m(FSDPVlaSftWorker pid=12128)[0m 
Generating train split: 3892 examples [00:01, 2211.10 examples/s]
[36m(FSDPVlaSftWorker pid=12128)[0m 
Generating train split: 4134 examples [00:02, 2224.25 examples/s]
[36m(FSDPVlaSftWorker pid=12128)[0m 
Generating train split: 4441 examples [00:02, 2155.06 examples/s]
[36m(FSDPVlaSftWorker pid=12128)[0m 
Generating train split: 4697 examples [00:02, 2200.75 examples/s]
[36m(FSDPVlaSftWorker pid=12128)[0m 
Generating train split: 5003 examples [00:02, 2225.67 examples/s]
[36m(FSDPVlaSftWorker pid=12128)[0m 
Generating train split: 5307 examples [00:02, 2209.91 examples/s]
[36m(FSDPVlaSftWorker pid=12128)[0m 
Generating train split: 5610 examples [00:02, 2234.56 examples/s]
[36m(FSDPVlaSftWorker pid=12128)[0m 
Generating train split: 5906 examples [00:02, 2223.13 examples/s]
[36m(FSDPVlaSftWorker pid=12128)[0m 
Generating train split: 6196 examples [00:02, 2215.51 examples/s]
[36m(FSDPVlaSftWorker pid=12128)[0m 
Generating train split: 6434 examples [00:03, 2161.72 examples/s]
[36m(FSDPVlaSftWorker pid=12128)[0m 
Generating train split: 6752 examples [00:03, 2151.90 examples/s]
[36m(FSDPVlaSftWorker pid=12128)[0m 
Generating train split: 7052 examples [00:03, 2168.78 examples/s]
[36m(FSDPVlaSftWorker pid=12128)[0m 
Generating train split: 7300 examples [00:03, 2201.77 examples/s]
[36m(FSDPVlaSftWorker pid=12128)[0m 
Generating train split: 7576 examples [00:03, 2196.24 examples/s]
[36m(FSDPVlaSftWorker pid=12128)[0m 
Generating train split: 7849 examples [00:03, 2204.95 examples/s]
[36m(FSDPVlaSftWorker pid=12128)[0m 
Generating train split: 8124 examples [00:03, 2194.70 examples/s]
[36m(FSDPVlaSftWorker pid=12128)[0m 
Generating train split: 8386 examples [00:03, 2195.01 examples/s]
[36m(FSDPVlaSftWorker pid=12128)[0m 
Generating train split: 8670 examples [00:04, 2148.32 examples/s]
[36m(FSDPVlaSftWorker pid=12128)[0m 
Generating train split: 8961 examples [00:04, 2135.26 examples/s]
[36m(FSDPVlaSftWorker pid=12128)[0m 
Generating train split: 9259 examples [00:04, 2154.54 examples/s]
[36m(FSDPVlaSftWorker pid=12128)[0m 
Generating train split: 9542 examples [00:04, 2161.89 examples/s]
[36m(FSDPVlaSftWorker pid=12128)[0m 
Generating train split: 9809 examples [00:04, 2183.92 examples/s]
[36m(FSDPVlaSftWorker pid=12128)[0m 
Generating train split: 10034 examples [00:04, 2156.97 examples/s]
[36m(FSDPVlaSftWorker pid=12128)[0m 
Generating train split: 10341 examples [00:04, 2173.11 examples/s]
[36m(FSDPVlaSftWorker pid=12128)[0m 
Generating train split: 10629 examples [00:04, 2225.62 examples/s]
[36m(FSDPVlaSftWorker pid=12128)[0m 
Generating train split: 10878 examples [00:05, 2159.08 examples/s]
[36m(FSDPVlaSftWorker pid=12128)[0m 
Generating train split: 11127 examples [00:05, 2166.48 examples/s]
[36m(FSDPVlaSftWorker pid=12128)[0m 
Generating train split: 11372 examples [00:05, 2079.04 examples/s]
[36m(FSDPVlaSftWorker pid=12128)[0m 
Generating train split: 11686 examples [00:05, 2094.33 examples/s]
[36m(FSDPVlaSftWorker pid=12128)[0m 
Generating train split: 11988 examples [00:05, 2152.01 examples/s]
[36m(FSDPVlaSftWorker pid=12128)[0m 
Generating train split: 12333 examples [00:05, 2162.11 examples/s]
[36m(FSDPVlaSftWorker pid=12128)[0m 
Generating train split: 12635 examples [00:05, 2183.40 examples/s]
[36m(FSDPVlaSftWorker pid=12128)[0m 
Generating train split: 12913 examples [00:06, 2198.30 examples/s]
[36m(FSDPVlaSftWorker pid=12128)[0m 
Generating train split: 13245 examples [00:06, 2068.63 examples/s]
[36m(FSDPVlaSftWorker pid=12128)[0m 
Generating train split: 13575 examples [00:06, 2116.29 examples/s]
[36m(FSDPVlaSftWorker pid=12128)[0m 
Generating train split: 13859 examples [00:06, 2134.08 examples/s]
[36m(FSDPVlaSftWorker pid=12128)[0m 
Generating train split: 14152 examples [00:06, 2162.85 examples/s]
[36m(FSDPVlaSftWorker pid=12128)[0m 
Generating train split: 14395 examples [00:06, 2196.19 examples/s]
[36m(FSDPVlaSftWorker pid=12128)[0m 
Generating train split: 14704 examples [00:06, 2246.24 examples/s]
[36m(FSDPVlaSftWorker pid=12128)[0m 
Generating train split: 14961 examples [00:06, 2254.72 examples/s]
[36m(FSDPVlaSftWorker pid=12128)[0m 
Generating train split: 15285 examples [00:07, 2183.98 examples/s]
[36m(FSDPVlaSftWorker pid=12128)[0m 
Generating train split: 15540 examples [00:07, 2167.84 examples/s]
[36m(FSDPVlaSftWorker pid=12128)[0m 
Generating train split: 15817 examples [00:07, 2156.44 examples/s]
[36m(FSDPVlaSftWorker pid=12128)[0m 
Generating train split: 16164 examples [00:07, 2184.64 examples/s]
[36m(FSDPVlaSftWorker pid=12128)[0m 
Generating train split: 16403 examples [00:07, 2179.80 examples/s]
[36m(FSDPVlaSftWorker pid=12128)[0m 
Generating train split: 16694 examples [00:07, 2212.08 examples/s]
[36m(FSDPVlaSftWorker pid=12128)[0m 
Generating train split: 16942 examples [00:07, 2220.95 examples/s]
[36m(FSDPVlaSftWorker pid=12128)[0m 
Generating train split: 17225 examples [00:08, 2218.13 examples/s]
[36m(FSDPVlaSftWorker pid=12128)[0m 
Generating train split: 17519 examples [00:08, 2158.50 examples/s]
[36m(FSDPVlaSftWorker pid=12128)[0m 
Generating train split: 17788 examples [00:08, 2125.22 examples/s]
[36m(FSDPVlaSftWorker pid=12128)[0m 
Generating train split: 18098 examples [00:08, 2140.59 examples/s]
[36m(FSDPVlaSftWorker pid=12128)[0m 
Generating train split: 18450 examples [00:08, 2158.93 examples/s]
[36m(FSDPVlaSftWorker pid=12128)[0m 
Generating train split: 18751 examples [00:08, 2196.77 examples/s]
[36m(FSDPVlaSftWorker pid=12128)[0m 
Generating train split: 19118 examples [00:08, 2173.58 examples/s]
[36m(FSDPVlaSftWorker pid=12128)[0m 
Generating train split: 19452 examples [00:09, 2129.75 examples/s]
[36m(FSDPVlaSftWorker pid=12128)[0m 
Generating train split: 19719 examples [00:09, 2043.17 examples/s]
[36m(FSDPVlaSftWorker pid=12128)[0m 
Generating train split: 20011 examples [00:09, 2048.90 examples/s]
[36m(FSDPVlaSftWorker pid=12128)[0m 
Generating train split: 20306 examples [00:09, 2087.79 examples/s]
[36m(FSDPVlaSftWorker pid=12128)[0m 
Generating train split: 20559 examples [00:09, 2110.82 examples/s]
[36m(FSDPVlaSftWorker pid=12128)[0m 
Generating train split: 20777 examples [00:09, 2051.37 examples/s]
[36m(FSDPVlaSftWorker pid=12128)[0m 
Generating train split: 21091 examples [00:09, 2127.54 examples/s]
[36m(FSDPVlaSftWorker pid=12128)[0m 
Generating train split: 21368 examples [00:09, 2132.70 examples/s]
[36m(FSDPVlaSftWorker pid=12128)[0m 
Generating train split: 21645 examples [00:10, 2200.65 examples/s]
[36m(FSDPVlaSftWorker pid=12128)[0m 
Generating train split: 21892 examples [00:10, 2093.61 examples/s]
[36m(FSDPVlaSftWorker pid=12128)[0m 
Generating train split: 22213 examples [00:10, 2018.14 examples/s]
[36m(FSDPVlaSftWorker pid=12128)[0m 
Generating train split: 22504 examples [00:10, 2078.70 examples/s]
[36m(FSDPVlaSftWorker pid=12128)[0m 
Generating train split: 22795 examples [00:10, 2110.13 examples/s]
[36m(FSDPVlaSftWorker pid=12128)[0m 
Generating train split: 23059 examples [00:10, 2143.62 examples/s]
[36m(FSDPVlaSftWorker pid=12128)[0m 
Generating train split: 23351 examples [00:10, 2183.51 examples/s]
[36m(FSDPVlaSftWorker pid=12128)[0m 
Generating train split: 23614 examples [00:11, 2186.27 examples/s]
[36m(FSDPVlaSftWorker pid=12128)[0m 
Generating train split: 23897 examples [00:11, 2204.77 examples/s]
[36m(FSDPVlaSftWorker pid=12128)[0m 
Generating train split: 24199 examples [00:11, 2113.89 examples/s]
[36m(FSDPVlaSftWorker pid=12128)[0m 
Generating train split: 24462 examples [00:11, 2117.04 examples/s]
[36m(FSDPVlaSftWorker pid=12128)[0m 
Generating train split: 24767 examples [00:11, 2123.04 examples/s]
[36m(FSDPVlaSftWorker pid=12128)[0m 
Generating train split: 25062 examples [00:11, 2154.36 examples/s]
[36m(FSDPVlaSftWorker pid=12128)[0m 
Generating train split: 25335 examples [00:11, 2154.53 examples/s]
[36m(FSDPVlaSftWorker pid=12128)[0m 
Generating train split: 25645 examples [00:11, 2163.01 examples/s]
[36m(FSDPVlaSftWorker pid=12128)[0m 
Generating train split: 25938 examples [00:12, 2184.34 examples/s]
[36m(FSDPVlaSftWorker pid=12128)[0m 
Generating train split: 26243 examples [00:12, 2073.19 examples/s]
[36m(FSDPVlaSftWorker pid=12128)[0m 
Generating train split: 26528 examples [00:12, 2093.68 examples/s]
[36m(FSDPVlaSftWorker pid=12128)[0m 
Generating train split: 26837 examples [00:12, 2122.19 examples/s]
[36m(FSDPVlaSftWorker pid=12128)[0m 
Generating train split: 27155 examples [00:12, 2144.00 examples/s]
[36m(FSDPVlaSftWorker pid=12128)[0m 
Generating train split: 27434 examples [00:12, 2180.82 examples/s]
[36m(FSDPVlaSftWorker pid=12128)[0m 
Generating train split: 27766 examples [00:12, 2171.53 examples/s]
[36m(FSDPVlaSftWorker pid=12128)[0m 
Generating train split: 28077 examples [00:13, 2183.54 examples/s]
[36m(FSDPVlaSftWorker pid=12128)[0m 
Generating train split: 28304 examples [00:13, 2133.25 examples/s]
[36m(FSDPVlaSftWorker pid=12128)[0m 
Generating train split: 28595 examples [00:13, 2139.68 examples/s]
[36m(FSDPVlaSftWorker pid=12128)[0m 
Generating train split: 28681 examples [00:13, 2138.81 examples/s]
[36m(FSDPVlaSftWorker pid=12128)[0m INFO:root:local_batch_size: 8
[36m(FSDPVlaSftWorker pid=12128)[0m INFO:2026-08-03 13:04:54,902:jax._src.xla_bridge:925: Unable to initialize backend 'rocm': module 'jaxlib.xla_extension' has no attribute 'GpuAllocatorConfig'
[36m(FSDPVlaSftWorker pid=12128)[0m INFO:jax._src.xla_bridge:Unable to initialize backend 'rocm': module 'jaxlib.xla_extension' has no attribute 'GpuAllocatorConfig'
[36m(FSDPVlaSftWorker pid=12128)[0m INFO:2026-08-03 13:04:54,903:jax._src.xla_bridge:925: Unable to initialize backend 'tpu': INTERNAL: Failed to open libtpu.so: libtpu.so: cannot open shared object file: No such file or directory
[36m(FSDPVlaSftWorker pid=12128)[0m INFO:jax._src.xla_bridge:Unable to initialize backend 'tpu': INTERNAL: Failed to open libtpu.so: libtpu.so: cannot open shared object file: No such file or directory
wandb: WARNING Using a boolean value for 'reinit' is deprecated. Use 'return_previous' or 'finish_previous' instead.
wandb: Tracking run with wandb version 0.25.0
wandb: W&B syncing is set to `offline` in this directory. Run `wandb online` or set WANDB_MODE=online to enable cloud syncing.
wandb: Run data is saved locally in /home/ubuntu/qualia/ENPIRE/results/d1/stage3-a100-pilot-20260803/wandb/wandb/offline-run-20260803_130456-qktozek5
[36m(ActorGroup(rank=0) pid=12128)[0m INFO:root:Loaded norm stats from /home/ubuntu/qualia/assets/maniskill_peginsertionside_joint
[36m(FSDPVlaSftWorker pid=12128)[0m [WARNING 13:04:26 ActorGroup-Rank-0][fsdp_model_manager.py:70] Provided there is sufficient GPU memory, set the actor.model.precision parameter to fp32 to allow the optimizer to run in fp32 for better convergence. Meanwhile, setting mixed_precision.param_dtype to 16-bit dtype can help maximize speed, as it will automatically convert fp32 to fp16 during operator execution.
[36m(FSDPVlaSftWorker pid=12128)[0m [INFO 13:04:27 ActorGroup-Rank-0][fsdp_model_manager.py:124] [FSDP] AMP is disabled.
[36m(ActorGroup(rank=0) pid=12128)[0m [INFO 13:06:27 ActorGroup-Rank-0][fsdp_model_manager.py:282] [FSDP] Gradient checkpointing is disabled

Global Step:   0%|                                                                                                                                                                                                                                                                                                                                                                                                                                                                                                                                                                                                                                                                                                                                                                                        | 0/6 [00:00<?, ?it/s][36m(ActorGroup(rank=0) pid=12128)[0m INFO:root:Disabled gradient checkpointing for PI0Pytorch model
[36m(ActorGroup(rank=0) pid=12128)[0m Forcing gradient checkpointing to be enabled for Gemma expert model
Exception occurred while running FSDPVlaSftWorker's function run_training: exception is [36mray::FSDPVlaSftWorker.run_training()[39m (pid=12128, ip=10.19.24.8, actor_id=41c9e5bd68c7d62d8b4ff02701000000, repr=ActorGroup(rank=0))
           ^^^^^^^^^^^^^^^^^^^^^^^^^^^^^^^^^^^^
           ^^^^^^^^^^^^^^^^^^^^^^^^^^^^^^^
  File "/home/ubuntu/qualia/RLinf/rlinf/scheduler/worker/worker.py", line 74, in sync_func
    return func(*args, **kwargs)
           ^^^^^^^^^^^^^^^^^^^^^
  File "/home/ubuntu/qualia/RLinf/rlinf/workers/sft/fsdp_sft_worker.py", line 162, in run_training
    loss, step_metrics = self.get_train_model_output(batch)
                         ^^^^^^^^^^^^^^^^^^^^^^^^^^^^^^^^^^
           ^^^^^^^^^^^^^^^^^^^^^^^^^^^^^^^
  File "/home/ubuntu/qualia/RLinf/rlinf/scheduler/worker/worker.py", line 74, in sync_func
    return func(*args, **kwargs)
           ^^^^^^^^^^^^^^^^^^^^^
  File "/home/ubuntu/qualia/RLinf/rlinf/workers/sft/fsdp_vla_sft_worker.py", line 87, in get_train_model_output
    output = self.model(forward_type=ForwardType.SFT, data=batch)
             ^^^^^^^^^^^^^^^^^^^^^^^^^^^^^^^^^^^^^^^^^^^^^^^^^^^^
  File "/home/ubuntu/qualia/RLinf/.venv/lib/python3.11/site-packages/torch/nn/modules/module.py", line 1739, in _wrapped_call_impl
    return self._call_impl(*args, **kwargs)
           ^^^^^^^^^^^^^^^^^^^^^^^^^^^^^^^^
  File "/home/ubuntu/qualia/RLinf/.venv/lib/python3.11/site-packages/torch/nn/modules/module.py", line 1750, in _call_impl
    return forward_call(*args, **kwargs)
           ^^^^^^^^^^^^^^^^^^^^^^^^^^^^^
  File "/home/ubuntu/qualia/RLinf/.venv/lib/python3.11/site-packages/torch/distributed/fsdp/fully_sharded_data_parallel.py", line 864, in forward
    output = self._fsdp_wrapped_module(*args, **kwargs)
             ^^^^^^^^^^^^^^^^^^^^^^^^^^^^^^^^^^^^^^^^^^
  File "/home/ubuntu/qualia/RLinf/.venv/lib/python3.11/site-packages/torch/nn/modules/module.py", line 1739, in _wrapped_call_impl
    return self._call_impl(*args, **kwargs)
           ^^^^^^^^^^^^^^^^^^^^^^^^^^^^^^^^
  File "/home/ubuntu/qualia/RLinf/.venv/lib/python3.11/site-packages/torch/nn/modules/module.py", line 1750, in _call_impl
    return forward_call(*args, **kwargs)
           ^^^^^^^^^^^^^^^^^^^^^^^^^^^^^
  File "/home/ubuntu/qualia/RLinf/rlinf/models/embodiment/openpi/openpi_action_model.py", line 356, in forward
    return self.sft_forward(**kwargs)
           ^^^^^^^^^^^^^^^^^^^^^^^^^^
  File "/home/ubuntu/qualia/RLinf/rlinf/models/embodiment/openpi/openpi_action_model.py", line 410, in sft_forward
    rlt_loss, _ = self.rlt_module(prefix_output, rlt_mask)
                  ^^^^^^^^^^^^^^^^^^^^^^^^^^^^^^^^^^^^^^^^
  File "/home/ubuntu/qualia/RLinf/.venv/lib/python3.11/site-packages/torch/nn/modules/module.py", line 1739, in _wrapped_call_impl
    return self._call_impl(*args, **kwargs)
           ^^^^^^^^^^^^^^^^^^^^^^^^^^^^^^^^
  File "/home/ubuntu/qualia/RLinf/.venv/lib/python3.11/site-packages/torch/nn/modules/module.py", line 1750, in _call_impl
    return forward_call(*args, **kwargs)
           ^^^^^^^^^^^^^^^^^^^^^^^^^^^^^
  File "/home/ubuntu/qualia/RLinf/rlinf/models/embodiment/modules/rlt_token_transformer.py", line 354, in forward
    return self.loss(prefix_embs, mask)
           ^^^^^^^^^^^^^^^^^^^^^^^^^^^^
  File "/home/ubuntu/qualia/RLinf/rlinf/models/embodiment/modules/rlt_token_transformer.py", line 334, in loss
    sq_error = torch.square(reconstructed - target)
                            ~~~~~~~~~~~~~~^~~~~~~~
torch.OutOfMemoryError: CUDA out of memory. Tried to allocate 62.00 MiB. GPU 0 has a total capacity of 39.49 GiB of which 51.56 MiB is free. Including non-PyTorch memory, this process has 39.44 GiB memory in use. Of the allocated memory 38.07 GiB is allocated by PyTorch, and 750.88 MiB is reserved by PyTorch but unallocated. If reserved but unallocated memory is large try setting PYTORCH_CUDA_ALLOC_CONF=expandable_segments:True to avoid fragmentation.  See documentation for Memory Management  (https://pytorch.org/docs/stable/notes/cuda.html#environment-variables)
Exiting main process due to a failure upon worker execution.

Global Step:   0%|                                                                                                                                                                                                                                                                                                                                                                                                                                                                                                                                                                                                                                                                                                                                                                                        | 0/6 [01:32<?, ?it/s]
wandb: You can sync this run to the cloud by running:
wandb: wandb sync /home/ubuntu/qualia/ENPIRE/results/d1/stage3-a100-pilot-20260803/wandb/wandb/offline-run-20260803_130456-qktozek5
wandb: Find logs at: /home/ubuntu/qualia/ENPIRE/results/d1/stage3-a100-pilot-20260803/wandb/wandb/offline-run-20260803_130456-qktozek5/logs
