
╭──────────────────────────────────────────────────────────────────────────────────────────────────────────────────────╮
├──────────────────────────────────────────────────── Metric Table ────────────────────────────────────────────────────┤
│ Global Step:    1/1 │ Progress: ████████████████████████████████████████ │ 100.0%                                    │
│ Elapsed: 27:05 │ ETA: 00:00 │ Step Time: 1625.407s                                                                   │
├──────────────────────────────────────────────────────── Time ────────────────────────────────────────────────────────┤
│                                                                                                                      │
│actor/actor/compute_adv=1.77e-05       │actor/actor/recv_traj=1618.5           │actor/actor/sync_model_to_rollout=2.3…│
│cal_adv_and_returns=0.0054             │env/compute_bootstrap_rewards=0.018    │env/env/bootstrap_step=4.455          │
│env/env/send_rollout_trajectories=0.437│env/env_interact_step=1459.3           │env/interact=1614.2                   │
│env/run_interact_once=1614.2           │generate_rollouts=1618.6               │rollout/generate_one_epoch=1613.8     │
│rollout/rollout/generate=1613.8        │step=1625.4                            │sync_weights=2.729                    │
│                                                                                                                      │
├──────────────────────────────────────────────────── Environment ─────────────────────────────────────────────────────┤
│                                                                                                                      │
│actor_switch_step=27.1875              │actor_switch_step_nonzero=27.1875      │entered_actor_phase_once=0.484375     │
│episode_len=415.82812                  │num_trajectories=64                    │return=0.21875                        │
│reward=0.002402556                     │success_once=0.21875                   │                                      │
│                                                                                                                      │
├─────────────────────────────────────────────────── Replay Buffer ────────────────────────────────────────────────────┤
│                                                                                                                      │
│cache_size=464.0                       │num_trajectories=464.0                 │total_samples=464.0                   │
│                                                                                                                      │
├─────────────────────────────────────────────────── Training/Other ───────────────────────────────────────────────────┤
│                                                                                                                      │
│replay/actor_switch_rate=0.0000        │replay/done_rate=0.019                 │replay/intervention_rate=0.0000       │
│replay/intervention_requested_rate=0.0…│replay/record_transition_rate=0.263    │replay/reward_mean=0.019              │
│replay/reward_positive_rate=0.019      │replay/transition_count=464.0          │rlt/actor_updates_run=0.0000          │
│rlt/critic_updates_run=0.0000          │rlt/desired_total_updates=0.0000       │rlt/global_min_replay_size=464.0      │
│rlt/global_total_transitions_added=464…│rlt/global_transitions_since_train=464…│rlt/max_updates_per_train_step=400.0  │
│rlt/min_replay_buffer_size=10000.0     │rlt/pending_update_budget=0.0000       │rlt/ready_for_online=0.0000           │
│rlt/should_train=0.0000                │rlt/skip_reason=1.000                  │rlt/train_every_episodes=0.0000       │
│rlt/train_every_transitions=5.000      │rlt/update_epoch=5.000                 │rlt/update_step=0.0000                │
│rlt/updates_scheduled=0.0000           │rlt/updates_to_run=0.0000              │rlt/warmup_required_updates=3.00e+04  │
│                                                                                                                      │
╰──────────────────────────────────────────────────────────────────────────────────────────────────────────────────────╯

