
==========
== CUDA ==
==========

CUDA Version 12.8.1

Container image Copyright (c) 2016-2023, NVIDIA CORPORATION & AFFILIATES. All rights reserved.

This container image and its contents are governed by the NVIDIA Deep Learning Container License.
By pulling and using the container, you accept the terms and conditions of this license:
https://developer.nvidia.com/ngc/nvidia-deep-learning-container-license

A copy of this license is made available in this container at /NGC-DL-CONTAINER-LICENSE for your convenience.

2026-09-08 21:42:56,418	INFO usage_lib.py:448 -- Usage stats collection is disabled.
2026-09-08 21:42:56,418	INFO scripts.py:1042 -- [37mLocal node IP[39m: [1m172.29.150.124[22m
2026-09-08 21:43:01,061	SUCC scripts.py:1081 -- [32m--------------------[39m
2026-09-08 21:43:01,061	SUCC scripts.py:1082 -- [32mRay runtime started.[39m
2026-09-08 21:43:01,062	SUCC scripts.py:1083 -- [32m--------------------[39m
2026-09-08 21:43:01,062	INFO scripts.py:1085 -- [36mNext steps[39m
2026-09-08 21:43:01,062	INFO cli_output_helpers.py:16 -- [2mNote: The following commands are intended for use on[22m
2026-09-08 21:43:01,062	INFO cli_output_helpers.py:17 -- [2mthe head node or within the cluster network.[22m
2026-09-08 21:43:01,063	INFO scripts.py:1089 -- To add another node to this Ray cluster, run
2026-09-08 21:43:01,063	INFO scripts.py:1092 -- [1m  ray start --address='172.29.150.124:6379'[22m
2026-09-08 21:43:01,063	INFO scripts.py:1103 -- To connect to this Ray cluster:
2026-09-08 21:43:01,063	INFO scripts.py:1105 -- [35mimport[39m[26m ray
2026-09-08 21:43:01,063	INFO scripts.py:1106 -- ray[35m.[39m[26minit()
2026-09-08 21:43:01,063	INFO scripts.py:1139 -- To terminate the Ray runtime, run
2026-09-08 21:43:01,064	INFO scripts.py:1140 -- [1m  ray stop[22m
2026-09-08 21:43:01,064	INFO scripts.py:1143 -- To view the status of the cluster, use
2026-09-08 21:43:01,064	INFO scripts.py:1144 --   [1mray status[22m[26m

No cluster status. It may take a few seconds for the Ray internal services to start up.
WARNING: All log messages before absl::InitializeLog() is called are written to STDERR
I0000 00:00:1788903793.385811     512 port.cc:153] oneDNN custom operations are on. You may see slightly different numerical results due to floating-point round-off errors from different computation orders. To turn them off, set the environment variable `TF_ENABLE_ONEDNN_OPTS=0`.
I0000 00:00:1788903793.457750     512 cpu_feature_guard.cc:227] This TensorFlow binary is optimized to use available CPU instructions in performance-critical operations.
To enable the following instructions: AVX2 AVX512F AVX512_VNNI AVX512_BF16 AVX512_FP16 AVX_VNNI FMA, in other operations, rebuild TensorFlow with the appropriate compiler flags.
WARNING: All log messages before absl::InitializeLog() is called are written to STDERR
I0000 00:00:1788903798.758602     512 port.cc:153] oneDNN custom operations are on. You may see slightly different numerical results due to floating-point round-off errors from different computation orders. To turn them off, set the environment variable `TF_ENABLE_ONEDNN_OPTS=0`.
/opt/RLinf/.venv/lib/python3.11/site-packages/hydra/_internal/defaults_list.py:251: UserWarning: In 'maniskill_rlt_stage2_ac_mlp': Defaults list is missing `_self_`. See https://hydra.cc/docs/1.2/upgrades/1.0_to_1.1/default_composition_order for more information
  warnings.warn(msg, UserWarning)
/opt/RLinf/.venv/lib/python3.11/site-packages/hydra/_internal/hydra.py:119: UserWarning: Future Hydra versions will no longer change working directory at job runtime by default.
See https://hydra.cc/docs/1.2/upgrades/1.1_to_1.2/changes_to_job_working_dir/ for more information.
  ret = run_job(
2026-09-08 21:43:22,543	INFO worker.py:1833 -- Connecting to existing Ray cluster at address: 172.29.150.124:6379...
2026-09-08 21:43:22,559	INFO worker.py:2024 -- Connected to Ray cluster.
[INFO 21:43:24 RLinf] RLinf is running on a cluster with 1 node and 1 accelerator. The nodes' details are: 
node_labels: []
node_rank: 0
ray_id: 9809ed993ac728b599c823a1e07eb98ac7b2af9a12465adac57348a7
node_ip: 172.29.150.124
num_cpus: 16
python_interpreter_path: /opt/RLinf/.venv/bin/python
hardware_resources:
- type: Accelerator
  infos:
  - type: Accelerator
    model: NV_GPU:H100 PCIe
profiler_backends: []

Node groups' details are: 
label: cluster
nodes: '0'
hardware_type: Accelerator
ignore_hardware: false
env_configs: null

label: node
nodes: '0'
hardware_type: null
ignore_hardware: true
env_configs: null

[36m(_RemoteNodeProbe pid=672)[0m /opt/RLinf/rlinf/scheduler/cluster/node.py:532: UserWarning: Python interpreter used to launch Ray on node with IP 172.29.150.124 is different from that on the head node /opt/RLinf/.venv/bin/python. Keep using the current interpreter /opt/RLinf/.venv/bin/python3 on this node.
[36m(_RemoteNodeProbe pid=672)[0m   warnings.warn(
[INFO 21:43:25 FlexiblePlacementStrategy] 
[INFO 21:43:25 FlexiblePlacementStrategy] Using flexible placement with hardware ranks: [[0]], node groups: ['cluster'].
[INFO 21:43:25 FlexiblePlacementStrategy] 
[INFO 21:43:25 FlexiblePlacementStrategy] Using flexible placement with hardware ranks: [[0]], node groups: ['cluster'].
[INFO 21:43:25 FlexiblePlacementStrategy] 
[INFO 21:43:25 FlexiblePlacementStrategy] Using flexible placement with hardware ranks: [[0]], node groups: ['cluster'].
[INFO 21:43:25 FlexiblePlacementStrategy] 
[INFO 21:43:25 FlexiblePlacementStrategy] Using flexible placement with hardware ranks: [[0]], node groups: ['cluster'].
[INFO 21:43:25 FlexiblePlacementStrategy] 
[INFO 21:43:25 FlexiblePlacementStrategy] Using flexible placement with hardware ranks: [[0]], node groups: ['cluster'].
[INFO 21:43:25 FlexiblePlacementStrategy] 
[INFO 21:43:25 FlexiblePlacementStrategy] Using flexible placement with hardware ranks: [[0]], node groups: ['cluster'].
{
  "env": {
    "train": {
      "env_type": "maniskill_rlt",
      "total_num_envs": 16,
      "wrap_obs_mode": "rlt_openpi_joint",
      "use_full_state": false,
      "auto_reset": false,
      "ignore_terminations": false,
      "use_rel_reward": false,
      "reward_mode": "only_success",
      "seed": 2026,
      "group_size": 1,
      "use_fixed_reset_state_ids": false,
      "max_steps_per_rollout_epoch": 500,
      "max_episode_steps": 500,
      "rlt_policy_switch": {
        "enable": true,
        "task_mode": "full_task",
        "trigger_mode": "auto",
        "latch_until_done": true,
        "auto_gate": {
          "require_grasp": true,
          "require_not_success": true,
          "near_hole_x_min": -0.16,
          "near_hole_yz_margin": 1.5,
          "fallback_hole_radius": 0.03
        },
        "expert_takeover": {
          "enable": false,
          "trigger_mode": "stalled_progress",
          "gate": {
            "require_grasp": true,
            "require_not_success": true,
            "near_hole_x_min": -0.1,
            "near_hole_yz_margin": 2.0,
            "stuck_chunks_before_takeover": 3,
            "min_x_progress": 0.003,
            "min_yz_progress": 0.0015,
            "min_score_progress": 0.002,
            "progress_yz_weight": 1.0,
            "fallback_hole_radius": 0.03
          }
        }
      },
      "video_cfg": {
        "save_video": false,
        "info_on_video": true,
        "fps": 10,
        "record_every": 1,
        "video_base_dir": "/workspace/results/d1/f2-h100-pcie-control-seed2026-attempt3/video/train"
      },
      "enable_offload": false,
      "init_params": {
        "id": "PegInsertionSideWideClearance-v1",
        "num_envs": null,
        "obs_mode": "rgb",
        "control_mode": "pd_joint_delta_pos",
        "sim_backend": "cpu",
        "reward_mode": "sparse",
        "sim_config": {
          "sim_freq": 100,
          "control_freq": 10
        },
        "max_episode_steps": 500,
        "sensor_configs": {
          "shader_pack": "default",
          "width": 384,
          "height": 384
        },
        "render_mode": "all",
        "render_backend": "pci:0000:00:00.0"
      },
      "rollout_epoch": 4,
      "action_dim": 8,
      "num_action_chunks": 10,
      "ref_num_action_chunks": 10
    },
    "eval": {
      "env_type": "maniskill_rlt",
      "total_num_envs": 16,
      "wrap_obs_mode": "rlt_openpi_joint",
      "use_full_state": false,
      "auto_reset": false,
      "ignore_terminations": false,
      "use_rel_reward": false,
      "reward_mode": "only_success",
      "seed": 2026,
      "group_size": 1,
      "use_fixed_reset_state_ids": true,
      "max_steps_per_rollout_epoch": 500,
      "max_episode_steps": 500,
      "rlt_policy_switch": {
        "enable": true,
        "task_mode": "full_task",
        "trigger_mode": "auto",
        "latch_until_done": true,
        "auto_gate": {
          "require_grasp": true,
          "require_not_success": true,
          "near_hole_x_min": -0.16,
          "near_hole_yz_margin": 1.5,
          "fallback_hole_radius": 0.03
        },
        "expert_takeover": {
          "enable": false,
          "trigger_mode": "stalled_progress",
          "gate": {
            "require_grasp": true,
            "require_not_success": true,
            "near_hole_x_min": -0.1,
            "near_hole_yz_margin": 2.0,
            "stuck_chunks_before_takeover": 3,
            "min_x_progress": 0.003,
            "min_yz_progress": 0.0015,
            "min_score_progress": 0.002,
            "progress_yz_weight": 1.0,
            "fallback_hole_radius": 0.03
          }
        }
      },
      "video_cfg": {
        "save_video": false,
        "info_on_video": true,
        "fps": 10,
        "record_every": 1,
        "video_base_dir": "/workspace/results/d1/f2-h100-pcie-control-seed2026-attempt3/video/eval"
      },
      "enable_offload": false,
      "init_params": {
        "id": "PegInsertionSideWideClearance-v1",
        "num_envs": null,
        "obs_mode": "rgb",
        "control_mode": "pd_joint_delta_pos",
        "sim_backend": "cpu",
        "reward_mode": "sparse",
        "sim_config": {
          "sim_freq": 100,
          "control_freq": 10
        },
        "max_episode_steps": 500,
        "sensor_configs": {
          "shader_pack": "default",
          "width": 384,
          "height": 384
        },
        "render_mode": "all",
        "render_backend": "pci:0000:00:00.0"
      },
      "rollout_epoch": 16,
      "policy_mode": "eval",
      "action_dim": 8,
      "num_action_chunks": 10,
      "ref_num_action_chunks": 10
    },
    "group_name": "EnvGroup"
  },
  "actor": {
    "fsdp_config": {
      "strategy": "fsdp",
      "sharding_strategy": "no_shard",
      "gradient_checkpointing": false,
      "cpu_offload": false,
      "offload_pin_memory": false,
      "reshard_after_forward": true,
      "enable_gradient_accumulation": true,
      "forward_prefetch": false,
      "limit_all_gathers": false,
      "backward_prefetch": null,
      "use_orig_params": false,
      "use_liger_kernel": false,
      "mixed_precision": {
        "param_dtype": "fp32",
        "reduce_dtype": "fp32",
        "buffer_dtype": "fp32"
      },
      "amp_autocast": {
        "enabled": false,
        "precision": "bf16"
      },
      "grad_scaler": {
        "enabled": false,
        "init_scale": null,
        "growth_interval": null
      }
    },
    "group_name": "ActorGroup",
    "training_backend": "fsdp",
    "micro_batch_size": 128,
    "global_batch_size": 512,
    "seed": 2026,
    "enable_offload": false,
    "model": {
      "model_type": "rlt_mlp_policy",
      "precision": "fp32",
      "policy_setup": "panda-qpos",
      "action_dim": 8,
      "num_action_chunks": 10,
      "ref_num_action_chunks": 10,
      "z_dim": 2048,
      "proprio_dim": 9,
      "add_value_head": false,
      "add_q_head": true,
      "q_head_type": "default",
      "fixed_std": 0.002,
      "is_lora": false,
      "lora_rank": 32
    },
    "optim": {
      "clip_grad": 10.0,
      "lr": 0.0001,
      "lr_scheduler": "torch_constant"
    },
    "critic_optim": {
      "clip_grad": 10.0,
      "lr": 0.0001,
      "lr_scheduler": "torch_constant"
    }
  },
  "weight_syncer": {
    "type": "patch",
    "patch": {
      "snapshot_device": "cpu",
      "delta_encoding": true,
      "compression": "none",
      "init_sync": {
        "enabled": true,
        "prefixes": null,
        "bucket_size": 134217728
      },
      "transport_device": "cpu"
    }
  },
  "cluster": {
    "num_nodes": 1,
    "component_placement": {
      "actor": "0-0",
      "env": "all",
      "rollout": "all"
    }
  },
  "runner": {
    "task_type": "embodied",
    "logger": {
      "log_path": "/workspace/results/d1/f2-h100-pcie-control-seed2026-attempt3",
      "project_name": "qualia-rlt-d1",
      "experiment_name": "maniskill_rlt_stage2_ac_mlp",
      "logger_backends": [
        "wandb"
      ]
    },
    "max_epochs": 5000,
    "max_steps": 1,
    "only_eval": false,
    "weight_sync_interval": 1,
    "val_check_interval": -1,
    "save_interval": 1,
    "resume_dir": null,
    "ckpt_path": null,
    "per_worker_log": false,
    "per_worker_log_path": null,
    "overlap_env_bootstrap": false
  },
  "algorithm": {
    "update_epoch": 5,
    "rlt_schedule": {
      "enable": true,
      "max_updates_per_train_step": 400,
      "warmup_min_size": 10000,
      "warmup_post_collect_updates": 30000,
      "train_every_episodes": 0,
      "train_every_transitions": 5
    },
    "group_size": 1,
    "adv_type": "embodied_sac",
    "loss_type": "rlt_ac",
    "loss_agg_func": "token-mean",
    "agg_q": "min",
    "actor_agg_q": "q1",
    "enable_drq": false,
    "q_head_type": "default",
    "bootstrap_type": "standard",
    "gamma": 0.96,
    "tau": 0.005,
    "q_weight": 1.0,
    "bc_weight": 1.0,
    "reference_dropout_prob": 0.5,
    "actor_weight_schedule": {
      "enable": true,
      "warmup_updates": 20000,
      "ramp_updates": 50000,
      "warmup_bc_weight": 7,
      "warmup_q_weight": 0.05,
      "online_bc_weight": 2.5,
      "online_q_weight": 0.45
    },
    "entropy_tuning": {
      "alpha_type": "fixed_alpha",
      "initial_alpha": 0.0,
      "optim": {
        "lr": 0.0003,
        "lr_scheduler": "torch_constant",
        "clip_grad": 10.0
      }
    },
    "replay_buffer": {
      "enable_cache": true,
      "cache_size": 10000,
      "sample_window_size": 50000,
      "max_num_samples": 50000,
      "min_buffer_size": 1000,
      "auto_save": false
    },
    "target_update_freq": 1,
    "target_update_type": "all",
    "train_actor_steps": 1000,
    "critic_actor_ratio": 4,
    "critic_subsample_size": 0,
    "backup_entropy": false
  },
  "rollout": {
    "group_name": "RolloutGroup",
    "backend": "huggingface",
    "enable_offload": false,
    "pipeline_stage_num": 1,
    "collect_transitions": true,
    "collect_prev_infos": true,
    "model": {
      "model_type": "rlt_mlp_policy",
      "model_path": "",
      "precision": "fp32",
      "policy_setup": "panda-qpos",
      "action_dim": 8,
      "num_action_chunks": 10,
      "ref_num_action_chunks": 10,
      "z_dim": 2048,
      "proprio_dim": 9,
      "add_q_head": true,
      "q_head_type": "default",
      "fixed_std": 0.002,
      "is_lora": false,
      "lora_rank": 32
    },
    "rlt_feature_model": {
      "model_type": "openpi",
      "model_path": "/workspace/checkpoints/stage1-step-500-actor",
      "precision": null,
      "num_action_chunks": 10,
      "action_dim": 8,
      "add_value_head": false,
      "is_lora": false,
      "lora_rank": 32,
      "openpi_data": {
        "repo_id": "maniskill_peginsertionside_joint",
        "default_prompt": "insert the peg in the hole",
        "norm_stats_path": "/opt/f2-norm-stats/norm_stats.json"
      },
      "openpi": {
        "config_name": "pi05_rlt_maniskill_joint",
        "num_images_in_input": 2,
        "action_chunk": 10,
        "action_horizon": 10,
        "action_env_dim": 8,
        "num_steps": 5,
        "train_expert_only": false,
        "add_value_head": false,
        "detach_critic_input": true,
        "use_rlt": true,
        "rlt_alpha": 1.0,
        "rlt_input_dim": 2048,
        "rlt_embed_dim": 2048,
        "rlt_num_rl_tokens": 1,
        "rlt_prefix_seq_len": 1024,
        "rlt_num_layers": 2,
        "rlt_num_heads": 8,
        "rlt_mlp_ratio": 4.0,
        "rlt_encoder_type": "append_self_attention",
        "rlt_image_only": false,
        "rlt_use_mask": true
      }
    },
    "expert_model": null,
    "enable_torch_compile": false,
    "enable_cuda_graph": false
  },
  "reward": {
    "use_reward_model": false
  },
  "critic": {
    "use_critic_model": false
  }
}
[INFO 21:43:25 FlexiblePlacementStrategy] 
[INFO 21:43:25 FlexiblePlacementStrategy] Using flexible placement with hardware ranks: [[0]], node groups: ['cluster'].
[INFO 21:43:25 FlexiblePlacementStrategy] 
[INFO 21:43:25 FlexiblePlacementStrategy] Using flexible placement with hardware ranks: [[0]], node groups: ['cluster'].
[INFO 21:43:25 FlexiblePlacementStrategy] 
[INFO 21:43:25 FlexiblePlacementStrategy] Using flexible placement with hardware ranks: [[0]], node groups: ['cluster'].
[INFO 21:43:25 FlexiblePlacementStrategy] Generated 1 placements: [Placement(rank=0, cluster_node_rank=0, placement_node_rank=0, local_accelerator_rank=0, accelerator_type='NV_GPU', local_rank=0, local_world_size=1, visible_accelerators=['0'], isolate_accelerator=True, local_hardware_ranks=[0], node_group_label='cluster')].
[INFO 21:43:25 FlexiblePlacementStrategy] Generated 1 placements: [Placement(rank=0, cluster_node_rank=0, placement_node_rank=0, local_accelerator_rank=0, accelerator_type='NV_GPU', local_rank=0, local_world_size=1, visible_accelerators=['0'], isolate_accelerator=True, local_hardware_ranks=[0], node_group_label='cluster')].
[INFO 21:43:25 FlexiblePlacementStrategy] Generated 1 placements: [Placement(rank=0, cluster_node_rank=0, placement_node_rank=0, local_accelerator_rank=0, accelerator_type='NV_GPU', local_rank=0, local_world_size=1, visible_accelerators=['0'], isolate_accelerator=True, local_hardware_ranks=[0], node_group_label='cluster')].
[INFO 21:43:25 NodePlacementStrategy] 
[INFO 21:43:25 NodePlacementStrategy] Using node placement with node ranks: [0], node groups: ['node'].
[INFO 21:43:25 NodePlacementStrategy] Generated 1 placements: [Placement(rank=0, cluster_node_rank=0, placement_node_rank=0, local_accelerator_rank='0', accelerator_type='NV_GPU', local_rank=0, local_world_size=1, visible_accelerators=['0'], isolate_accelerator=True, local_hardware_ranks=[], node_group_label='cluster')].
[INFO 21:43:25 NodePlacementStrategy] 
[INFO 21:43:25 NodePlacementStrategy] Using node placement with node ranks: [0], node groups: ['node'].
[INFO 21:43:25 NodePlacementStrategy] Generated 1 placements: [Placement(rank=0, cluster_node_rank=0, placement_node_rank=0, local_accelerator_rank='0', accelerator_type='NV_GPU', local_rank=0, local_world_size=1, visible_accelerators=['0'], isolate_accelerator=True, local_hardware_ranks=[], node_group_label='cluster')].
[INFO 21:43:25 NodePlacementStrategy] 
[INFO 21:43:25 NodePlacementStrategy] Using node placement with node ranks: [0], node groups: ['node'].
[INFO 21:43:25 NodePlacementStrategy] Generated 1 placements: [Placement(rank=0, cluster_node_rank=0, placement_node_rank=0, local_accelerator_rank='0', accelerator_type='NV_GPU', local_rank=0, local_world_size=1, visible_accelerators=['0'], isolate_accelerator=True, local_hardware_ranks=[], node_group_label='cluster')].
wandb: WARNING Using a boolean value for 'reinit' is deprecated. Use 'return_previous' or 'finish_previous' instead.
wandb: Tracking run with wandb version 0.25.0
wandb: W&B syncing is set to `offline` in this directory. Run `wandb online` or set WANDB_MODE=online to enable cloud syncing.
wandb: Run data is saved locally in /workspace/results/d1/f2-h100-pcie-control-seed2026-attempt3/wandb/wandb/offline-run-20260908_214327-5nuf3158
[36m(MultiStepRolloutWorker pid=1526)[0m [INFO 21:43:32 FlexiblePlacementStrategy] 
[36m(MultiStepRolloutWorker pid=1526)[0m [INFO 21:43:32 FlexiblePlacementStrategy] Using flexible placement with hardware ranks: [[0]], node groups: ['cluster'].
[36m(MultiStepRolloutWorker pid=1526)[0m [INFO 21:43:32 FlexiblePlacementStrategy] 
[36m(MultiStepRolloutWorker pid=1526)[0m [INFO 21:43:32 FlexiblePlacementStrategy] Using flexible placement with hardware ranks: [[0]], node groups: ['cluster'].
[36m(MultiStepRolloutWorker pid=1526)[0m [INFO 21:43:32 FlexiblePlacementStrategy] 
[36m(MultiStepRolloutWorker pid=1526)[0m [INFO 21:43:32 FlexiblePlacementStrategy] Using flexible placement with hardware ranks: [[0]], node groups: ['cluster'].
[36m(pid=1528)[0m WARNING: All log messages before absl::InitializeLog() is called are written to STDERR
[36m(pid=1528)[0m I0000 00:00:1788903812.147177    1528 port.cc:153] oneDNN custom operations are on. You may see slightly different numerical results due to floating-point round-off errors from different computation orders. To turn them off, set the environment variable `TF_ENABLE_ONEDNN_OPTS=0`.
[36m(RLTACFSDPPolicy pid=1524)[0m [W908 21:43:33.731750243 ProcessGroupNCCL.cpp:981] Warning: TORCH_NCCL_AVOID_RECORD_STREAMS is the default now, this environment variable is thus deprecated. (function operator())
[36m(RLTACFSDPPolicy pid=1524)[0m [INFO 21:43:33 FlexiblePlacementStrategy] 
[36m(RLTACFSDPPolicy pid=1524)[0m [INFO 21:43:33 FlexiblePlacementStrategy] Using flexible placement with hardware ranks: [[0]], node groups: ['cluster'].
[36m(RLTACFSDPPolicy pid=1524)[0m [INFO 21:43:33 FlexiblePlacementStrategy] 
[36m(RLTACFSDPPolicy pid=1524)[0m [INFO 21:43:33 FlexiblePlacementStrategy] Using flexible placement with hardware ranks: [[0]], node groups: ['cluster'].
[36m(RLTACFSDPPolicy pid=1524)[0m [INFO 21:43:33 FlexiblePlacementStrategy] 
[36m(RLTACFSDPPolicy pid=1524)[0m [INFO 21:43:33 FlexiblePlacementStrategy] Using flexible placement with hardware ranks: [[0]], node groups: ['cluster'].
[36m(RLTACFSDPPolicy pid=1524)[0m [INFO 21:43:33 ActorGroup-Rank-0][fsdp_model_manager.py:124] [FSDP] AMP is disabled.
[36m(pid=1528)[0m WARNING: All log messages before absl::InitializeLog() is called are written to STDERR
[36m(pid=1528)[0m I0000 00:00:1788903813.885770    1528 port.cc:153] oneDNN custom operations are on. You may see slightly different numerical results due to floating-point round-off errors from different computation orders. To turn them off, set the environment variable `TF_ENABLE_ONEDNN_OPTS=0`.
[36m(RolloutGroup(rank=0) pid=1526)[0m WARNING: All log messages before absl::InitializeLog() is called are written to STDERR
[36m(RolloutGroup(rank=0) pid=1526)[0m I0000 00:00:1788903814.209013    2170 port.cc:153] oneDNN custom operations are on. You may see slightly different numerical results due to floating-point round-off errors from different computation orders. To turn them off, set the environment variable `TF_ENABLE_ONEDNN_OPTS=0`.
[36m(EnvWorker pid=1528)[0m [INFO 21:43:34 FlexiblePlacementStrategy] 
[36m(EnvWorker pid=1528)[0m [INFO 21:43:34 FlexiblePlacementStrategy] Using flexible placement with hardware ranks: [[0]], node groups: ['cluster'].
[36m(EnvWorker pid=1528)[0m [INFO 21:43:34 FlexiblePlacementStrategy] 
[36m(EnvWorker pid=1528)[0m [INFO 21:43:34 FlexiblePlacementStrategy] Using flexible placement with hardware ranks: [[0]], node groups: ['cluster'].
[36m(EnvWorker pid=1528)[0m [INFO 21:43:34 FlexiblePlacementStrategy] 
[36m(EnvWorker pid=1528)[0m [INFO 21:43:34 FlexiblePlacementStrategy] Using flexible placement with hardware ranks: [[0]], node groups: ['cluster'].
[36m(RolloutGroup(rank=0) pid=1526)[0m WARNING: All log messages before absl::InitializeLog() is called are written to STDERR
[36m(RolloutGroup(rank=0) pid=1526)[0m I0000 00:00:1788903816.013822    2170 port.cc:153] oneDNN custom operations are on. You may see slightly different numerical results due to floating-point round-off errors from different computation orders. To turn them off, set the environment variable `TF_ENABLE_ONEDNN_OPTS=0`.
[36m(EnvGroup(rank=0) pid=1528)[0m [Gloo] Rank 0 is connected to 0 peer ranks. Expected number of connected peer ranks is : 0
[36m(EnvGroup(rank=0) pid=1528)[0m [Gloo] Rank 0 is connected to 0 peer ranks. Expected number of connected peer ranks is : 0
[36m(EnvGroup(rank=0) pid=1528)[0m [Gloo] Rank 0 is connected to 0 peer ranks. Expected number of connected peer ranks is : 0
[36m(EnvGroup(rank=0) pid=1528)[0m [W908 21:43:36.808505698 ProcessGroupNCCL.cpp:981] Warning: TORCH_NCCL_AVOID_RECORD_STREAMS is the default now, this environment variable is thus deprecated. (function operator())
[36m(RolloutGroup(rank=0) pid=1526)[0m INFO:datasets:PyTorch version 2.8.0 available.
[36m(RolloutGroup(rank=0) pid=1526)[0m INFO:datasets:Polars version 2.0.0rc1 available.
[36m(RolloutGroup(rank=0) pid=1526)[0m INFO:datasets:TensorFlow version 2.21.0 available.
[36m(RolloutGroup(rank=0) pid=1526)[0m INFO:datasets:JAX version 0.5.3 available.
[36m(EnvGroup(rank=0) pid=1528)[0m /opt/RLinf/.venv/lib/python3.11/site-packages/sapien/_vulkan_tricks.py:95: UserWarning: Failed to find glvnd ICD file. This is probably due to an incorrect or partial installation of the NVIDIA driver. SAPIEN will attempt to provide an ICD file anyway but it may not work.
[36m(EnvGroup(rank=0) pid=1528)[0m   warn(
[36m(EnvGroup(rank=0) pid=1528)[0m /opt/RLinf/.venv/lib/python3.11/site-packages/sapien/_vulkan_tricks.py:95: UserWarning: Failed to find glvnd ICD file. This is probably due to an incorrect or partial installation of the NVIDIA driver. SAPIEN will attempt to provide an ICD file anyway but it may not work.
[36m(EnvGroup(rank=0) pid=1528)[0m   warn(
[36m(EnvGroup(rank=0) pid=1528)[0m /opt/RLinf/.venv/lib/python3.11/site-packages/sapien/_vulkan_tricks.py:95: UserWarning: Failed to find glvnd ICD file. This is probably due to an incorrect or partial installation of the NVIDIA driver. SAPIEN will attempt to provide an ICD file anyway but it may not work.
[36m(EnvGroup(rank=0) pid=1528)[0m   warn(
[36m(EnvGroup(rank=0) pid=1528)[0m /opt/RLinf/.venv/lib/python3.11/site-packages/sapien/_vulkan_tricks.py:95: UserWarning: Failed to find glvnd ICD file. This is probably due to an incorrect or partial installation of the NVIDIA driver. SAPIEN will attempt to provide an ICD file anyway but it may not work.
[36m(EnvGroup(rank=0) pid=1528)[0m   warn(
[36m(EnvGroup(rank=0) pid=1528)[0m /opt/RLinf/.venv/lib/python3.11/site-packages/sapien/_vulkan_tricks.py:95: UserWarning: Failed to find glvnd ICD file. This is probably due to an incorrect or partial installation of the NVIDIA driver. SAPIEN will attempt to provide an ICD file anyway but it may not work.
[36m(EnvGroup(rank=0) pid=1528)[0m   warn(
[36m(EnvGroup(rank=0) pid=1528)[0m /opt/RLinf/.venv/lib/python3.11/site-packages/sapien/_vulkan_tricks.py:95: UserWarning: Failed to find glvnd ICD file. This is probably due to an incorrect or partial installation of the NVIDIA driver. SAPIEN will attempt to provide an ICD file anyway but it may not work.
[36m(EnvGroup(rank=0) pid=1528)[0m   warn(
[36m(EnvGroup(rank=0) pid=1528)[0m /opt/RLinf/.venv/lib/python3.11/site-packages/sapien/_vulkan_tricks.py:95: UserWarning: Failed to find glvnd ICD file. This is probably due to an incorrect or partial installation of the NVIDIA driver. SAPIEN will attempt to provide an ICD file anyway but it may not work.
[36m(EnvGroup(rank=0) pid=1528)[0m   warn(
[36m(EnvGroup(rank=0) pid=1528)[0m /opt/RLinf/.venv/lib/python3.11/site-packages/sapien/_vulkan_tricks.py:95: UserWarning: Failed to find glvnd ICD file. This is probably due to an incorrect or partial installation of the NVIDIA driver. SAPIEN will attempt to provide an ICD file anyway but it may not work.
[36m(EnvGroup(rank=0) pid=1528)[0m   warn(
[36m(EnvGroup(rank=0) pid=1528)[0m /opt/RLinf/.venv/lib/python3.11/site-packages/sapien/_vulkan_tricks.py:95: UserWarning: Failed to find glvnd ICD file. This is probably due to an incorrect or partial installation of the NVIDIA driver. SAPIEN will attempt to provide an ICD file anyway but it may not work.
[36m(EnvGroup(rank=0) pid=1528)[0m   warn(
[36m(EnvGroup(rank=0) pid=1528)[0m /opt/RLinf/.venv/lib/python3.11/site-packages/sapien/_vulkan_tricks.py:95: UserWarning: Failed to find glvnd ICD file. This is probably due to an incorrect or partial installation of the NVIDIA driver. SAPIEN will attempt to provide an ICD file anyway but it may not work.
[36m(EnvGroup(rank=0) pid=1528)[0m   warn(
[36m(EnvGroup(rank=0) pid=1528)[0m /opt/RLinf/.venv/lib/python3.11/site-packages/sapien/_vulkan_tricks.py:95: UserWarning: Failed to find glvnd ICD file. This is probably due to an incorrect or partial installation of the NVIDIA driver. SAPIEN will attempt to provide an ICD file anyway but it may not work.
[36m(EnvGroup(rank=0) pid=1528)[0m   warn(
[36m(EnvGroup(rank=0) pid=1528)[0m /opt/RLinf/.venv/lib/python3.11/site-packages/sapien/_vulkan_tricks.py:95: UserWarning: Failed to find glvnd ICD file. This is probably due to an incorrect or partial installation of the NVIDIA driver. SAPIEN will attempt to provide an ICD file anyway but it may not work.
[36m(EnvGroup(rank=0) pid=1528)[0m   warn(
[36m(EnvGroup(rank=0) pid=1528)[0m /opt/RLinf/.venv/lib/python3.11/site-packages/sapien/_vulkan_tricks.py:95: UserWarning: Failed to find glvnd ICD file. This is probably due to an incorrect or partial installation of the NVIDIA driver. SAPIEN will attempt to provide an ICD file anyway but it may not work.
[36m(EnvGroup(rank=0) pid=1528)[0m   warn(
[36m(EnvGroup(rank=0) pid=1528)[0m /opt/RLinf/.venv/lib/python3.11/site-packages/sapien/_vulkan_tricks.py:95: UserWarning: Failed to find glvnd ICD file. This is probably due to an incorrect or partial installation of the NVIDIA driver. SAPIEN will attempt to provide an ICD file anyway but it may not work.
[36m(EnvGroup(rank=0) pid=1528)[0m   warn(
[36m(EnvGroup(rank=0) pid=1528)[0m /opt/RLinf/.venv/lib/python3.11/site-packages/sapien/_vulkan_tricks.py:95: UserWarning: Failed to find glvnd ICD file. This is probably due to an incorrect or partial installation of the NVIDIA driver. SAPIEN will attempt to provide an ICD file anyway but it may not work.
[36m(EnvGroup(rank=0) pid=1528)[0m   warn(
[36m(EnvGroup(rank=0) pid=1528)[0m /opt/RLinf/.venv/lib/python3.11/site-packages/sapien/_vulkan_tricks.py:95: UserWarning: Failed to find glvnd ICD file. This is probably due to an incorrect or partial installation of the NVIDIA driver. SAPIEN will attempt to provide an ICD file anyway but it may not work.
[36m(EnvGroup(rank=0) pid=1528)[0m   warn(
[36m(EnvGroup(rank=0) pid=1528)[0m /opt/RLinf/.venv/lib/python3.11/site-packages/gymnasium/core.py:311: UserWarning: [33mWARN: env.xyz_configs to get variables from other wrappers is deprecated and will be removed in v1.0, to get this variable you can do `env.unwrapped.xyz_configs` for environment variables or `env.get_wrapper_attr('xyz_configs')` that will search the reminding wrappers.[0m
[36m(EnvGroup(rank=0) pid=1528)[0m   logger.warn(
[36m(EnvGroup(rank=0) pid=1528)[0m /opt/RLinf/.venv/lib/python3.11/site-packages/gymnasium/core.py:311: UserWarning: [33mWARN: env.xyz_configs to get variables from other wrappers is deprecated and will be removed in v1.0, to get this variable you can do `env.unwrapped.xyz_configs` for environment variables or `env.get_wrapper_attr('xyz_configs')` that will search the reminding wrappers.[0m
[36m(EnvGroup(rank=0) pid=1528)[0m   logger.warn(
[36m(EnvGroup(rank=0) pid=1528)[0m /opt/RLinf/.venv/lib/python3.11/site-packages/gymnasium/core.py:311: UserWarning: [33mWARN: env.xyz_configs to get variables from other wrappers is deprecated and will be removed in v1.0, to get this variable you can do `env.unwrapped.xyz_configs` for environment variables or `env.get_wrapper_attr('xyz_configs')` that will search the reminding wrappers.[0m
[36m(EnvGroup(rank=0) pid=1528)[0m   logger.warn(
[36m(EnvGroup(rank=0) pid=1528)[0m /opt/RLinf/.venv/lib/python3.11/site-packages/gymnasium/core.py:311: UserWarning: [33mWARN: env.xyz_configs to get variables from other wrappers is deprecated and will be removed in v1.0, to get this variable you can do `env.unwrapped.xyz_configs` for environment variables or `env.get_wrapper_attr('xyz_configs')` that will search the reminding wrappers.[0m
[36m(EnvGroup(rank=0) pid=1528)[0m   logger.warn(
[36m(EnvGroup(rank=0) pid=1528)[0m /opt/RLinf/.venv/lib/python3.11/site-packages/gymnasium/core.py:311: UserWarning: [33mWARN: env.xyz_configs to get variables from other wrappers is deprecated and will be removed in v1.0, to get this variable you can do `env.unwrapped.xyz_configs` for environment variables or `env.get_wrapper_attr('xyz_configs')` that will search the reminding wrappers.[0m
[36m(EnvGroup(rank=0) pid=1528)[0m   logger.warn(
[36m(EnvGroup(rank=0) pid=1528)[0m /opt/RLinf/.venv/lib/python3.11/site-packages/gymnasium/core.py:311: UserWarning: [33mWARN: env.xyz_configs to get variables from other wrappers is deprecated and will be removed in v1.0, to get this variable you can do `env.unwrapped.xyz_configs` for environment variables or `env.get_wrapper_attr('xyz_configs')` that will search the reminding wrappers.[0m
[36m(EnvGroup(rank=0) pid=1528)[0m   logger.warn(
[36m(EnvGroup(rank=0) pid=1528)[0m /opt/RLinf/.venv/lib/python3.11/site-packages/gymnasium/core.py:311: UserWarning: [33mWARN: env.xyz_configs to get variables from other wrappers is deprecated and will be removed in v1.0, to get this variable you can do `env.unwrapped.xyz_configs` for environment variables or `env.get_wrapper_attr('xyz_configs')` that will search the reminding wrappers.[0m
[36m(EnvGroup(rank=0) pid=1528)[0m   logger.warn(
[36m(EnvGroup(rank=0) pid=1528)[0m /opt/RLinf/.venv/lib/python3.11/site-packages/gymnasium/core.py:311: UserWarning: [33mWARN: env.xyz_configs to get variables from other wrappers is deprecated and will be removed in v1.0, to get this variable you can do `env.unwrapped.xyz_configs` for environment variables or `env.get_wrapper_attr('xyz_configs')` that will search the reminding wrappers.[0m
[36m(EnvGroup(rank=0) pid=1528)[0m   logger.warn(
[36m(EnvGroup(rank=0) pid=1528)[0m /opt/RLinf/.venv/lib/python3.11/site-packages/gymnasium/core.py:311: UserWarning: [33mWARN: env.xyz_configs to get variables from other wrappers is deprecated and will be removed in v1.0, to get this variable you can do `env.unwrapped.xyz_configs` for environment variables or `env.get_wrapper_attr('xyz_configs')` that will search the reminding wrappers.[0m
[36m(EnvGroup(rank=0) pid=1528)[0m   logger.warn(
[36m(EnvGroup(rank=0) pid=1528)[0m /opt/RLinf/.venv/lib/python3.11/site-packages/gymnasium/core.py:311: UserWarning: [33mWARN: env.xyz_configs to get variables from other wrappers is deprecated and will be removed in v1.0, to get this variable you can do `env.unwrapped.xyz_configs` for environment variables or `env.get_wrapper_attr('xyz_configs')` that will search the reminding wrappers.[0m
[36m(EnvGroup(rank=0) pid=1528)[0m   logger.warn(
[36m(EnvGroup(rank=0) pid=1528)[0m /opt/RLinf/.venv/lib/python3.11/site-packages/gymnasium/core.py:311: UserWarning: [33mWARN: env.xyz_configs to get variables from other wrappers is deprecated and will be removed in v1.0, to get this variable you can do `env.unwrapped.xyz_configs` for environment variables or `env.get_wrapper_attr('xyz_configs')` that will search the reminding wrappers.[0m
[36m(EnvGroup(rank=0) pid=1528)[0m   logger.warn(
[36m(EnvGroup(rank=0) pid=1528)[0m /opt/RLinf/.venv/lib/python3.11/site-packages/gymnasium/core.py:311: UserWarning: [33mWARN: env.xyz_configs to get variables from other wrappers is deprecated and will be removed in v1.0, to get this variable you can do `env.unwrapped.xyz_configs` for environment variables or `env.get_wrapper_attr('xyz_configs')` that will search the reminding wrappers.[0m
[36m(EnvGroup(rank=0) pid=1528)[0m   logger.warn(
[36m(EnvGroup(rank=0) pid=1528)[0m /opt/RLinf/.venv/lib/python3.11/site-packages/gymnasium/core.py:311: UserWarning: [33mWARN: env.xyz_configs to get variables from other wrappers is deprecated and will be removed in v1.0, to get this variable you can do `env.unwrapped.xyz_configs` for environment variables or `env.get_wrapper_attr('xyz_configs')` that will search the reminding wrappers.[0m
[36m(EnvGroup(rank=0) pid=1528)[0m   logger.warn(
[36m(EnvGroup(rank=0) pid=1528)[0m /opt/RLinf/.venv/lib/python3.11/site-packages/gymnasium/core.py:311: UserWarning: [33mWARN: env.xyz_configs to get variables from other wrappers is deprecated and will be removed in v1.0, to get this variable you can do `env.unwrapped.xyz_configs` for environment variables or `env.get_wrapper_attr('xyz_configs')` that will search the reminding wrappers.[0m
[36m(EnvGroup(rank=0) pid=1528)[0m   logger.warn(
[36m(EnvGroup(rank=0) pid=1528)[0m /opt/RLinf/.venv/lib/python3.11/site-packages/gymnasium/core.py:311: UserWarning: [33mWARN: env.xyz_configs to get variables from other wrappers is deprecated and will be removed in v1.0, to get this variable you can do `env.unwrapped.xyz_configs` for environment variables or `env.get_wrapper_attr('xyz_configs')` that will search the reminding wrappers.[0m
[36m(EnvGroup(rank=0) pid=1528)[0m   logger.warn(
[36m(EnvGroup(rank=0) pid=1528)[0m /opt/RLinf/.venv/lib/python3.11/site-packages/gymnasium/core.py:311: UserWarning: [33mWARN: env.xyz_configs to get variables from other wrappers is deprecated and will be removed in v1.0, to get this variable you can do `env.unwrapped.xyz_configs` for environment variables or `env.get_wrapper_attr('xyz_configs')` that will search the reminding wrappers.[0m
[36m(EnvGroup(rank=0) pid=1528)[0m   logger.warn(
[36m(RolloutGroup(rank=0) pid=1526)[0m INFO:root:Loaded norm stats from /opt/f2-norm-stats
[36m(ActorGroup(rank=0) pid=1524)[0m [INFO 21:44:46 ActorGroup-Rank-0][fsdp_sac_policy_worker.py:92] [FSDP] Gradient checkpointing is disabled
[36m(ActorGroup(rank=0) pid=1524)[0m [WARNING 21:44:47 ActorGroup-Rank-0][replay_buffer.py:263] auto_save is disabled, enabling cache with size 50000
[36m(ActorGroup(rank=0) pid=1524)[0m [Gloo] Rank 0 is connected to 1 peer ranks. Expected number of connected peer ranks is : 1
[36m(ActorGroup(rank=0) pid=1524)[0m [Gloo] Rank 0 is connected to 1 peer ranks. Expected number of connected peer ranks is : 1
[36m(ActorGroup(rank=0) pid=1524)[0m [Gloo] Rank 0 is connected to 1 peer ranks. Expected number of connected peer ranks is : 1
[36m(RolloutGroup(rank=0) pid=1526)[0m [Gloo] Rank 1 is connected to 1 peer ranks. Expected number of connected peer ranks is : 1
[36m(RolloutGroup(rank=0) pid=1526)[0m [Gloo] Rank 1 is connected to 1 peer ranks. Expected number of connected peer ranks is : 1
[36m(RolloutGroup(rank=0) pid=1526)[0m [Gloo] Rank 1 is connected to 1 peer ranks. Expected number of connected peer ranks is : 1
[36m(RolloutGroup(rank=0) pid=1526)[0m [W908 21:44:49.251662354 ProcessGroupNCCL.cpp:981] Warning: TORCH_NCCL_AVOID_RECORD_STREAMS is the default now, this environment variable is thus deprecated. (function operator())
[36m(RolloutGroup(rank=0) pid=1526)[0m 
Generating Rollout Epochs:   0%|          | 0/4 [00:00<?, ?it/s]
[36m(EnvGroup(rank=0) pid=1528)[0m [Gloo] Rank 0 is connected to 1 peer ranks. Expected number of connected peer ranks is : 1
[36m(EnvGroup(rank=0) pid=1528)[0m [Gloo] Rank 0 is connected to 1 peer ranks. Expected number of connected peer ranks is : 1
[36m(EnvGroup(rank=0) pid=1528)[0m [Gloo] Rank 0 is connected to 1 peer ranks. Expected number of connected peer ranks is : 1
[36m(Rollout(rank=0) pid=1532)[0m [W908 21:44:53.072988456 ProcessGroupNCCL.cpp:981] Warning: TORCH_NCCL_AVOID_RECORD_STREAMS is the default now, this environment variable is thus deprecated. (function operator())
[36m(Rollout(rank=0) pid=1532)[0m [Gloo] Rank 1 is connected to 1 peer ranks. Expected number of connected peer ranks is : 1
[36m(Rollout(rank=0) pid=1532)[0m [Gloo] Rank 1 is connected to 1 peer ranks. Expected number of connected peer ranks is : 1
[36m(Rollout(rank=0) pid=1532)[0m [Gloo] Rank 1 is connected to 1 peer ranks. Expected number of connected peer ranks is : 1
[36m(RolloutGroup(rank=0) pid=1526)[0m [Gloo] Rank 1 is connected to 1 peer ranks. Expected number of connected peer ranks is : 1
[36m(RolloutGroup(rank=0) pid=1526)[0m [Gloo] Rank 1 is connected to 1 peer ranks. Expected number of connected peer ranks is : 1
[36m(Rollout(rank=0) pid=1532)[0m [Gloo] Rank 0 is connected to 1 peer ranks. Expected number of connected peer ranks is : 1
[36m(Rollout(rank=0) pid=1532)[0m [Gloo] Rank 0 is connected to 1 peer ranks. Expected number of connected peer ranks is : 1
[36m(RolloutGroup(rank=0) pid=1526)[0m [Gloo] Rank 1 is connected to 1 peer ranks. Expected number of connected peer ranks is : 1
[36m(Rollout(rank=0) pid=1532)[0m [Gloo] Rank 0 is connected to 1 peer ranks. Expected number of connected peer ranks is : 1
[36m(RolloutGroup(rank=0) pid=1526)[0m [Gloo] Rank 1 is connected to 1 peer ranks. Expected number of connected peer ranks is : 1
[36m(RolloutGroup(rank=0) pid=1526)[0m [Gloo] Rank 1 is connected to 1 peer ranks. Expected number of connected peer ranks is : 1
[36m(RolloutGroup(rank=0) pid=1526)[0m [Gloo] Rank 1 is connected to 1 peer ranks. Expected number of connected peer ranks is : 1
[36m(Env(rank=0) pid=1530)[0m [W908 21:44:58.447533649 ProcessGroupNCCL.cpp:981] Warning: TORCH_NCCL_AVOID_RECORD_STREAMS is the default now, this environment variable is thus deprecated. (function operator())
[36m(Env(rank=0) pid=1530)[0m [Gloo] Rank 0 is connected to 1 peer ranks. Expected number of connected peer ranks is : 1
[36m(Env(rank=0) pid=1530)[0m [Gloo] Rank 0 is connected to 1 peer ranks. Expected number of connected peer ranks is : 1
[36m(Env(rank=0) pid=1530)[0m [Gloo] Rank 0 is connected to 1 peer ranks. Expected number of connected peer ranks is : 1
[36m(EnvGroup(rank=0) pid=1528)[0m [Gloo] Rank 1 is connected to 1 peer ranks. Expected number of connected peer ranks is : 1
[36m(EnvGroup(rank=0) pid=1528)[0m [Gloo] Rank 1 is connected to 1 peer ranks. Expected number of connected peer ranks is : 1
[36m(EnvGroup(rank=0) pid=1528)[0m [Gloo] Rank 1 is connected to 1 peer ranks. Expected number of connected peer ranks is : 1
[36m(Env(rank=0) pid=1530)[0m [Gloo] Rank 0 is connected to 1 peer ranks. Expected number of connected peer ranks is : 1
[36m(Env(rank=0) pid=1530)[0m [Gloo] Rank 0 is connected to 1 peer ranks. Expected number of connected peer ranks is : 1
[36m(Env(rank=0) pid=1530)[0m [Gloo] Rank 0 is connected to 1 peer ranks. Expected number of connected peer ranks is : 1
[36m(RolloutGroup(rank=0) pid=1526)[0m 
Generating Rollout Epochs:  25%|██▌       | 1/4 [07:05<21:16, 425.58s/it]
[36m(RolloutGroup(rank=0) pid=1526)[0m 
Generating Rollout Epochs:  50%|█████     | 2/4 [13:12<13:02, 391.00s/it]
[36m(RolloutGroup(rank=0) pid=1526)[0m 
Generating Rollout Epochs:  75%|███████▌  | 3/4 [20:22<06:48, 408.79s/it]
[36m(RolloutGroup(rank=0) pid=1526)[0m 
Generating Rollout Epochs: 100%|██████████| 4/4 [26:53<00:00, 401.94s/it]
Generating Rollout Epochs: 100%|██████████| 4/4 [26:53<00:00, 403.45s/it]
[36m(EnvGroup(rank=0) pid=1528)[0m [Gloo] Rank 1 is connected to 1 peer ranks. Expected number of connected peer ranks is : 1
[36m(EnvGroup(rank=0) pid=1528)[0m [Gloo] Rank 1 is connected to 1 peer ranks. Expected number of connected peer ranks is : 1
[36m(EnvGroup(rank=0) pid=1528)[0m [Gloo] Rank 1 is connected to 1 peer ranks. Expected number of connected peer ranks is : 1
[36m(Actor(rank=0) pid=1534)[0m [Gloo] Rank 0 is connected to 1 peer ranks. Expected number of connected peer ranks is : 1
[36m(Actor(rank=0) pid=1534)[0m [Gloo] Rank 0 is connected to 1 peer ranks. Expected number of connected peer ranks is : 1
[36m(Actor(rank=0) pid=1534)[0m [Gloo] Rank 0 is connected to 1 peer ranks. Expected number of connected peer ranks is : 1
[36m(Actor(rank=0) pid=1534)[0m [W908 22:11:46.680839943 ProcessGroupNCCL.cpp:981] Warning: TORCH_NCCL_AVOID_RECORD_STREAMS is the default now, this environment variable is thus deprecated. (function operator())
[36m(ActorGroup(rank=0) pid=1524)[0m [Gloo] Rank 1 is connected to 1 peer ranks. Expected number of connected peer ranks is : 1
[36m(ActorGroup(rank=0) pid=1524)[0m [Gloo] Rank 1 is connected to 1 peer ranks. Expected number of connected peer ranks is : 1
[36m(ActorGroup(rank=0) pid=1524)[0m [Gloo] Rank 1 is connected to 1 peer ranks. Expected number of connected peer ranks is : 1
[36m(Actor(rank=0) pid=1534)[0m [Gloo] Rank 0 is connected to 1 peer ranks. Expected number of connected peer ranks is : 1
[36m(Actor(rank=0) pid=1534)[0m [Gloo] Rank 0 is connected to 1 peer ranks. Expected number of connected peer ranks is : 1
[36m(Actor(rank=0) pid=1534)[0m [Gloo] Rank 0 is connected to 1 peer ranks. Expected number of connected peer ranks is : 1
[INFO 22:11:48 RLinf] Saving checkpoint at step 1.
[36m(ActorGroup(rank=0) pid=1524)[0m /opt/RLinf/.venv/lib/python3.11/site-packages/torch/distributed/distributed_c10d.py:4807: UserWarning: No device id is provided via `init_process_group` or `barrier `. Using the current device set by the user. 
[36m(ActorGroup(rank=0) pid=1524)[0m   warnings.warn(  # warn only once
[36m(ActorGroup(rank=0) pid=1524)[0m /opt/RLinf/.venv/lib/python3.11/site-packages/torch/distributed/distributed_c10d.py:860: UserWarning: `_get_pg_default_device` will be deprecated, it only stays for backward-compatiblity reason. If you need to find a device for object collectives, please use `_get_object_coll_device`. If you need to query the device types supported by group, please use `_device_capability(group)`. 
[36m(ActorGroup(rank=0) pid=1524)[0m   warnings.warn(
[36m(ActorGroup(rank=0) pid=1524)[0m /opt/RLinf/.venv/lib/python3.11/site-packages/torch/distributed/distributed_c10d.py:860: UserWarning: `_get_pg_default_device` will be deprecated, it only stays for backward-compatiblity reason. If you need to find a device for object collectives, please use `_get_object_coll_device`. If you need to query the device types supported by group, please use `_device_capability(group)`. 
[36m(ActorGroup(rank=0) pid=1524)[0m   warnings.warn(
[36m(ActorGroup(rank=0) pid=1524)[0m /opt/RLinf/.venv/lib/python3.11/site-packages/torch/distributed/distributed_c10d.py:4807: UserWarning: No device id is provided via `init_process_group` or `barrier `. Using the current device set by the user. 
[36m(ActorGroup(rank=0) pid=1524)[0m   warnings.warn(  # warn only once
[36m(ActorGroup(rank=0) pid=1524)[0m /opt/RLinf/.venv/lib/python3.11/site-packages/torch/distributed/distributed_c10d.py:4807: UserWarning: No device id is provided via `init_process_group` or `barrier `. Using the current device set by the user. 
[36m(ActorGroup(rank=0) pid=1524)[0m   warnings.warn(  # warn only once

╭──────────────────────────────────────────────────────────────────────────────────────────────────────────────────────╮
├──────────────────────────────────────────────────── Metric Table ────────────────────────────────────────────────────┤
│ Global Step:    1/1 │ Progress: ████████████████████████████████████████ │ 100.0%                                    │
│ Elapsed: 27:05 │ ETA: 00:00 │ Step Time: 1625.407s                                                                   │
├──────────────────────────────────────────────────────── Time ────────────────────────────────────────────────────────┤
│                                                                                                                      │
│actor/actor/compute_adv=1.77e-05       │actor/actor/recv_traj=1618.5           │actor/actor/sync_model_to_rollout=2.3…│
│cal_adv_and_returns=0.0054             │env/compute_bootstrap_rewards=0.018    │env/env/bootstrap_step=4.455          │
│env/env/send_rollout_trajectories=0.437│env/env_interact_step=1459.3           │env/interact=1614.2                   │
│env/run_interact_once=1614.2           │generate_rollouts=1618.6               │rollout/generate_one_epoch=1613.8     │
│rollout/rollout/generate=1613.8        │step=1625.4                            │sync_weights=2.729                    │
│                                                                                                                      │
├──────────────────────────────────────────────────── Environment ─────────────────────────────────────────────────────┤
│                                                                                                                      │
│actor_switch_step=27.1875              │actor_switch_step_nonzero=27.1875      │entered_actor_phase_once=0.484375     │
│episode_len=415.82812                  │num_trajectories=64                    │return=0.21875                        │
│reward=0.002402556                     │success_once=0.21875                   │                                      │
│                                                                                                                      │
├─────────────────────────────────────────────────── Replay Buffer ────────────────────────────────────────────────────┤
│                                                                                                                      │
│cache_size=464.0                       │num_trajectories=464.0                 │total_samples=464.0                   │
│                                                                                                                      │
├─────────────────────────────────────────────────── Training/Other ───────────────────────────────────────────────────┤
│                                                                                                                      │
│replay/actor_switch_rate=0.0000        │replay/done_rate=0.019                 │replay/intervention_rate=0.0000       │
│replay/intervention_requested_rate=0.0…│replay/record_transition_rate=0.263    │replay/reward_mean=0.019              │
│replay/reward_positive_rate=0.019      │replay/transition_count=464.0          │rlt/actor_updates_run=0.0000          │
│rlt/critic_updates_run=0.0000          │rlt/desired_total_updates=0.0000       │rlt/global_min_replay_size=464.0      │
│rlt/global_total_transitions_added=464…│rlt/global_transitions_since_train=464…│rlt/max_updates_per_train_step=400.0  │
│rlt/min_replay_buffer_size=10000.0     │rlt/pending_update_budget=0.0000       │rlt/ready_for_online=0.0000           │
│rlt/should_train=0.0000                │rlt/skip_reason=1.000                  │rlt/train_every_episodes=0.0000       │
│rlt/train_every_transitions=5.000      │rlt/update_epoch=5.000                 │rlt/update_step=0.0000                │
│rlt/updates_scheduled=0.0000           │rlt/updates_to_run=0.0000              │rlt/warmup_required_updates=3.00e+04  │
│                                                                                                                      │
╰──────────────────────────────────────────────────────────────────────────────────────────────────────────────────────╯

wandb: 
wandb: Run history:
wandb:         env/actor_switch_step ▁
wandb: env/actor_switch_step_nonzero ▁
wandb:  env/entered_actor_phase_once ▁
wandb:               env/episode_len ▁
wandb:          env/num_trajectories ▁
wandb:                    env/return ▁
wandb:                    env/reward ▁
wandb:              env/success_once ▁
wandb:  time/actor/actor/compute_adv ▁
wandb:    time/actor/actor/recv_traj ▁
wandb:                           +43 ...
wandb: 
wandb: Run summary:
wandb:         env/actor_switch_step 27.1875
wandb: env/actor_switch_step_nonzero 27.1875
wandb:  env/entered_actor_phase_once 0.48438
wandb:               env/episode_len 415.82812
wandb:          env/num_trajectories 64
wandb:                    env/return 0.21875
wandb:                    env/reward 0.0024
wandb:              env/success_once 0.21875
wandb:  time/actor/actor/compute_adv 2e-05
wandb:    time/actor/actor/recv_traj 1618.49544
wandb:                           +43 ...
wandb: 
wandb: You can sync this run to the cloud by running:
wandb: wandb sync /workspace/results/d1/f2-h100-pcie-control-seed2026-attempt3/wandb/wandb/offline-run-20260908_214327-5nuf3158
wandb: Find logs at: /workspace/results/d1/f2-h100-pcie-control-seed2026-attempt3/wandb/wandb/offline-run-20260908_214327-5nuf3158/logs
Traceback (most recent call last):
  File "/opt/qualia/scripts/run_f2_h100_rehearsal.py", line 403, in <module>
    raise SystemExit(main())
                     ^^^^^^
  File "/opt/qualia/scripts/run_f2_h100_rehearsal.py", line 376, in main
    control["checkpoint"] = _audit_checkpoint(CONTROL_RUN_ID, 1)
                            ^^^^^^^^^^^^^^^^^^^^^^^^^^^^^^^^^^^^
  File "/opt/qualia/scripts/run_f2_h100_rehearsal.py", line 270, in _audit_checkpoint
    from agent.rlt_resume_state import audit_state_file
ModuleNotFoundError: No module named 'agent'
