WARNING: All log messages before absl::InitializeLog() is called are written to STDERR
I0000 00:00:1785777377.434670   17189 port.cc:153] oneDNN custom operations are on. You may see slightly different numerical results due to floating-point round-off errors from different computation orders. To turn them off, set the environment variable `TF_ENABLE_ONEDNN_OPTS=0`.
I0000 00:00:1785777377.477393   17189 cpu_feature_guard.cc:227] This TensorFlow binary is optimized to use available CPU instructions in performance-critical operations.
To enable the following instructions: AVX2 AVX512F AVX512_VNNI AVX512_BF16 FMA, in other operations, rebuild TensorFlow with the appropriate compiler flags.
WARNING: All log messages before absl::InitializeLog() is called are written to STDERR
I0000 00:00:1785777385.451026   17189 port.cc:153] oneDNN custom operations are on. You may see slightly different numerical results due to floating-point round-off errors from different computation orders. To turn them off, set the environment variable `TF_ENABLE_ONEDNN_OPTS=0`.
/workspace/qualia/RLinf/.venv/lib/python3.11/site-packages/hydra/_internal/defaults_list.py:262: UserWarning: In 'maniskill_rlt_stage2_ac_mlp': Defaults list is missing `_self_`. See https://hydra.cc/docs/1.2/upgrades/1.0_to_1.1/default_composition_order for more information
  warnings.warn(msg, UserWarning)
/workspace/qualia/RLinf/.venv/lib/python3.11/site-packages/hydra/_internal/hydra.py:164: UserWarning: Future Hydra versions will no longer change working directory at job runtime by default.
See https://hydra.cc/docs/1.2/upgrades/1.1_to_1.2/changes_to_job_working_dir/ for more information.
  ret = run_job(
2026-08-03 17:16:55,741	WARNING utils.py:469 -- Detecting docker specified CPUs. In previous versions of Ray, CPU detection in containers was incorrect. Please ensure that Ray has enough CPUs allocated. As a temporary workaround to revert to the prior behavior, set `RAY_USE_MULTIPROCESSING_CPU_COUNT=1` as an env var before starting Ray. Set the env var: `RAY_DISABLE_DOCKER_CPU_WARNING=1` to mute this warning.
2026-08-03 17:16:55,742	WARNING utils.py:481 -- Ray currently does not support initializing Ray with fractional cpus. Your num_cpus will be truncated from 27.2 to 27.
2026-08-03 17:17:00,049	INFO worker.py:2015 -- Started a local Ray instance. View the dashboard at [1m[32mhttp://127.0.0.1:8265 [39m[22m
[INFO 17:17:09 RLinf] RLinf is running on a cluster with 1 node and 1 accelerator. The nodes' details are: 
node_labels: []
node_rank: 0
ray_id: dbe1a40a72611ab4fbaa4a1705137f450b8c6358d1dfc22b082d39be
node_ip: 172.22.0.2
num_cpus: 27
python_interpreter_path: /workspace/qualia/RLinf/.venv/bin/python
hardware_resources:
- type: Accelerator
  infos:
  - type: Accelerator
    model: NV_GPU:H100 80GB HBM3
profiler_backends: []

Node groups' details are: 
label: cluster
nodes: '0'
hardware_type: Accelerator
ignore_hardware: false
env_configs: null

label: node
nodes: '0'
hardware_type: null
ignore_hardware: true
env_configs: null

[INFO 17:17:09 FlexiblePlacementStrategy] 
[INFO 17:17:09 FlexiblePlacementStrategy] Using flexible placement with hardware ranks: [[0]], node groups: ['cluster'].
[INFO 17:17:09 FlexiblePlacementStrategy] 
[INFO 17:17:09 FlexiblePlacementStrategy] Using flexible placement with hardware ranks: [[0]], node groups: ['cluster'].
[INFO 17:17:09 FlexiblePlacementStrategy] 
[INFO 17:17:09 FlexiblePlacementStrategy] Using flexible placement with hardware ranks: [[0]], node groups: ['cluster'].
[INFO 17:17:09 FlexiblePlacementStrategy] 
[INFO 17:17:09 FlexiblePlacementStrategy] Using flexible placement with hardware ranks: [[0]], node groups: ['cluster'].
[INFO 17:17:09 FlexiblePlacementStrategy] 
[INFO 17:17:09 FlexiblePlacementStrategy] Using flexible placement with hardware ranks: [[0]], node groups: ['cluster'].
[INFO 17:17:09 FlexiblePlacementStrategy] 
[INFO 17:17:09 FlexiblePlacementStrategy] Using flexible placement with hardware ranks: [[0]], node groups: ['cluster'].
{
  "env": {
    "train": {
      "env_type": "maniskill_rlt",
      "total_num_envs": 1,
      "wrap_obs_mode": "rlt_openpi_joint",
      "use_full_state": false,
      "auto_reset": false,
      "ignore_terminations": false,
      "use_rel_reward": false,
      "reward_mode": "only_success",
      "seed": 2026,
      "group_size": 1,
      "use_fixed_reset_state_ids": false,
      "max_steps_per_rollout_epoch": 20,
      "max_episode_steps": 20,
      "rlt_policy_switch": {
        "enable": true,
        "task_mode": "critical_phase",
        "trigger_mode": "always_on",
        "latch_until_done": true,
        "auto_gate": {
          "require_grasp": true,
          "require_not_success": true,
          "near_hole_x_min": -0.16,
          "near_hole_yz_margin": 1.5,
          "fallback_hole_radius": 0.03
        },
        "expert_takeover": {
          "enable": false,
          "trigger_mode": "stalled_progress",
          "gate": {
            "require_grasp": true,
            "require_not_success": true,
            "near_hole_x_min": -0.1,
            "near_hole_yz_margin": 2.0,
            "stuck_chunks_before_takeover": 3,
            "min_x_progress": 0.003,
            "min_yz_progress": 0.0015,
            "min_score_progress": 0.002,
            "progress_yz_weight": 1.0,
            "fallback_hole_radius": 0.03
          }
        }
      },
      "video_cfg": {
        "save_video": false,
        "info_on_video": true,
        "fps": 10,
        "record_every": 1,
        "video_base_dir": "/tmp/ENPIRE/results/d1/stage4-h100-contract-smoke-20260803/video/train"
      },
      "enable_offload": false,
      "init_params": {
        "id": "PegInsertionSideWideClearance-v1",
        "num_envs": null,
        "obs_mode": "rgb",
        "control_mode": "pd_joint_delta_pos",
        "sim_backend": "gpu",
        "reward_mode": "sparse",
        "sim_config": {
          "sim_freq": 100,
          "control_freq": 10
        },
        "max_episode_steps": 20,
        "sensor_configs": {
          "shader_pack": "default",
          "width": 384,
          "height": 384
        },
        "render_mode": "all"
      },
      "rollout_epoch": 1,
      "action_dim": 8,
      "num_action_chunks": 10,
      "ref_num_action_chunks": 10
    },
    "eval": {
      "env_type": "maniskill_rlt",
      "total_num_envs": 1,
      "wrap_obs_mode": "rlt_openpi_joint",
      "use_full_state": false,
      "auto_reset": false,
      "ignore_terminations": false,
      "use_rel_reward": false,
      "reward_mode": "only_success",
      "seed": 2026,
      "group_size": 1,
      "use_fixed_reset_state_ids": true,
      "max_steps_per_rollout_epoch": 20,
      "max_episode_steps": 20,
      "rlt_policy_switch": {
        "enable": true,
        "task_mode": "critical_phase",
        "trigger_mode": "always_on",
        "latch_until_done": true,
        "auto_gate": {
          "require_grasp": true,
          "require_not_success": true,
          "near_hole_x_min": -0.16,
          "near_hole_yz_margin": 1.5,
          "fallback_hole_radius": 0.03
        },
        "expert_takeover": {
          "enable": false,
          "trigger_mode": "stalled_progress",
          "gate": {
            "require_grasp": true,
            "require_not_success": true,
            "near_hole_x_min": -0.1,
            "near_hole_yz_margin": 2.0,
            "stuck_chunks_before_takeover": 3,
            "min_x_progress": 0.003,
            "min_yz_progress": 0.0015,
            "min_score_progress": 0.002,
            "progress_yz_weight": 1.0,
            "fallback_hole_radius": 0.03
          }
        }
      },
      "video_cfg": {
        "save_video": false,
        "info_on_video": true,
        "fps": 10,
        "record_every": 1,
        "video_base_dir": "/tmp/ENPIRE/results/d1/stage4-h100-contract-smoke-20260803/video/eval"
      },
      "enable_offload": false,
      "init_params": {
        "id": "PegInsertionSideWideClearance-v1",
        "num_envs": null,
        "obs_mode": "rgb",
        "control_mode": "pd_joint_delta_pos",
        "sim_backend": "gpu",
        "reward_mode": "sparse",
        "sim_config": {
          "sim_freq": 100,
          "control_freq": 10
        },
        "max_episode_steps": 20,
        "sensor_configs": {
          "shader_pack": "default",
          "width": 384,
          "height": 384
        },
        "render_mode": "all"
      },
      "rollout_epoch": 1,
      "policy_mode": "eval",
      "action_dim": 8,
      "num_action_chunks": 10,
      "ref_num_action_chunks": 10
    },
    "group_name": "EnvGroup"
  },
  "actor": {
    "fsdp_config": {
      "strategy": "fsdp",
      "sharding_strategy": "no_shard",
      "gradient_checkpointing": false,
      "cpu_offload": false,
      "offload_pin_memory": false,
      "reshard_after_forward": true,
      "enable_gradient_accumulation": true,
      "forward_prefetch": false,
      "limit_all_gathers": false,
      "backward_prefetch": null,
      "use_orig_params": false,
      "use_liger_kernel": false,
      "mixed_precision": {
        "param_dtype": "fp32",
        "reduce_dtype": "fp32",
        "buffer_dtype": "fp32"
      },
      "amp_autocast": {
        "enabled": false,
        "precision": "bf16"
      },
      "grad_scaler": {
        "enabled": false,
        "init_scale": null,
        "growth_interval": null
      }
    },
    "group_name": "ActorGroup",
    "training_backend": "fsdp",
    "micro_batch_size": 1,
    "global_batch_size": 1,
    "seed": 2026,
    "enable_offload": false,
    "model": {
      "model_type": "rlt_mlp_policy",
      "precision": "fp32",
      "policy_setup": "panda-qpos",
      "action_dim": 8,
      "num_action_chunks": 10,
      "ref_num_action_chunks": 10,
      "z_dim": 2048,
      "proprio_dim": 9,
      "add_value_head": false,
      "add_q_head": true,
      "q_head_type": "default",
      "fixed_std": 0.002,
      "is_lora": false,
      "lora_rank": 32
    },
    "optim": {
      "clip_grad": 10.0,
      "lr": 0.0001,
      "lr_scheduler": "torch_constant"
    },
    "critic_optim": {
      "clip_grad": 10.0,
      "lr": 0.0001,
      "lr_scheduler": "torch_constant"
    }
  },
  "weight_syncer": {
    "type": "patch",
    "patch": {
      "snapshot_device": "cpu",
      "delta_encoding": true,
      "compression": "none",
      "init_sync": {
        "enabled": true,
        "prefixes": null,
        "bucket_size": 134217728
      }
    }
  },
  "cluster": {
    "num_nodes": 1,
    "component_placement": {
      "actor": "0-0",
      "env": "all",
      "rollout": "all"
    }
  },
  "runner": {
    "task_type": "embodied",
    "logger": {
      "log_path": "/tmp/ENPIRE/results/d1/stage4-h100-contract-smoke-20260803",
      "project_name": "qualia-rlt-d1",
      "experiment_name": "maniskill_rlt_stage2_ac_mlp",
      "logger_backends": [
        "wandb"
      ]
    },
    "max_epochs": 5000,
    "max_steps": 1,
    "only_eval": false,
    "weight_sync_interval": 1,
    "val_check_interval": 1,
    "save_interval": -1,
    "resume_dir": null,
    "ckpt_path": null,
    "per_worker_log": false,
    "per_worker_log_path": null,
    "overlap_env_bootstrap": false
  },
  "algorithm": {
    "update_epoch": 1,
    "rlt_schedule": {
      "enable": true,
      "max_updates_per_train_step": 1,
      "warmup_min_size": 1,
      "warmup_post_collect_updates": 1,
      "train_every_episodes": 0,
      "train_every_transitions": 1
    },
    "group_size": 1,
    "adv_type": "embodied_sac",
    "loss_type": "rlt_ac",
    "loss_agg_func": "token-mean",
    "agg_q": "min",
    "actor_agg_q": "q1",
    "enable_drq": false,
    "q_head_type": "default",
    "bootstrap_type": "standard",
    "gamma": 0.96,
    "tau": 0.005,
    "q_weight": 1.0,
    "bc_weight": 1.0,
    "reference_dropout_prob": 0.5,
    "actor_weight_schedule": {
      "enable": false,
      "warmup_updates": 20000,
      "ramp_updates": 50000,
      "warmup_bc_weight": 7,
      "warmup_q_weight": 0.05,
      "online_bc_weight": 2.5,
      "online_q_weight": 0.45
    },
    "entropy_tuning": {
      "alpha_type": "fixed_alpha",
      "initial_alpha": 0.0,
      "optim": {
        "lr": 0.0003,
        "lr_scheduler": "torch_constant",
        "clip_grad": 10.0
      }
    },
    "replay_buffer": {
      "enable_cache": true,
      "cache_size": 10000,
      "sample_window_size": 50000,
      "max_num_samples": 50000,
      "min_buffer_size": 1,
      "auto_save": false
    },
    "target_update_freq": 1,
    "target_update_type": "all",
    "train_actor_steps": 1000,
    "critic_actor_ratio": 4,
    "critic_subsample_size": 0,
    "backup_entropy": false
  },
  "rollout": {
    "group_name": "RolloutGroup",
    "backend": "huggingface",
    "enable_offload": false,
    "pipeline_stage_num": 1,
    "collect_transitions": true,
    "collect_prev_infos": true,
    "model": {
      "model_type": "rlt_mlp_policy",
      "model_path": "",
      "precision": "fp32",
      "policy_setup": "panda-qpos",
      "action_dim": 8,
      "num_action_chunks": 10,
      "ref_num_action_chunks": 10,
      "z_dim": 2048,
      "proprio_dim": 9,
      "add_q_head": true,
      "q_head_type": "default",
      "fixed_std": 0.002,
      "is_lora": false,
      "lora_rank": 32
    },
    "rlt_feature_model": {
      "model_type": "openpi",
      "model_path": "/workspace/qualia-checkpoints/stage1-step5/actor",
      "precision": null,
      "num_action_chunks": 10,
      "action_dim": 8,
      "add_value_head": false,
      "is_lora": false,
      "lora_rank": 32,
      "openpi_data": {
        "repo_id": "maniskill_peginsertionside_joint",
        "default_prompt": "insert the peg in the hole",
        "norm_stats_path": "/dev/shm/qualia-assets/maniskill_peginsertionside_joint/norm_stats.json"
      },
      "openpi": {
        "config_name": "pi05_rlt_maniskill_joint",
        "num_images_in_input": 2,
        "action_chunk": 10,
        "action_horizon": 10,
        "action_env_dim": 8,
        "num_steps": 5,
        "train_expert_only": false,
        "add_value_head": false,
        "detach_critic_input": true,
        "use_rlt": true,
        "rlt_alpha": 1.0,
        "rlt_input_dim": 2048,
        "rlt_embed_dim": 2048,
        "rlt_num_rl_tokens": 1,
        "rlt_prefix_seq_len": 1024,
        "rlt_num_layers": 2,
        "rlt_num_heads": 8,
        "rlt_mlp_ratio": 4.0,
        "rlt_encoder_type": "append_self_attention",
        "rlt_image_only": false,
        "rlt_use_mask": true
      }
    },
    "expert_model": null,
    "enable_torch_compile": false,
    "enable_cuda_graph": false
  },
  "reward": {
    "use_reward_model": false
  },
  "critic": {
    "use_critic_model": false
  }
}[INFO 17:17:09 FlexiblePlacementStrategy] 
[INFO 17:17:09 FlexiblePlacementStrategy] Using flexible placement with hardware ranks: [[0]], node groups: ['cluster'].
[INFO 17:17:09 FlexiblePlacementStrategy] 
[INFO 17:17:09 FlexiblePlacementStrategy] Using flexible placement with hardware ranks: [[0]], node groups: ['cluster'].
[INFO 17:17:09 FlexiblePlacementStrategy] 
[INFO 17:17:09 FlexiblePlacementStrategy] Using flexible placement with hardware ranks: [[0]], node groups: ['cluster'].
[INFO 17:17:09 FlexiblePlacementStrategy] Generated 1 placements: [Placement(rank=0, cluster_node_rank=0, placement_node_rank=0, local_accelerator_rank=0, accelerator_type='NV_GPU', local_rank=0, local_world_size=1, visible_accelerators=['0'], isolate_accelerator=True, local_hardware_ranks=[0], node_group_label='cluster')].
[INFO 17:17:09 FlexiblePlacementStrategy] Generated 1 placements: [Placement(rank=0, cluster_node_rank=0, placement_node_rank=0, local_accelerator_rank=0, accelerator_type='NV_GPU', local_rank=0, local_world_size=1, visible_accelerators=['0'], isolate_accelerator=True, local_hardware_ranks=[0], node_group_label='cluster')].
[INFO 17:17:09 FlexiblePlacementStrategy] Generated 1 placements: [Placement(rank=0, cluster_node_rank=0, placement_node_rank=0, local_accelerator_rank=0, accelerator_type='NV_GPU', local_rank=0, local_world_size=1, visible_accelerators=['0'], isolate_accelerator=True, local_hardware_ranks=[0], node_group_label='cluster')].
[INFO 17:17:09 NodePlacementStrategy] 
[INFO 17:17:09 NodePlacementStrategy] Using node placement with node ranks: [0], node groups: ['node'].
[INFO 17:17:09 NodePlacementStrategy] Generated 1 placements: [Placement(rank=0, cluster_node_rank=0, placement_node_rank=0, local_accelerator_rank='0', accelerator_type='NV_GPU', local_rank=0, local_world_size=1, visible_accelerators=['0'], isolate_accelerator=True, local_hardware_ranks=[], node_group_label='cluster')].
[INFO 17:17:09 NodePlacementStrategy] 
[INFO 17:17:09 NodePlacementStrategy] Using node placement with node ranks: [0], node groups: ['node'].
[INFO 17:17:09 NodePlacementStrategy] Generated 1 placements: [Placement(rank=0, cluster_node_rank=0, placement_node_rank=0, local_accelerator_rank='0', accelerator_type='NV_GPU', local_rank=0, local_world_size=1, visible_accelerators=['0'], isolate_accelerator=True, local_hardware_ranks=[], node_group_label='cluster')].
[INFO 17:17:10 NodePlacementStrategy] 
[INFO 17:17:10 NodePlacementStrategy] Using node placement with node ranks: [0], node groups: ['node'].
[INFO 17:17:10 NodePlacementStrategy] Generated 1 placements: [Placement(rank=0, cluster_node_rank=0, placement_node_rank=0, local_accelerator_rank='0', accelerator_type='NV_GPU', local_rank=0, local_world_size=1, visible_accelerators=['0'], isolate_accelerator=True, local_hardware_ranks=[], node_group_label='cluster')].
wandb: WARNING Using a boolean value for 'reinit' is deprecated. Use 'return_previous' or 'finish_previous' instead.
wandb: Tracking run with wandb version 0.25.0
wandb: W&B syncing is set to `offline` in this directory. Run `wandb online` or set WANDB_MODE=online to enable cloud syncing.
wandb: Run data is saved locally in /tmp/ENPIRE/results/d1/stage4-h100-contract-smoke-20260803/wandb/wandb/offline-run-20260803_171713-e8vaj71i
[36m(MultiStepRolloutWorker pid=19848)[0m [INFO 17:17:24 FlexiblePlacementStrategy] 
[36m(MultiStepRolloutWorker pid=19848)[0m [INFO 17:17:24 FlexiblePlacementStrategy] Using flexible placement with hardware ranks: [[0]], node groups: ['cluster'].
[36m(MultiStepRolloutWorker pid=19848)[0m [INFO 17:17:24 FlexiblePlacementStrategy] 
[36m(MultiStepRolloutWorker pid=19848)[0m [INFO 17:17:24 FlexiblePlacementStrategy] Using flexible placement with hardware ranks: [[0]], node groups: ['cluster'].
[36m(MultiStepRolloutWorker pid=19848)[0m [INFO 17:17:24 FlexiblePlacementStrategy] 
[36m(MultiStepRolloutWorker pid=19848)[0m [INFO 17:17:24 FlexiblePlacementStrategy] Using flexible placement with hardware ranks: [[0]], node groups: ['cluster'].
[36m(pid=19850)[0m WARNING: All log messages before absl::InitializeLog() is called are written to STDERR
[36m(pid=19850)[0m I0000 00:00:1785777444.976920   19850 port.cc:153] oneDNN custom operations are on. You may see slightly different numerical results due to floating-point round-off errors from different computation orders. To turn them off, set the environment variable `TF_ENABLE_ONEDNN_OPTS=0`.
[36m(pid=19850)[0m WARNING: All log messages before absl::InitializeLog() is called are written to STDERR
[36m(pid=19850)[0m I0000 00:00:1785777452.817706   19850 port.cc:153] oneDNN custom operations are on. You may see slightly different numerical results due to floating-point round-off errors from different computation orders. To turn them off, set the environment variable `TF_ENABLE_ONEDNN_OPTS=0`.
[36m(RLTACFSDPPolicy pid=19846)[0m [INFO 17:17:33 FlexiblePlacementStrategy] 
[36m(RLTACFSDPPolicy pid=19846)[0m [INFO 17:17:33 FlexiblePlacementStrategy] Using flexible placement with hardware ranks: [[0]], node groups: ['cluster'].
[36m(RLTACFSDPPolicy pid=19846)[0m [INFO 17:17:33 FlexiblePlacementStrategy] 
[36m(RLTACFSDPPolicy pid=19846)[0m [INFO 17:17:33 FlexiblePlacementStrategy] Using flexible placement with hardware ranks: [[0]], node groups: ['cluster'].
[36m(RLTACFSDPPolicy pid=19846)[0m [INFO 17:17:33 FlexiblePlacementStrategy] 
[36m(RLTACFSDPPolicy pid=19846)[0m [INFO 17:17:33 FlexiblePlacementStrategy] Using flexible placement with hardware ranks: [[0]], node groups: ['cluster'].
[36m(RolloutGroup(rank=0) pid=19848)[0m WARNING: All log messages before absl::InitializeLog() is called are written to STDERR
[36m(RolloutGroup(rank=0) pid=19848)[0m I0000 00:00:1785777456.438270   20621 port.cc:153] oneDNN custom operations are on. You may see slightly different numerical results due to floating-point round-off errors from different computation orders. To turn them off, set the environment variable `TF_ENABLE_ONEDNN_OPTS=0`.
[36m(EnvWorker pid=19850)[0m [INFO 17:17:38 FlexiblePlacementStrategy] 
[36m(EnvWorker pid=19850)[0m [INFO 17:17:38 FlexiblePlacementStrategy] Using flexible placement with hardware ranks: [[0]], node groups: ['cluster'].
[36m(EnvWorker pid=19850)[0m [INFO 17:17:38 FlexiblePlacementStrategy] 
[36m(EnvWorker pid=19850)[0m [INFO 17:17:38 FlexiblePlacementStrategy] Using flexible placement with hardware ranks: [[0]], node groups: ['cluster'].
[36m(EnvWorker pid=19850)[0m [INFO 17:17:38 FlexiblePlacementStrategy] 
[36m(EnvWorker pid=19850)[0m [INFO 17:17:38 FlexiblePlacementStrategy] Using flexible placement with hardware ranks: [[0]], node groups: ['cluster'].
[36m(RolloutGroup(rank=0) pid=19848)[0m WARNING: All log messages before absl::InitializeLog() is called are written to STDERR
[36m(RolloutGroup(rank=0) pid=19848)[0m I0000 00:00:1785777462.237215   20621 port.cc:153] oneDNN custom operations are on. You may see slightly different numerical results due to floating-point round-off errors from different computation orders. To turn them off, set the environment variable `TF_ENABLE_ONEDNN_OPTS=0`.
[36m(EnvGroup(rank=0) pid=19850)[0m INFO:OpenGL.acceleratesupport:No OpenGL_accelerate module loaded: No module named 'OpenGL_accelerate'
[36m(RolloutGroup(rank=0) pid=19848)[0m INFO:datasets:PyTorch version 2.6.0 available.
[36m(RolloutGroup(rank=0) pid=19848)[0m INFO:datasets:Polars version 1.43.2 available.
[36m(RolloutGroup(rank=0) pid=19848)[0m INFO:datasets:TensorFlow version 2.21.0 available.
[36m(RolloutGroup(rank=0) pid=19848)[0m INFO:datasets:JAX version 0.5.3 available.
[36m(EnvGroup(rank=0) pid=19850)[0m /workspace/qualia/RLinf/.venv/lib/python3.11/site-packages/gymnasium/core.py:311: UserWarning: [33mWARN: env.xyz_configs to get variables from other wrappers is deprecated and will be removed in v1.0, to get this variable you can do `env.unwrapped.xyz_configs` for environment variables or `env.get_wrapper_attr('xyz_configs')` that will search the reminding wrappers.[0m
[36m(EnvGroup(rank=0) pid=19850)[0m   logger.warn(
[36m(RolloutGroup(rank=0) pid=19848)[0m INFO:root:Loaded norm stats from /dev/shm/qualia-assets/maniskill_peginsertionside_joint
[36m(RolloutGroup(rank=0) pid=19848)[0m 
Generating Rollout Epochs:   0%|          | 0/1 [00:00<?, ?it/s]
[36m(RolloutGroup(rank=0) pid=19848)[0m 
Generating Rollout Epochs: 100%|██████████| 1/1 [00:03<00:00,  3.81s/it]
Generating Rollout Epochs: 100%|██████████| 1/1 [00:03<00:00,  3.81s/it]
[36m(RolloutGroup(rank=0) pid=19848)[0m 
Evaluating Rollout Epochs:   0%|          | 0/1 [00:00<?, ?it/s]
[36m(RolloutGroup(rank=0) pid=19848)[0m 
Evaluating Rollout Epochs: 100%|██████████| 1/1 [00:01<00:00,  1.74s/it]
Evaluating Rollout Epochs: 100%|██████████| 1/1 [00:01<00:00,  1.74s/it]

[36m(RLTACFSDPPolicy pid=19846)[0m [INFO 17:17:33 ActorGroup-Rank-0][fsdp_model_manager.py:124] [FSDP] AMP is disabled.
[36m(ActorGroup(rank=0) pid=19846)[0m [INFO 17:18:58 ActorGroup-Rank-0][fsdp_sac_policy_worker.py:92] [FSDP] Gradient checkpointing is disabled
[36m(ActorGroup(rank=0) pid=19846)[0m [WARNING 17:18:59 ActorGroup-Rank-0][replay_buffer.py:263] auto_save is disabled, enabling cache with size 50000

╭──────────────────────────────────────────────────────────────────────────────────────────────────────────────────────╮
├──────────────────────────────────────────────────── Metric Table ────────────────────────────────────────────────────┤
│ Global Step:    1/1 │ Progress: ████████████████████████████████████████ │ 100.0%                                    │
│ Elapsed: 00:08 │ ETA: 00:00 │ Step Time: 8.702s                                                                      │
├──────────────────────────────────────────────────────── Time ────────────────────────────────────────────────────────┤
│                                                                                                                      │
│actor/actor/compute_adv=1.96e-05       │actor/actor/recv_traj=4.484            │actor/actor/sync_model_to_rollout=0.3…│
│actor/forward_actor=0.017              │actor/forward_critic=0.238             │actor/sample=0.0022                   │
│actor/update_one_epoch=0.544           │cal_adv_and_returns=0.0020             │env/compute_bootstrap_rewards=1.35e-04│
│env/env/bootstrap_step=0.961           │env/env/send_rollout_trajectories=0.537│env/env_interact_step=1.453           │
│env/interact=4.355                     │env/run_interact_once=4.355            │eval=2.889                            │
│generate_rollouts=4.529                │rollout/generate_one_epoch=3.808       │rollout/rollout/generate=3.810        │
│step=8.691                             │sync_weights=0.720                     │                                      │
│                                                                                                                      │
├──────────────────────────────────────────────────── Environment ─────────────────────────────────────────────────────┤
│                                                                                                                      │
│actor_switch_step=0.0                  │actor_switch_step_nonzero=0.0          │entered_actor_phase_once=1.0          │
│episode_len=20.0                       │num_trajectories=1                     │return=0.0                            │
│reward=0.0                             │success_once=0.0                       │                                      │
│                                                                                                                      │
├───────────────────────────────────────────────────── Evaluation ─────────────────────────────────────────────────────┤
│                                                                                                                      │
│actor_switch_step=0.0                  │actor_switch_step_nonzero=0.0          │entered_actor_phase_once=1.0          │
│episode_len=20.0                       │num_trajectories=1                     │return=0.0                            │
│reward=0.0                             │success_once=0.0                       │                                      │
│                                                                                                                      │
├─────────────────────────────────────────────────── Replay Buffer ────────────────────────────────────────────────────┤
│                                                                                                                      │
│cache_size=1.000                       │num_trajectories=1.000                 │total_samples=1.000                   │
│                                                                                                                      │
├─────────────────────────────────────────────────── Training/Actor ───────────────────────────────────────────────────┤
│                                                                                                                      │
│actor/action_ref_abs_mean=0.113        │actor/actor_weight_in_warmup=0.0000    │actor/actor_weight_ramp_progress=1.000│
│actor/actor_weight_schedule_enabled=0.…│actor/bc_human_loss=0.0000             │actor/bc_loss=0.055                   │
│actor/bc_ref_loss=0.055                │actor/bc_weight=1.000                  │actor/entropy=-394.0                  │
│actor/grad_norm=11.117                 │actor/human_mask_ratio=0.0000          │actor/lr=1.00e-04                     │
│actor/policy_mask_ratio=1.000          │actor/q_pi=-0.255                      │actor/q_value_0=-0.255                │
│actor/q_value_1=0.218                  │actor/q_weight=1.000                   │actor/reference_dropout_prob=0.500    │
│actor/weighted_bc=0.055                │actor/weighted_q=-0.255                │                                      │
│                                                                                                                      │
├────────────────────────────────────────────────── Training/Critic ───────────────────────────────────────────────────┤
│                                                                                                                      │
│critic/grad_norm=1.170                 │critic/lr=1.00e-04                     │critic/q_data=-0.034                  │
│                                                                                                                      │
├─────────────────────────────────────────────────── Training/Other ───────────────────────────────────────────────────┤
│                                                                                                                      │
│alpha/grad_norm=0.0000                 │replay/actor_switch_rate=0.0000        │replay/done_rate=1.000                │
│replay/intervention_rate=0.0000        │replay/intervention_requested_rate=0.0…│replay/record_transition_rate=0.500   │
│replay/reward_mean=0.0000              │replay/reward_positive_rate=0.0000     │replay/transition_count=1.000         │
│rlt/actor_updates_run=1.000            │rlt/critic_updates_run=1.000           │rlt/desired_total_updates=1.000       │
│rlt/global_min_replay_size=1.000       │rlt/global_total_transitions_added=1.0…│rlt/global_transitions_since_train=1.…│
│rlt/max_updates_per_train_step=1.000   │rlt/min_replay_buffer_size=1.000       │rlt/pending_update_budget=0.0000      │
│rlt/ready_for_online=0.0000            │rlt/should_train=1.000                 │rlt/skip_reason=0.0000                │
│rlt/train_every_episodes=0.0000        │rlt/train_every_transitions=1.000      │rlt/update_epoch=1.000                │
│rlt/update_step=0.0000                 │rlt/updates_scheduled=1.000            │rlt/updates_to_run=1.000              │
│rlt/warmup_required_updates=1.000      │sac/actor_loss=0.310                   │sac/alpha=0.0000                      │
│sac/alpha_loss=0.0000                  │sac/critic_loss=0.0050                 │                                      │
│                                                                                                                      │
╰──────────────────────────────────────────────────────────────────────────────────────────────────────────────────────╯
wandb: 
wandb: Run history:
wandb:          env/actor_switch_step ▁
wandb:  env/actor_switch_step_nonzero ▁
wandb:   env/entered_actor_phase_once ▁
wandb:                env/episode_len ▁
wandb:           env/num_trajectories ▁
wandb:                     env/return ▁
wandb:                     env/reward ▁
wandb:               env/success_once ▁
wandb:         eval/actor_switch_step ▁
wandb: eval/actor_switch_step_nonzero ▁
wandb:                            +84 ...
wandb: 
wandb: Run summary:
wandb:          env/actor_switch_step 0
wandb:  env/actor_switch_step_nonzero 0
wandb:   env/entered_actor_phase_once 1
wandb:                env/episode_len 20
wandb:           env/num_trajectories 1
wandb:                     env/return 0
wandb:                     env/reward 0
wandb:               env/success_once 0
wandb:         eval/actor_switch_step 0
wandb: eval/actor_switch_step_nonzero 0
wandb:                            +84 ...
wandb: 
wandb: You can sync this run to the cloud by running:
wandb: wandb sync /tmp/ENPIRE/results/d1/stage4-h100-contract-smoke-20260803/wandb/wandb/offline-run-20260803_171713-e8vaj71i
wandb: Find logs at: /tmp/ENPIRE/results/d1/stage4-h100-contract-smoke-20260803/wandb/wandb/offline-run-20260803_171713-e8vaj71i/logs

