
╭──────────────────────────────────────────────────────────────────────────────────────────────────────────────────────╮
├──────────────────────────────────────────────────── Metric Table ────────────────────────────────────────────────────┤
│ Global Step:    1/1 │ Progress: ████████████████████████████████████████ │ 100.0%                                    │
│ Elapsed: 00:07 │ ETA: 00:00 │ Step Time: 7.226s                                                                      │
├──────────────────────────────────────────────────────── Time ────────────────────────────────────────────────────────┤
│                                                                                                                      │
│actor/actor/compute_adv=1.89e-05       │actor/actor/recv_traj=3.995            │actor/actor/sync_model_to_rollout=0.1…│
│cal_adv_and_returns=0.0027             │env/compute_bootstrap_rewards=1.12e-04 │env/env/bootstrap_step=1.021          │
│env/env/send_rollout_trajectories=0.803│env/env_interact_step=0.747            │env/interact=3.887                    │
│env/run_interact_once=3.887            │eval=2.374                             │generate_rollouts=4.038               │
│rollout/generate_one_epoch=3.063       │rollout/rollout/generate=3.066         │step=7.214                            │
│sync_weights=0.785                     │                                       │                                      │
│                                                                                                                      │
├──────────────────────────────────────────────────── Environment ─────────────────────────────────────────────────────┤
│                                                                                                                      │
│actor_switch_step=0.0                  │actor_switch_step_nonzero=0.0          │entered_actor_phase_once=0.0          │
│episode_len=10.0                       │num_trajectories=1                     │return=0.0                            │
│reward=0.0                             │success_once=0.0                       │                                      │
│                                                                                                                      │
├───────────────────────────────────────────────────── Evaluation ─────────────────────────────────────────────────────┤
│                                                                                                                      │
│actor_switch_step=0.0                  │actor_switch_step_nonzero=0.0          │entered_actor_phase_once=0.0          │
│episode_len=10.0                       │num_trajectories=1                     │return=0.0                            │
│reward=0.0                             │success_once=0.0                       │                                      │
│                                                                                                                      │
├─────────────────────────────────────────────────── Replay Buffer ────────────────────────────────────────────────────┤
│                                                                                                                      │
│cache_size=0.0000                      │num_trajectories=0.0000                │total_samples=0.0000                  │
│                                                                                                                      │
├─────────────────────────────────────────────────── Training/Other ───────────────────────────────────────────────────┤
│                                                                                                                      │
│replay/actor_switch_rate=0.0000        │replay/intervention_rate=0.0000        │replay/intervention_requested_rate=0.…│
│replay/record_transition_rate=0.0000   │replay/transition_count=0.0000         │rlt/actor_updates_run=0.0000          │
│rlt/critic_updates_run=0.0000          │rlt/desired_total_updates=0.0000       │rlt/global_min_replay_size=0.0000     │
│rlt/global_total_transitions_added=0.0…│rlt/global_transitions_since_train=0.0…│rlt/max_updates_per_train_step=400.0  │
│rlt/min_replay_buffer_size=10000.0     │rlt/pending_update_budget=0.0000       │rlt/ready_for_online=0.0000           │
│rlt/should_train=0.0000                │rlt/skip_reason=1.000                  │rlt/train_every_episodes=0.0000       │
│rlt/train_every_transitions=5.000      │rlt/update_epoch=5.000                 │rlt/update_step=0.0000                │
│rlt/updates_scheduled=0.0000           │rlt/updates_to_run=0.0000              │rlt/warmup_required_updates=3.00e+04  │
│                                                                                                                      │
╰──────────────────────────────────────────────────────────────────────────────────────────────────────────────────────╯
