
╭──────────────────────────────────────────────────────────────────────────────────────────────────────────────────────╮
├──────────────────────────────────────────────────── Metric Table ────────────────────────────────────────────────────┤
│ Global Step:    1/1 │ Progress: ████████████████████████████████████████ │ 100.0%                                    │
│ Elapsed: 29:24 │ ETA: 00:00 │ Step Time: 1764.917s                                                                   │
├──────────────────────────────────────────────────────── Time ────────────────────────────────────────────────────────┤
│                                                                                                                      │
│actor/actor/compute_adv=1.66e-05       │actor/actor/recv_traj=1755.9           │actor/actor/sync_model_to_rollout=1.9…│
│cal_adv_and_returns=0.010              │env/compute_bootstrap_rewards=0.018    │env/env/bootstrap_step=4.908          │
│env/env/send_rollout_trajectories=0.415│env/env_interact_step=1585.8           │env/interact=1751.8                   │
│env/run_interact_once=1751.8           │generate_rollouts=1756.0               │rollout/generate_one_epoch=1751.3     │
│rollout/rollout/generate=1751.3        │step=1764.9                            │sync_weights=2.328                    │
│                                                                                                                      │
├──────────────────────────────────────────────────── Environment ─────────────────────────────────────────────────────┤
│                                                                                                                      │
│actor_switch_step=22.96875             │actor_switch_step_nonzero=22.96875     │entered_actor_phase_once=0.453125     │
│episode_len=424.0625                   │num_trajectories=64                    │return=0.1875                         │
│reward=0.002175226                     │success_once=0.1875                    │                                      │
│                                                                                                                      │
├─────────────────────────────────────────────────── Replay Buffer ────────────────────────────────────────────────────┤
│                                                                                                                      │
│cache_size=724.0                       │num_trajectories=724.0                 │total_samples=724.0                   │
│                                                                                                                      │
├─────────────────────────────────────────────────── Training/Other ───────────────────────────────────────────────────┤
│                                                                                                                      │
│replay/actor_switch_rate=0.0000        │replay/done_rate=0.0069                │replay/intervention_rate=0.0000       │
│replay/intervention_requested_rate=0.0…│replay/record_transition_rate=0.258    │replay/reward_mean=0.014              │
│replay/reward_positive_rate=0.014      │replay/transition_count=724.0          │rlt/actor_updates_run=0.0000          │
│rlt/critic_updates_run=0.0000          │rlt/desired_total_updates=0.0000       │rlt/global_min_replay_size=724.0      │
│rlt/global_total_transitions_added=724…│rlt/global_transitions_since_train=724…│rlt/max_updates_per_train_step=400.0  │
│rlt/min_replay_buffer_size=10000.0     │rlt/pending_update_budget=0.0000       │rlt/ready_for_online=0.0000           │
│rlt/should_train=0.0000                │rlt/skip_reason=1.000                  │rlt/train_every_episodes=0.0000       │
│rlt/train_every_transitions=5.000      │rlt/update_epoch=5.000                 │rlt/update_step=0.0000                │
│rlt/updates_scheduled=0.0000           │rlt/updates_to_run=0.0000              │rlt/warmup_required_updates=3.00e+04  │
│                                                                                                                      │
╰──────────────────────────────────────────────────────────────────────────────────────────────────────────────────────╯

