
╭──────────────────────────────────────────────────────────────────────────────────────────────────────────────────────╮
├──────────────────────────────────────────────────── Metric Table ────────────────────────────────────────────────────┤
│ Global Step:    1/1 │ Progress: ████████████████████████████████████████ │ 100.0%                                    │
│ Elapsed: 30:13 │ ETA: 00:00 │ Step Time: 1813.042s                                                                   │
├──────────────────────────────────────────────────────── Time ────────────────────────────────────────────────────────┤
│                                                                                                                      │
│actor/actor/compute_adv=3.27e-05       │actor/actor/recv_traj=372.2            │actor/actor/sync_model_to_rollout=0.8…│
│cal_adv_and_returns=0.0036             │env/compute_bootstrap_rewards=0.019    │env/env/bootstrap_step=0.252          │
│env/env/send_rollout_trajectories=0.562│env/env_interact_step=182.5            │env/interact=371.8                    │
│env/run_interact_once=371.8            │eval=1439.5                            │generate_rollouts=372.2               │
│rollout/generate_one_epoch=371.2       │rollout/rollout/generate=371.2         │step=1813.0                           │
│sync_weights=0.992                     │                                       │                                      │
│                                                                                                                      │
├──────────────────────────────────────────────────── Environment ─────────────────────────────────────────────────────┤
│                                                                                                                      │
│episode_len=500.0                      │num_trajectories=64                    │return=0.0                            │
│reward=0.0                             │success_once=0.0                       │                                      │
│                                                                                                                      │
├───────────────────────────────────────────────────── Evaluation ─────────────────────────────────────────────────────┤
│                                                                                                                      │
│episode_len=500.0                      │num_trajectories=256                   │return=0.0                            │
│reward=0.0                             │success_once=0.0                       │                                      │
│                                                                                                                      │
├─────────────────────────────────────────────────── Replay Buffer ────────────────────────────────────────────────────┤
│                                                                                                                      │
│cache_size=0.0000                      │num_trajectories=0.0000                │total_samples=0.0000                  │
│                                                                                                                      │
├─────────────────────────────────────────────────── Training/Other ───────────────────────────────────────────────────┤
│                                                                                                                      │
│replay/actor_switch_rate=0.0000        │replay/intervention_rate=0.0000        │replay/intervention_requested_rate=0.…│
│replay/record_transition_rate=0.0000   │replay/transition_count=0.0000         │rlt/actor_updates_run=0.0000          │
│rlt/critic_updates_run=0.0000          │rlt/desired_total_updates=0.0000       │rlt/global_min_replay_size=0.0000     │
│rlt/global_total_transitions_added=0.0…│rlt/global_transitions_since_train=0.0…│rlt/max_updates_per_train_step=400.0  │
│rlt/min_replay_buffer_size=10000.0     │rlt/pending_update_budget=0.0000       │rlt/ready_for_online=0.0000           │
│rlt/should_train=0.0000                │rlt/skip_reason=1.000                  │rlt/train_every_episodes=0.0000       │
│rlt/train_every_transitions=5.000      │rlt/update_epoch=5.000                 │rlt/update_step=0.0000                │
│rlt/updates_scheduled=0.0000           │rlt/updates_to_run=0.0000              │rlt/warmup_required_updates=3.00e+04  │
│                                                                                                                      │
╰──────────────────────────────────────────────────────────────────────────────────────────────────────────────────────╯

