WARNING: All log messages before absl::InitializeLog() is called are written to STDERR
I0000 00:00:1785832014.420661  143339 port.cc:153] oneDNN custom operations are on. You may see slightly different numerical results due to floating-point round-off errors from different computation orders. To turn them off, set the environment variable `TF_ENABLE_ONEDNN_OPTS=0`.
I0000 00:00:1785832014.474448  143339 cpu_feature_guard.cc:227] This TensorFlow binary is optimized to use available CPU instructions in performance-critical operations.
To enable the following instructions: AVX2 AVX512F AVX512_VNNI AVX512_BF16 FMA, in other operations, rebuild TensorFlow with the appropriate compiler flags.
WARNING: All log messages before absl::InitializeLog() is called are written to STDERR
I0000 00:00:1785832016.490913  143339 port.cc:153] oneDNN custom operations are on. You may see slightly different numerical results due to floating-point round-off errors from different computation orders. To turn them off, set the environment variable `TF_ENABLE_ONEDNN_OPTS=0`.
/root/qualia/RLinf/.venv/lib/python3.11/site-packages/hydra/_internal/defaults_list.py:262: UserWarning: In 'maniskill_rlt_stage2_ac_mlp': Defaults list is missing `_self_`. See https://hydra.cc/docs/1.2/upgrades/1.0_to_1.1/default_composition_order for more information
  warnings.warn(msg, UserWarning)
/root/qualia/RLinf/.venv/lib/python3.11/site-packages/hydra/_internal/hydra.py:164: UserWarning: Future Hydra versions will no longer change working directory at job runtime by default.
See https://hydra.cc/docs/1.2/upgrades/1.1_to_1.2/changes_to_job_working_dir/ for more information.
  ret = run_job(
2026-08-04 08:27:02,163	WARNING utils.py:469 -- Detecting docker specified CPUs. In previous versions of Ray, CPU detection in containers was incorrect. Please ensure that Ray has enough CPUs allocated. As a temporary workaround to revert to the prior behavior, set `RAY_USE_MULTIPROCESSING_CPU_COUNT=1` as an env var before starting Ray. Set the env var: `RAY_DISABLE_DOCKER_CPU_WARNING=1` to mute this warning.
2026-08-04 08:27:02,164	WARNING utils.py:481 -- Ray currently does not support initializing Ray with fractional cpus. Your num_cpus will be truncated from 13.6 to 13.
2026-08-04 08:27:04,545	INFO worker.py:2015 -- Started a local Ray instance. View the dashboard at [1m[32mhttp://127.0.0.1:8265 [39m[22m
[INFO 08:27:06 RLinf] RLinf is running on a cluster with 1 node and 1 accelerator. The nodes' details are: 
node_labels: []
node_rank: 0
ray_id: e1003be6a0d04c3fede55fd3b47676036330ca1f77a46f24bd396537
node_ip: 172.24.0.2
num_cpus: 13
python_interpreter_path: /root/qualia/RLinf/.venv/bin/python
hardware_resources:
- type: Accelerator
  infos:
  - type: Accelerator
    model: NV_GPU:L40S
profiler_backends: []

Node groups' details are: 
label: cluster
nodes: '0'
hardware_type: Accelerator
ignore_hardware: false
env_configs: null

label: node
nodes: '0'
hardware_type: null
ignore_hardware: true
env_configs: null

[INFO 08:27:06 FlexiblePlacementStrategy] 
[INFO 08:27:06 FlexiblePlacementStrategy] Using flexible placement with hardware ranks: [[0]], node groups: ['cluster'].
[INFO 08:27:06 FlexiblePlacementStrategy] 
[INFO 08:27:06 FlexiblePlacementStrategy] Using flexible placement with hardware ranks: [[0]], node groups: ['cluster'].
[INFO 08:27:06 FlexiblePlacementStrategy] 
[INFO 08:27:06 FlexiblePlacementStrategy] Using flexible placement with hardware ranks: [[0]], node groups: ['cluster'].
[INFO 08:27:06 FlexiblePlacementStrategy] 
[INFO 08:27:06 FlexiblePlacementStrategy] Using flexible placement with hardware ranks: [[0]], node groups: ['cluster'].
[INFO 08:27:06 FlexiblePlacementStrategy] 
[INFO 08:27:06 FlexiblePlacementStrategy] Using flexible placement with hardware ranks: [[0]], node groups: ['cluster'].
[INFO 08:27:06 FlexiblePlacementStrategy] 
[INFO 08:27:06 FlexiblePlacementStrategy] Using flexible placement with hardware ranks: [[0]], node groups: ['cluster'].
{
  "env": {
    "train": {
      "env_type": "maniskill_rlt",
      "total_num_envs": 16,
      "wrap_obs_mode": "rlt_openpi_joint",
      "use_full_state": false,
      "auto_reset": false,
      "ignore_terminations": false,
      "use_rel_reward": false,
      "reward_mode": "only_success",
      "seed": 2026,
      "group_size": 1,
      "use_fixed_reset_state_ids": false,
      "max_steps_per_rollout_epoch": 500,
      "max_episode_steps": 500,
      "rlt_policy_switch": {
        "enable": false,
        "task_mode": "full_task",
        "trigger_mode": "auto",
        "latch_until_done": true,
        "auto_gate": {
          "require_grasp": true,
          "require_not_success": true,
          "near_hole_x_min": -0.16,
          "near_hole_yz_margin": 1.5,
          "fallback_hole_radius": 0.03
        },
        "expert_takeover": {
          "enable": false,
          "trigger_mode": "stalled_progress",
          "gate": {
            "require_grasp": true,
            "require_not_success": true,
            "near_hole_x_min": -0.1,
            "near_hole_yz_margin": 2.0,
            "stuck_chunks_before_takeover": 3,
            "min_x_progress": 0.003,
            "min_yz_progress": 0.0015,
            "min_score_progress": 0.002,
            "progress_yz_weight": 1.0,
            "fallback_hole_radius": 0.03
          }
        }
      },
      "video_cfg": {
        "save_video": false,
        "info_on_video": true,
        "fps": 10,
        "record_every": 1,
        "video_base_dir": "/dev/shm/qualia-stage5/results/d1/stage5b-reference-a-l40s-seed2026-20260804-r2/video/train"
      },
      "enable_offload": false,
      "init_params": {
        "id": "PegInsertionSideWideClearance-v1",
        "num_envs": null,
        "obs_mode": "rgb",
        "control_mode": "pd_joint_delta_pos",
        "sim_backend": "gpu",
        "reward_mode": "sparse",
        "sim_config": {
          "sim_freq": 100,
          "control_freq": 10
        },
        "max_episode_steps": 500,
        "sensor_configs": {
          "shader_pack": "default",
          "width": 384,
          "height": 384
        },
        "render_mode": "all"
      },
      "rollout_epoch": 4,
      "action_dim": 8,
      "num_action_chunks": 10,
      "ref_num_action_chunks": 10
    },
    "eval": {
      "env_type": "maniskill_rlt",
      "total_num_envs": 16,
      "wrap_obs_mode": "rlt_openpi_joint",
      "use_full_state": false,
      "auto_reset": false,
      "ignore_terminations": false,
      "use_rel_reward": false,
      "reward_mode": "only_success",
      "seed": 2026,
      "group_size": 1,
      "use_fixed_reset_state_ids": true,
      "max_steps_per_rollout_epoch": 500,
      "max_episode_steps": 500,
      "rlt_policy_switch": {
        "enable": false,
        "task_mode": "full_task",
        "trigger_mode": "auto",
        "latch_until_done": true,
        "auto_gate": {
          "require_grasp": true,
          "require_not_success": true,
          "near_hole_x_min": -0.16,
          "near_hole_yz_margin": 1.5,
          "fallback_hole_radius": 0.03
        },
        "expert_takeover": {
          "enable": false,
          "trigger_mode": "stalled_progress",
          "gate": {
            "require_grasp": true,
            "require_not_success": true,
            "near_hole_x_min": -0.1,
            "near_hole_yz_margin": 2.0,
            "stuck_chunks_before_takeover": 3,
            "min_x_progress": 0.003,
            "min_yz_progress": 0.0015,
            "min_score_progress": 0.002,
            "progress_yz_weight": 1.0,
            "fallback_hole_radius": 0.03
          }
        }
      },
      "video_cfg": {
        "save_video": false,
        "info_on_video": true,
        "fps": 10,
        "record_every": 1,
        "video_base_dir": "/dev/shm/qualia-stage5/results/d1/stage5b-reference-a-l40s-seed2026-20260804-r2/video/eval"
      },
      "enable_offload": false,
      "init_params": {
        "id": "PegInsertionSideWideClearance-v1",
        "num_envs": null,
        "obs_mode": "rgb",
        "control_mode": "pd_joint_delta_pos",
        "sim_backend": "gpu",
        "reward_mode": "sparse",
        "sim_config": {
          "sim_freq": 100,
          "control_freq": 10
        },
        "max_episode_steps": 500,
        "sensor_configs": {
          "shader_pack": "default",
          "width": 384,
          "height": 384
        },
        "render_mode": "all"
      },
      "rollout_epoch": 16,
      "policy_mode": "eval",
      "action_dim": 8,
      "num_action_chunks": 10,
      "ref_num_action_chunks": 10
    },
    "group_name": "EnvGroup"
  },
  "actor": {
    "fsdp_config": {
      "strategy": "fsdp",
      "sharding_strategy": "no_shard",
      "gradient_checkpointing": false,
      "cpu_offload": false,
      "offload_pin_memory": false,
      "reshard_after_forward": true,
      "enable_gradient_accumulation": true,
      "forward_prefetch": false,
      "limit_all_gathers": false,
      "backward_prefetch": null,
      "use_orig_params": false,
      "use_liger_kernel": false,
      "mixed_precision": {
        "param_dtype": "fp32",
        "reduce_dtype": "fp32",
        "buffer_dtype": "fp32"
      },
      "amp_autocast": {
        "enabled": false,
        "precision": "bf16"
      },
      "grad_scaler": {
        "enabled": false,
        "init_scale": null,
        "growth_interval": null
      }
    },
    "group_name": "ActorGroup",
    "training_backend": "fsdp",
    "micro_batch_size": 128,
    "global_batch_size": 512,
    "seed": 2026,
    "enable_offload": true,
    "model": {
      "model_type": "rlt_mlp_policy",
      "precision": "fp32",
      "policy_setup": "panda-qpos",
      "action_dim": 8,
      "num_action_chunks": 10,
      "ref_num_action_chunks": 10,
      "z_dim": 2048,
      "proprio_dim": 9,
      "add_value_head": false,
      "add_q_head": true,
      "q_head_type": "default",
      "fixed_std": 0.002,
      "is_lora": false,
      "lora_rank": 32
    },
    "optim": {
      "clip_grad": 10.0,
      "lr": 0.0001,
      "lr_scheduler": "torch_constant"
    },
    "critic_optim": {
      "clip_grad": 10.0,
      "lr": 0.0001,
      "lr_scheduler": "torch_constant"
    }
  },
  "weight_syncer": {
    "type": "patch",
    "patch": {
      "snapshot_device": "cpu",
      "delta_encoding": true,
      "compression": "none",
      "init_sync": {
        "enabled": true,
        "prefixes": null,
        "bucket_size": 134217728
      },
      "transport_device": "cpu"
    }
  },
  "cluster": {
    "num_nodes": 1,
    "component_placement": {
      "actor": "0-0",
      "env": "all",
      "rollout": "all"
    }
  },
  "runner": {
    "task_type": "embodied",
    "logger": {
      "log_path": "/dev/shm/qualia-stage5/results/d1/stage5b-reference-a-l40s-seed2026-20260804-r2",
      "project_name": "qualia-rlt-d1",
      "experiment_name": "maniskill_rlt_stage2_ac_mlp",
      "logger_backends": [
        "wandb"
      ]
    },
    "max_epochs": 5000,
    "max_steps": 1,
    "only_eval": false,
    "weight_sync_interval": 1,
    "val_check_interval": 1,
    "save_interval": -1,
    "resume_dir": null,
    "ckpt_path": null,
    "per_worker_log": false,
    "per_worker_log_path": null,
    "overlap_env_bootstrap": false
  },
  "algorithm": {
    "update_epoch": 5,
    "rlt_schedule": {
      "enable": true,
      "max_updates_per_train_step": 400,
      "warmup_min_size": 10000,
      "warmup_post_collect_updates": 30000,
      "train_every_episodes": 0,
      "train_every_transitions": 5
    },
    "group_size": 1,
    "adv_type": "embodied_sac",
    "loss_type": "rlt_ac",
    "loss_agg_func": "token-mean",
    "agg_q": "min",
    "actor_agg_q": "q1",
    "enable_drq": false,
    "q_head_type": "default",
    "bootstrap_type": "standard",
    "gamma": 0.96,
    "tau": 0.005,
    "q_weight": 1.0,
    "bc_weight": 1.0,
    "reference_dropout_prob": 0.5,
    "actor_weight_schedule": {
      "enable": true,
      "warmup_updates": 20000,
      "ramp_updates": 50000,
      "warmup_bc_weight": 7,
      "warmup_q_weight": 0.05,
      "online_bc_weight": 2.5,
      "online_q_weight": 0.45
    },
    "entropy_tuning": {
      "alpha_type": "fixed_alpha",
      "initial_alpha": 0.0,
      "optim": {
        "lr": 0.0003,
        "lr_scheduler": "torch_constant",
        "clip_grad": 10.0
      }
    },
    "replay_buffer": {
      "enable_cache": true,
      "cache_size": 10000,
      "sample_window_size": 50000,
      "max_num_samples": 50000,
      "min_buffer_size": 1000,
      "auto_save": false
    },
    "target_update_freq": 1,
    "target_update_type": "all",
    "train_actor_steps": 1000,
    "critic_actor_ratio": 4,
    "critic_subsample_size": 0,
    "backup_entropy": false
  },
  "rollout": {
    "group_name": "RolloutGroup",
    "backend": "huggingface",
    "enable_offload": false,
    "pipeline_stage_num": 1,
    "collect_transitions": true,
    "collect_prev_infos": true,
    "model": {
      "model_type": "rlt_mlp_policy",
      "model_path": "",
      "precision": "fp32",
      "policy_setup": "panda-qpos",
      "action_dim": 8,
      "num_action_chunks": 10,
      "ref_num_action_chunks": 10,
      "z_dim": 2048,
      "proprio_dim": 9,
      "add_q_head": true,
      "q_head_type": "default",
      "fixed_std": 0.002,
      "is_lora": false,
      "lora_rank": 32
    },
    "rlt_feature_model": {
      "model_type": "openpi",
      "model_path": "/workspace/qualia-checkpoints/stage5a-step250/actor",
      "precision": null,
      "num_action_chunks": 10,
      "action_dim": 8,
      "add_value_head": false,
      "is_lora": false,
      "lora_rank": 32,
      "openpi_data": {
        "repo_id": "maniskill_peginsertionside_joint",
        "default_prompt": "insert the peg in the hole",
        "norm_stats_path": "/dev/shm/qualia-assets/maniskill_peginsertionside_joint/norm_stats.json"
      },
      "openpi": {
        "config_name": "pi05_rlt_maniskill_joint",
        "num_images_in_input": 2,
        "action_chunk": 10,
        "action_horizon": 10,
        "action_env_dim": 8,
        "num_steps": 5,
        "train_expert_only": false,
        "add_value_head": false,
        "detach_critic_input": true,
        "use_rlt": true,
        "rlt_alpha": 1.0,
        "rlt_input_dim": 2048,
        "rlt_embed_dim": 2048,
        "rlt_num_rl_tokens": 1,
        "rlt_prefix_seq_len": 1024,
        "rlt_num_layers": 2,
        "rlt_num_heads": 8,
        "rlt_mlp_ratio": 4.0,
        "rlt_encoder_type": "append_self_attention",
        "rlt_image_only": false,
        "rlt_use_mask": true
      }
    },
    "expert_model": null,
    "enable_torch_compile": false,
    "enable_cuda_graph": false
  },
  "reward": {
    "use_reward_model": false
  },
  "critic": {
    "use_critic_model": false
  }
}[INFO 08:27:06 FlexiblePlacementStrategy] 
[INFO 08:27:06 FlexiblePlacementStrategy] Using flexible placement with hardware ranks: [[0]], node groups: ['cluster'].
[INFO 08:27:06 FlexiblePlacementStrategy] 
[INFO 08:27:06 FlexiblePlacementStrategy] Using flexible placement with hardware ranks: [[0]], node groups: ['cluster'].
[INFO 08:27:06 FlexiblePlacementStrategy] 
[INFO 08:27:06 FlexiblePlacementStrategy] Using flexible placement with hardware ranks: [[0]], node groups: ['cluster'].
[INFO 08:27:06 FlexiblePlacementStrategy] Generated 1 placements: [Placement(rank=0, cluster_node_rank=0, placement_node_rank=0, local_accelerator_rank=0, accelerator_type='NV_GPU', local_rank=0, local_world_size=1, visible_accelerators=['0'], isolate_accelerator=True, local_hardware_ranks=[0], node_group_label='cluster')].
[INFO 08:27:06 FlexiblePlacementStrategy] Generated 1 placements: [Placement(rank=0, cluster_node_rank=0, placement_node_rank=0, local_accelerator_rank=0, accelerator_type='NV_GPU', local_rank=0, local_world_size=1, visible_accelerators=['0'], isolate_accelerator=True, local_hardware_ranks=[0], node_group_label='cluster')].
[INFO 08:27:07 FlexiblePlacementStrategy] Generated 1 placements: [Placement(rank=0, cluster_node_rank=0, placement_node_rank=0, local_accelerator_rank=0, accelerator_type='NV_GPU', local_rank=0, local_world_size=1, visible_accelerators=['0'], isolate_accelerator=True, local_hardware_ranks=[0], node_group_label='cluster')].
[INFO 08:27:07 NodePlacementStrategy] 
[INFO 08:27:07 NodePlacementStrategy] Using node placement with node ranks: [0], node groups: ['node'].
[INFO 08:27:07 NodePlacementStrategy] Generated 1 placements: [Placement(rank=0, cluster_node_rank=0, placement_node_rank=0, local_accelerator_rank='0', accelerator_type='NV_GPU', local_rank=0, local_world_size=1, visible_accelerators=['0'], isolate_accelerator=True, local_hardware_ranks=[], node_group_label='cluster')].
[INFO 08:27:07 NodePlacementStrategy] 
[INFO 08:27:07 NodePlacementStrategy] Using node placement with node ranks: [0], node groups: ['node'].
[INFO 08:27:07 NodePlacementStrategy] Generated 1 placements: [Placement(rank=0, cluster_node_rank=0, placement_node_rank=0, local_accelerator_rank='0', accelerator_type='NV_GPU', local_rank=0, local_world_size=1, visible_accelerators=['0'], isolate_accelerator=True, local_hardware_ranks=[], node_group_label='cluster')].
[INFO 08:27:07 NodePlacementStrategy] 
[INFO 08:27:07 NodePlacementStrategy] Using node placement with node ranks: [0], node groups: ['node'].
[INFO 08:27:07 NodePlacementStrategy] Generated 1 placements: [Placement(rank=0, cluster_node_rank=0, placement_node_rank=0, local_accelerator_rank='0', accelerator_type='NV_GPU', local_rank=0, local_world_size=1, visible_accelerators=['0'], isolate_accelerator=True, local_hardware_ranks=[], node_group_label='cluster')].
wandb: [wandb.login()] Loaded credentials for https://api.wandb.ai from /root/.netrc.
wandb: Currently logged in as: mderaznasr (mderaznasr-n-a) to https://api.wandb.ai. Use `wandb login --relogin` to force relogin
wandb: WARNING Using a boolean value for 'reinit' is deprecated. Use 'return_previous' or 'finish_previous' instead.
wandb: setting up run fmfb666c
wandb: Tracking run with wandb version 0.25.0
wandb: Run data is saved locally in /dev/shm/qualia-stage5/results/d1/stage5b-reference-a-l40s-seed2026-20260804-r2/wandb/wandb/run-20260804_082708-fmfb666c
wandb: Run `wandb offline` to turn off syncing.
wandb: Syncing run maniskill_rlt_stage2_ac_mlp
wandb: ⭐️ View project at https://wandb.ai/mderaznasr-n-a/qualia-rlt-d1
wandb: 🚀 View run at https://wandb.ai/mderaznasr-n-a/qualia-rlt-d1/runs/fmfb666c
[36m(MultiStepRolloutWorker pid=145105)[0m [INFO 08:27:12 FlexiblePlacementStrategy] 
[36m(MultiStepRolloutWorker pid=145105)[0m [INFO 08:27:12 FlexiblePlacementStrategy] Using flexible placement with hardware ranks: [[0]], node groups: ['cluster'].
[36m(MultiStepRolloutWorker pid=145105)[0m [INFO 08:27:12 FlexiblePlacementStrategy] 
[36m(MultiStepRolloutWorker pid=145105)[0m [INFO 08:27:12 FlexiblePlacementStrategy] Using flexible placement with hardware ranks: [[0]], node groups: ['cluster'].
[36m(MultiStepRolloutWorker pid=145105)[0m [INFO 08:27:12 FlexiblePlacementStrategy] 
[36m(MultiStepRolloutWorker pid=145105)[0m [INFO 08:27:12 FlexiblePlacementStrategy] Using flexible placement with hardware ranks: [[0]], node groups: ['cluster'].
[36m(pid=145111)[0m WARNING: All log messages before absl::InitializeLog() is called are written to STDERR
[36m(pid=145111)[0m I0000 00:00:1785832032.120488  145111 port.cc:153] oneDNN custom operations are on. You may see slightly different numerical results due to floating-point round-off errors from different computation orders. To turn them off, set the environment variable `TF_ENABLE_ONEDNN_OPTS=0`.
[36m(RLTACFSDPPolicy pid=145100)[0m [INFO 08:27:13 FlexiblePlacementStrategy] 
[36m(RLTACFSDPPolicy pid=145100)[0m [INFO 08:27:13 FlexiblePlacementStrategy] Using flexible placement with hardware ranks: [[0]], node groups: ['cluster'].
[36m(RLTACFSDPPolicy pid=145100)[0m [INFO 08:27:13 FlexiblePlacementStrategy] 
[36m(RLTACFSDPPolicy pid=145100)[0m [INFO 08:27:13 FlexiblePlacementStrategy] Using flexible placement with hardware ranks: [[0]], node groups: ['cluster'].
[36m(RLTACFSDPPolicy pid=145100)[0m [INFO 08:27:13 FlexiblePlacementStrategy] 
[36m(RLTACFSDPPolicy pid=145100)[0m [INFO 08:27:13 FlexiblePlacementStrategy] Using flexible placement with hardware ranks: [[0]], node groups: ['cluster'].
[36m(pid=145111)[0m WARNING: All log messages before absl::InitializeLog() is called are written to STDERR
[36m(pid=145111)[0m I0000 00:00:1785832034.080437  145111 port.cc:153] oneDNN custom operations are on. You may see slightly different numerical results due to floating-point round-off errors from different computation orders. To turn them off, set the environment variable `TF_ENABLE_ONEDNN_OPTS=0`.
[36m(RolloutGroup(rank=0) pid=145105)[0m WARNING: All log messages before absl::InitializeLog() is called are written to STDERR
[36m(RolloutGroup(rank=0) pid=145105)[0m I0000 00:00:1785832034.476870  145797 port.cc:153] oneDNN custom operations are on. You may see slightly different numerical results due to floating-point round-off errors from different computation orders. To turn them off, set the environment variable `TF_ENABLE_ONEDNN_OPTS=0`.
[36m(EnvWorker pid=145111)[0m [INFO 08:27:15 FlexiblePlacementStrategy] 
[36m(EnvWorker pid=145111)[0m [INFO 08:27:15 FlexiblePlacementStrategy] Using flexible placement with hardware ranks: [[0]], node groups: ['cluster'].
[36m(EnvWorker pid=145111)[0m [INFO 08:27:15 FlexiblePlacementStrategy] 
[36m(EnvWorker pid=145111)[0m [INFO 08:27:15 FlexiblePlacementStrategy] Using flexible placement with hardware ranks: [[0]], node groups: ['cluster'].
[36m(EnvWorker pid=145111)[0m [INFO 08:27:15 FlexiblePlacementStrategy] 
[36m(EnvWorker pid=145111)[0m [INFO 08:27:15 FlexiblePlacementStrategy] Using flexible placement with hardware ranks: [[0]], node groups: ['cluster'].
[36m(RolloutGroup(rank=0) pid=145105)[0m WARNING: All log messages before absl::InitializeLog() is called are written to STDERR
[36m(RolloutGroup(rank=0) pid=145105)[0m I0000 00:00:1785832036.286409  145797 port.cc:153] oneDNN custom operations are on. You may see slightly different numerical results due to floating-point round-off errors from different computation orders. To turn them off, set the environment variable `TF_ENABLE_ONEDNN_OPTS=0`.
[36m(EnvGroup(rank=0) pid=145111)[0m INFO:OpenGL.acceleratesupport:No OpenGL_accelerate module loaded: No module named 'OpenGL_accelerate'
[36m(RolloutGroup(rank=0) pid=145105)[0m INFO:datasets:PyTorch version 2.6.0 available.
[36m(RolloutGroup(rank=0) pid=145105)[0m INFO:datasets:Polars version 1.43.2 available.
[36m(RolloutGroup(rank=0) pid=145105)[0m INFO:datasets:TensorFlow version 2.21.0 available.
[36m(RolloutGroup(rank=0) pid=145105)[0m INFO:datasets:JAX version 0.5.3 available.
[36m(EnvGroup(rank=0) pid=145111)[0m /root/qualia/RLinf/.venv/lib/python3.11/site-packages/gymnasium/core.py:311: UserWarning: [33mWARN: env.xyz_configs to get variables from other wrappers is deprecated and will be removed in v1.0, to get this variable you can do `env.unwrapped.xyz_configs` for environment variables or `env.get_wrapper_attr('xyz_configs')` that will search the reminding wrappers.[0m
[36m(EnvGroup(rank=0) pid=145111)[0m   logger.warn(
[36m(RolloutGroup(rank=0) pid=145105)[0m INFO:root:Loaded norm stats from /dev/shm/qualia-assets/maniskill_peginsertionside_joint
[36m(RolloutGroup(rank=0) pid=145105)[0m 
Generating Rollout Epochs:   0%|          | 0/4 [00:00<?, ?it/s]
[36m(RolloutGroup(rank=0) pid=145105)[0m 
Generating Rollout Epochs:  25%|██▌       | 1/4 [01:29<04:29, 89.82s/it]
[36m(RolloutGroup(rank=0) pid=145105)[0m 
Generating Rollout Epochs:  50%|█████     | 2/4 [03:05<03:06, 93.45s/it]
[36m(RolloutGroup(rank=0) pid=145105)[0m 
Generating Rollout Epochs:  75%|███████▌  | 3/4 [04:41<01:34, 94.44s/it]
[36m(RolloutGroup(rank=0) pid=145105)[0m 
Generating Rollout Epochs: 100%|██████████| 4/4 [06:11<00:00, 92.61s/it]
Generating Rollout Epochs: 100%|██████████| 4/4 [06:11<00:00, 92.81s/it]
[36m(RolloutGroup(rank=0) pid=145105)[0m 
Evaluating Rollout Epochs:   0%|          | 0/16 [00:00<?, ?it/s]
[36m(RolloutGroup(rank=0) pid=145105)[0m 
Evaluating Rollout Epochs:   6%|▋         | 1/16 [01:28<22:11, 88.79s/it]
[36m(RolloutGroup(rank=0) pid=145105)[0m 
Evaluating Rollout Epochs:  12%|█▎        | 2/16 [02:57<20:38, 88.48s/it]
[36m(RolloutGroup(rank=0) pid=145105)[0m 
Evaluating Rollout Epochs:  19%|█▉        | 3/16 [04:28<19:25, 89.64s/it]
[36m(RolloutGroup(rank=0) pid=145105)[0m 
Evaluating Rollout Epochs:  25%|██▌       | 4/16 [05:57<17:55, 89.61s/it]
[36m(RolloutGroup(rank=0) pid=145105)[0m 
Evaluating Rollout Epochs:  31%|███▏      | 5/16 [07:32<16:46, 91.46s/it]
[36m(RolloutGroup(rank=0) pid=145105)[0m 
Evaluating Rollout Epochs:  38%|███▊      | 6/16 [09:06<15:25, 92.51s/it]
[36m(RolloutGroup(rank=0) pid=145105)[0m 
Evaluating Rollout Epochs:  44%|████▍     | 7/16 [10:36<13:42, 91.41s/it]
[36m(RolloutGroup(rank=0) pid=145105)[0m 
Evaluating Rollout Epochs:  50%|█████     | 8/16 [12:05<12:05, 90.65s/it]
[36m(RolloutGroup(rank=0) pid=145105)[0m 
Evaluating Rollout Epochs:  56%|█████▋    | 9/16 [13:36<10:35, 90.79s/it]
[36m(RolloutGroup(rank=0) pid=145105)[0m 
Evaluating Rollout Epochs:  62%|██████▎   | 10/16 [15:04<09:00, 90.12s/it]
[36m(RolloutGroup(rank=0) pid=145105)[0m 
Evaluating Rollout Epochs:  69%|██████▉   | 11/16 [16:32<07:26, 89.37s/it]
[36m(RolloutGroup(rank=0) pid=145105)[0m 
Evaluating Rollout Epochs:  75%|███████▌  | 12/16 [18:00<05:55, 88.89s/it]
[36m(RolloutGroup(rank=0) pid=145105)[0m 
Evaluating Rollout Epochs:  81%|████████▏ | 13/16 [19:30<04:27, 89.20s/it]
[36m(RolloutGroup(rank=0) pid=145105)[0m 
Evaluating Rollout Epochs:  88%|████████▊ | 14/16 [20:58<02:58, 89.04s/it]
[36m(RolloutGroup(rank=0) pid=145105)[0m 
Evaluating Rollout Epochs:  94%|█████████▍| 15/16 [22:26<01:28, 88.66s/it]
[36m(RolloutGroup(rank=0) pid=145105)[0m 
Evaluating Rollout Epochs: 100%|██████████| 16/16 [23:58<00:00, 89.49s/it]
Evaluating Rollout Epochs: 100%|██████████| 16/16 [23:58<00:00, 89.88s/it]
wandb: updating run metadata
wandb: uploading output.log; uploading wandb-summary.json; uploading config.yaml
wandb: uploading history steps 0-0, summary, console lines 58-98
wandb: 
wandb: Run history:
wandb:       env/episode_len ▁
wandb:  env/num_trajectories ▁
wandb:            env/return ▁
wandb:            env/reward ▁
wandb:      env/success_once ▁
wandb:      eval/episode_len ▁
wandb: eval/num_trajectories ▁
wandb:           eval/return ▁
wandb:           eval/reward ▁
wandb:     eval/success_once ▁
wandb:                   +43 ...
wandb: 
wandb: Run summary:
wandb:       env/episode_len 500
wandb:  env/num_trajectories 64
wandb:            env/return 0
wandb:            env/reward 0
wandb:      env/success_once 0
wandb:      eval/episode_len 500
wandb: eval/num_trajectories 256
wandb:           eval/return 0
wandb:           eval/reward 0
wandb:     eval/success_once 0
wandb:                   +43 ...
wandb: 
wandb: 🚀 View run maniskill_rlt_stage2_ac_mlp at: https://wandb.ai/mderaznasr-n-a/qualia-rlt-d1/runs/fmfb666c
wandb: ⭐️ View project at: https://wandb.ai/mderaznasr-n-a/qualia-rlt-d1
wandb: Synced 5 W&B file(s), 0 media file(s), 0 artifact file(s) and 0 other file(s)
wandb: Find logs at: /dev/shm/qualia-stage5/results/d1/stage5b-reference-a-l40s-seed2026-20260804-r2/wandb/wandb/run-20260804_082708-fmfb666c/logs

[36m(RLTACFSDPPolicy pid=145100)[0m [INFO 08:27:13 ActorGroup-Rank-0][fsdp_model_manager.py:124] [FSDP] AMP is disabled.
[36m(ActorGroup(rank=0) pid=145100)[0m [INFO 08:28:35 ActorGroup-Rank-0][fsdp_sac_policy_worker.py:92] [FSDP] Gradient checkpointing is disabled
[36m(ActorGroup(rank=0) pid=145100)[0m [WARNING 08:28:35 ActorGroup-Rank-0][replay_buffer.py:263] auto_save is disabled, enabling cache with size 50000

╭──────────────────────────────────────────────────────────────────────────────────────────────────────────────────────╮
├──────────────────────────────────────────────────── Metric Table ────────────────────────────────────────────────────┤
│ Global Step:    1/1 │ Progress: ████████████████████████████████████████ │ 100.0%                                    │
│ Elapsed: 30:13 │ ETA: 00:00 │ Step Time: 1813.042s                                                                   │
├──────────────────────────────────────────────────────── Time ────────────────────────────────────────────────────────┤
│                                                                                                                      │
│actor/actor/compute_adv=3.27e-05       │actor/actor/recv_traj=372.2            │actor/actor/sync_model_to_rollout=0.8…│
│cal_adv_and_returns=0.0036             │env/compute_bootstrap_rewards=0.019    │env/env/bootstrap_step=0.252          │
│env/env/send_rollout_trajectories=0.562│env/env_interact_step=182.5            │env/interact=371.8                    │
│env/run_interact_once=371.8            │eval=1439.5                            │generate_rollouts=372.2               │
│rollout/generate_one_epoch=371.2       │rollout/rollout/generate=371.2         │step=1813.0                           │
│sync_weights=0.992                     │                                       │                                      │
│                                                                                                                      │
├──────────────────────────────────────────────────── Environment ─────────────────────────────────────────────────────┤
│                                                                                                                      │
│episode_len=500.0                      │num_trajectories=64                    │return=0.0                            │
│reward=0.0                             │success_once=0.0                       │                                      │
│                                                                                                                      │
├───────────────────────────────────────────────────── Evaluation ─────────────────────────────────────────────────────┤
│                                                                                                                      │
│episode_len=500.0                      │num_trajectories=256                   │return=0.0                            │
│reward=0.0                             │success_once=0.0                       │                                      │
│                                                                                                                      │
├─────────────────────────────────────────────────── Replay Buffer ────────────────────────────────────────────────────┤
│                                                                                                                      │
